{smcl}
{txt}{sf}{ul off}{.-}
      name:  {res}<unnamed>
       {txt}log:  {res}C:\Users\aljosephson\git\dissertation\e1_gender\logs/building_joint_variables-data.smcl
  {txt}log type:  {res}smcl
 {txt}opened on:  {res}15 Oct 2020, 13:29:28
{txt}
{com}.         
. 
. * **********************************************************************
. * 1 - merge together production PLOT and decision making 
. * **********************************************************************
. 
.         use                     "$fil\production-and-sales\totalproduction-rs_hh_plot.dta", clear
{err}{p 0 4 2}
file C:\Users\aljosephson\Dropbox\Out for Review\Dissertation\Data - LSMS Malawi\_replication2020\production-and-sales\totalproduction-rs_hh_plot.dta
not found
{p_end}
{txt}{search r(601), local:r(601);}

end of do-file

{search r(601), local:r(601);}

{com}. do "C:\Users\ALJOSE~1\AppData\Local\Temp\STD2ea0_000000.tmp"
{txt}
{com}. * Project: Joint Household Resources - Malawi 
. * Created: October 2020
. * Created by: alj
. * Last edit: 14 October 2020
. * Stata v.16.1
. 
. * does
.         * combines files on (1) production, (2) decision making, (3) consumption, (4) geovars, (5) household  
. 
. * assumes
.         * access to data file(s) previously created ... 
. 
. * to do 
.         * all of it 
.         * clean up data files 
.         * code and data can be made available on github and googledrive 
. 
. * **********************************************************************
. * 0 - setup
. * **********************************************************************
. 
. * define
.         global  fil             =       "C:\Users\aljosephson\Dropbox\Out for Review\Dissertation\Data - LSMS Malawi\_replication2020" 
{txt}
{com}.         global  code    =       "C:\Users\aljosephson\git\dissertation\e1_gender\code"
{txt}
{com}.         global  logs    =       "C:\Users\aljosephson\git\dissertation\e1_gender\logs" 
{txt}
{com}. 
. * open log
.         cap log                 close
{smcl}
{com}{sf}{ul off}{smcl}
{com}{sf}{ul off}{txt}{.-}
      name:  {res}<unnamed>
       {txt}log:  {res}C:\Users\aljosephson\git\dissertation\e1_gender\logs/building_joint_variables-data.smcl
  {txt}log type:  {res}smcl
 {txt}opened on:  {res}15 Oct 2020, 13:34:28
{txt}
{com}.         
. 
. * **********************************************************************
. * 1 - merge together production PLOT and decision making 
. * **********************************************************************
. 
.         use                     "$fil\Cleaned_LSMS\rs_hh_plot.dta", clear
{txt}
{com}. 
{txt}end of do-file

{com}. tab year

       {txt}year {c |}      Freq.     Percent        Cum.
{hline 12}{c +}{hline 35}
       2009 {c |}{res}      2,427       26.89       26.89
{txt}       2012 {c |}{res}      2,964       32.83       59.72
{txt}       2015 {c |}{res}      3,636       40.28      100.00
{txt}{hline 12}{c +}{hline 35}
      Total {c |}{res}      9,027      100.00

{com}. merge 1:1 case_id y2_hhid y3_hhid year using "C:\Users\aljosephson\Dropbox\Out for Review\Dissertation\Data - LSMS Malawi\_replication2020\decision-making\decision_wet_all.dta"
{res}{err}variable {bf}year{sf} not found
{txt}{search r(111), local:r(111);}

{com}. use "$fil\decision-making\decision_wet_y1.dta", clear

. tab yera
{err}variable {bf}yera{sf} not found
{txt}{search r(111), local:r(111);}

{com}. do "C:\Users\aljosephson\git\dissertation\e1_gender\code\gender_decision-maker_build-code.do"
{txt}
{com}. * Project: Joint Household Resources - Malawi 
. * Created: October 2020
. * Created by: alj
. * Last edit: 14 October 2020
. * Stata v.16.1
. 
. * does
.         * builds respondent decision maker variable 
.         * just clean up for now - will merge with production data before determining genders (since only need if ACTUALLY produce something)
. 
. * assumes
.         * access to original LSMS data files "AG_MOD_D_*" for each year
. 
. * to do 
.         * code and data can be made available on github and googledrive 
. 
. * **********************************************************************
. * 0 - setup
. * **********************************************************************
. 
. * define
.         global  fil             =       "C:\Users\aljosephson\Dropbox\Out for Review\Dissertation\Data - LSMS Malawi\_replication2020" 
{txt}
{com}.         global  code    =       "C:\Users\aljosephson\git\dissertation\e1_gender\code"
{txt}
{com}.         global  logs    =       "C:\Users\aljosephson\git\dissertation\e1_gender\logs" 
{txt}
{com}. 
. * open log
.         cap log                 close
{smcl}
{com}{sf}{ul off}{smcl}
{com}{sf}{ul off}{txt}{.-}
      name:  {res}<unnamed>
       {txt}log:  {res}C:\Users\aljosephson\git\dissertation\e1_gender\logs/building_joint_variables-data.smcl
  {txt}log type:  {res}smcl
 {txt}opened on:  {res}15 Oct 2020, 13:37:38
{txt}
{com}.         
. 
. * **********************************************************************
. * 1 - merge together production PLOT and decision making 
. * **********************************************************************
. 
.         use                     "$fil\Cleaned_LSMS\rs_hh_plot.dta", clear
{txt}
{com}.         
. 
. 
. * *********************************************************************
. * 3 - end matter
. * **********************************************************************
. 
. compress
  {txt}variable {bf}year{sf} was {bf}{res}float{sf}{txt} now {bf}{res}int{sf}
{txt}  (18,054 bytes saved)

{com}. describe

{txt}Contains data from {res}C:\Users\aljosephson\Dropbox\Out for Review\Dissertation\Data - LSMS Malawi\_replication2020\Cleaned_LSMS\rs_hh_plot.dta
{txt}  obs:{res}         9,027                          
{txt} vars:{res}            66                          15 Oct 2020 11:00
                                              (_dta has notes)
{txt}{hline}
              storage   display    value
variable name   type    format     label      variable label
{hline}
{p 0 48}{res}{bind:case_id        }{txt}{bind: double  }{bind:{txt}%10.0g    }{space 1}{bind:         }{bind:  }{res}{res}IHS3 Baseline case_id as in IHS3 Public Data{p_end}
{p 0 48}{bind:plotid         }{txt}{bind: str4    }{bind:{txt}%9s       }{space 1}{bind:         }{bind:  }{res}{res}Plot ID{p_end}
{p 0 48}{bind:plotsize       }{txt}{bind: float   }{bind:{txt}%9.0g     }{space 1}{bind:         }{bind:  }{res}{res}Plot Size (ha){p_end}
{p 0 48}{bind:plottenure_own }{txt}{bind: byte    }{bind:{txt}%8.0g     }{space 1}{bind:         }{bind:  }{res}{res}Plot is owned{p_end}
{p 0 48}{bind:plottenure_temp}{txt}{bind: byte    }{bind:{txt}%8.0g     }{space 1}{bind:         }{bind:  }{res}{res}Plot is held under short-term arrangement{p_end}
{p 0 48}{bind:plottenure_rent}{txt}{bind: byte    }{bind:{txt}%8.0g     }{space 1}{bind:         }{bind:  }{res}{res}Plot is rented short-term{p_end}
{p 0 48}{bind:plottenure     }{txt}{bind: byte    }{bind:{txt}%24.0g    }{space 1}{txt}plottenure{p_end}
{p 0 48}{space 44}{bind:  }{res}{res}Plot tenure categories{p_end}
{p 0 48}{bind:crop_cash      }{txt}{bind: byte    }{bind:{txt}%8.0g     }{space 1}{bind:         }{bind:  }{res}{res}Plot is planted withcash crops (tobacco, cotton, sunflower, paprika, sugar cane){p_end}
{p 0 48}{bind:soiltype       }{txt}{bind: byte    }{bind:{txt}%20.0g    }{space 1}{bind:soiltype }{bind:  }{res}{res}Predominant soil type of plot{p_end}
{p 0 48}{bind:swc_terrace    }{txt}{bind: byte    }{bind:{txt}%8.0g     }{space 1}{bind:         }{bind:  }{res}{res}Plot has terraces to control erosion{p_end}
{p 0 48}{bind:swc_bund_ec    }{txt}{bind: byte    }{bind:{txt}%8.0g     }{space 1}{bind:         }{bind:  }{res}{res}Plot has bunds to control erosion{p_end}
{p 0 48}{bind:swc_bund_wh    }{txt}{bind: byte    }{bind:{txt}%8.0g     }{space 1}{bind:         }{bind:  }{res}{res}Plot has bunds to harvest water{p_end}
{p 0 48}{bind:swc_bund_any   }{txt}{bind: byte    }{bind:{txt}%8.0g     }{space 1}{bind:         }{bind:  }{res}{res}Plot has bunds{p_end}
{p 0 48}{bind:swc_gabion     }{txt}{bind: byte    }{bind:{txt}%8.0g     }{space 1}{bind:         }{bind:  }{res}{res}Plot has gabions/sandbags to control erosion{p_end}
{p 0 48}{bind:swc_vetiver    }{txt}{bind: byte    }{bind:{txt}%8.0g     }{space 1}{bind:         }{bind:  }{res}{res}Plot has vetiver grass to control erosion{p_end}
{p 0 48}{bind:swc_treebelt   }{txt}{bind: byte    }{bind:{txt}%8.0g     }{space 1}{bind:         }{bind:  }{res}{res}Plot has tree belts to control erosion{p_end}
{p 0 48}{bind:swc_drainage   }{txt}{bind: byte    }{bind:{txt}%8.0g     }{space 1}{bind:         }{bind:  }{res}{res}Plot has drainage ditches to control erosion{p_end}
{p 0 48}{bind:swc_any        }{txt}{bind: byte    }{bind:{txt}%8.0g     }{space 1}{bind:         }{bind:  }{res}{res}Plot has any erosion control structure{p_end}
{p 0 48}{bind:swc_mech       }{txt}{bind: byte    }{bind:{txt}%8.0g     }{space 1}{bind:         }{bind:  }{res}{res}Plot has any mechanical erosion control structure{p_end}
{p 0 48}{bind:swc_bio        }{txt}{bind: byte    }{bind:{txt}%8.0g     }{space 1}{bind:         }{bind:  }{res}{res}Plot has any biological erosion control measures{p_end}
{p 0 48}{bind:slope          }{txt}{bind: byte    }{bind:{txt}%14.0g    }{space 1}{bind:slope    }{bind:  }{res}{res}Predominant slope of plot{p_end}
{p 0 48}{bind:dambo          }{txt}{bind: byte    }{bind:{txt}%9.0g     }{space 1}{bind:         }{bind:  }{res}{res}Plot is in swamp/wetland{p_end}
{p 0 48}{bind:irrigation_any }{txt}{bind: byte    }{bind:{txt}%8.0g     }{space 1}{bind:         }{bind:  }{res}{res}Plot has any system of irrigation{p_end}
{p 0 48}{bind:fert_org_any   }{txt}{bind: byte    }{bind:{txt}%9.0g     }{space 1}{bind:         }{bind:  }{res}{res}Organic fertilizer was applied on plot{p_end}
{p 0 48}{bind:fert_inorg_any }{txt}{bind: byte    }{bind:{txt}%9.0g     }{space 1}{bind:         }{bind:  }{res}{res}Inorganic fertilizer was applied on plot{p_end}
{p 0 48}{bind:fert_inorg_n   }{txt}{bind: byte    }{bind:{txt}%9.0g     }{space 1}{bind:         }{bind:  }{res}{res}Number of applications of inorganic fertilizer on plot{p_end}
{p 0 48}{bind:insecticide_any}{txt}{bind: byte    }{bind:{txt}%9.0g     }{space 1}{bind:         }{bind:  }{res}{res}Insecticide was applied on plot{p_end}
{p 0 48}{bind:herbicide_any  }{txt}{bind: byte    }{bind:{txt}%9.0g     }{space 1}{bind:         }{bind:  }{res}{res}Herbicide was applied on plot{p_end}
{p 0 48}{bind:fungicide_any  }{txt}{bind: byte    }{bind:{txt}%9.0g     }{space 1}{bind:         }{bind:  }{res}{res}Fungicide was applied on plot{p_end}
{p 0 48}{bind:pesticide_any  }{txt}{bind: byte    }{bind:{txt}%9.0g     }{space 1}{bind:         }{bind:  }{res}{res}Any pesticide was applied on plot{p_end}
{p 0 48}{bind:labordays      }{txt}{bind: int     }{bind:{txt}%9.0g     }{space 1}{bind:         }{bind:  }{res}{res}Days of labor on plot{p_end}
{p 0 48}{bind:labordaysimp   }{txt}{bind: float   }{bind:{txt}%9.0g     }{space 1}{bind:         }{bind:  }{res}{res}Days of labor on plot, imputed{p_end}
{p 0 48}{bind:labordays_ha   }{txt}{bind: float   }{bind:{txt}%9.0g     }{space 1}{bind:         }{bind:  }{res}{res}Days of labor per hectare (Days/ha){p_end}
{p 0 48}{bind:labordays_haimp}{txt}{bind: float   }{bind:{txt}%9.0g     }{space 1}{bind:         }{bind:  }{res}{res}Days of labor per hectare (Days/ha), imputed{p_end}
{p 0 48}{bind:hirelabor_any  }{txt}{bind: byte    }{bind:{txt}%9.0g     }{space 1}{bind:         }{bind:  }{res}{res}Any labor hired on plot{p_end}
{p 0 48}{bind:mz_harvest_lo~s}{txt}{bind: byte    }{bind:{txt}%9.0g     }{space 1}{bind:         }{bind:  }{res}{res}Maize harvest area less than maize planted area{p_end}
{p 0 48}{bind:harvest_losses }{txt}{bind: byte    }{bind:{txt}%9.0g     }{space 1}{bind:         }{bind:  }{res}{res}Harvest area less than planted area{p_end}
{p 0 48}{bind:intercrop_leg~e}{txt}{bind: byte    }{bind:{txt}%9.0g     }{space 1}{bind:         }{bind:  }{res}{res}Plot was intercropped with legumes{p_end}
{p 0 48}{bind:mz_harvest     }{txt}{bind: double  }{bind:{txt}%9.0g     }{space 1}{bind:         }{bind:  }{res}{res}Maize harvest quantity (kg){p_end}
{p 0 48}{bind:mz_harvestimp  }{txt}{bind: float   }{bind:{txt}%9.0g     }{space 1}{bind:         }{bind:  }{res}{res}Maize harvest quantity (kg), imputed{p_end}
{p 0 48}{bind:mz_yield       }{txt}{bind: float   }{bind:{txt}%9.0g     }{space 1}{bind:         }{bind:  }{res}{res}Maize yield (kg/ha){p_end}
{p 0 48}{bind:mz_yieldimp    }{txt}{bind: float   }{bind:{txt}%9.0g     }{space 1}{bind:         }{bind:  }{res}{res}Maize yield (kg/ha), imputed{p_end}
{p 0 48}{bind:harvest_value  }{txt}{bind: double  }{bind:{txt}%9.0g     }{space 1}{bind:         }{bind:  }{res}{res}Value of harvest (MWK){p_end}
{p 0 48}{bind:harvest_va~eimp}{txt}{bind: float   }{bind:{txt}%9.0g     }{space 1}{bind:         }{bind:  }{res}{res}Value of harvest (MWK), imputed{p_end}
{p 0 48}{bind:harvest_valueha}{txt}{bind: float   }{bind:{txt}%9.0g     }{space 1}{bind:         }{bind:  }{res}{res}Value of harvest per hectare (MWK/ha){p_end}
{p 0 48}{bind:harvest_va~aimp}{txt}{bind: float   }{bind:{txt}%9.0g     }{space 1}{bind:         }{bind:  }{res}{res}Value of harvest per hectare (MWK/ha), imputed{p_end}
{p 0 48}{bind:year           }{txt}{bind: int     }{bind:{txt}%9.0g     }{space 1}{bind:         }{bind:  }{res}{res}{p_end}
{p 0 48}{bind:y2_hhid        }{txt}{bind: str8    }{bind:{txt}%9s       }{space 1}{bind:         }{bind:  }{res}{res}Unique Household Identification IHPS{p_end}
{p 0 48}{bind:cultivated     }{txt}{bind: byte    }{bind:{txt}%9.0g     }{space 1}{bind:         }{bind:  }{res}{res}Plot was cultivated during the rainy season{p_end}
{p 0 48}{bind:weedings_n     }{txt}{bind: byte    }{bind:{txt}%9.0g     }{space 1}{bind:         }{bind:  }{res}{res}Number of weedings on plot{p_end}
{p 0 48}{bind:covercrop_any  }{txt}{bind: byte    }{bind:{txt}%8.0g     }{space 1}{bind:         }{bind:  }{res}{res}Any cover crop present on plot prior to cultivation in reference rainy season{p_end}
{p 0 48}{bind:residue_cutsp~d}{txt}{bind: byte    }{bind:{txt}%8.0g     }{space 1}{bind:         }{bind:  }{res}{res}Crop residue was cut and spread on plot prior to reference rainy season{p_end}
{p 0 48}{bind:tilltype_redu~d}{txt}{bind: byte    }{bind:{txt}%8.0g     }{space 1}{bind:         }{bind:  }{res}{res}Plot was tilled with reduced tillage methods{p_end}
{p 0 48}{bind:tilltype_anySLM}{txt}{bind: byte    }{bind:{txt}%8.0g     }{space 1}{bind:         }{bind:  }{res}{res}Plot was tilled with any SLM tillage method{p_end}
{p 0 48}{bind:tilltool_trac~r}{txt}{bind: byte    }{bind:{txt}%8.0g     }{space 1}{bind:         }{bind:  }{res}{res}Plot preparation used any tractor power{p_end}
{p 0 48}{bind:tilltool_drau~t}{txt}{bind: byte    }{bind:{txt}%8.0g     }{space 1}{bind:         }{bind:  }{res}{res}Plot preparation used any draught power{p_end}
{p 0 48}{bind:neighbors_agfo }{txt}{bind: byte    }{bind:{txt}%9.0g     }{space 1}{bind:         }{bind:  }{res}{res}Household number of neighbors that have invested in agroforestry{p_end}
{p 0 48}{bind:neighbors_agf~y}{txt}{bind: byte    }{bind:{txt}%9.0g     }{space 1}{bind:         }{bind:  }{res}{res}Household has any neighbors that have invested in agroforestry{p_end}
{p 0 48}{bind:neighbors_min~l}{txt}{bind: byte    }{bind:{txt}%9.0g     }{space 1}{bind:         }{bind:  }{res}{res}Household number of neighbors that have ever practiced zero/minimum tillage{p_end}
{p 0 48}{bind:neighbors_min~y}{txt}{bind: byte    }{bind:{txt}%9.0g     }{space 1}{bind:         }{bind:  }{res}{res}Household has any neighbors that have ever practiced zero/minimum tillage{p_end}
{p 0 48}{bind:neighbors_cov~p}{txt}{bind: byte    }{bind:{txt}%9.0g     }{space 1}{bind:         }{bind:  }{res}{res}Household number of neighbors that use cover crops/mulches{p_end}
{p 0 48}{bind:neighbors_cov~y}{txt}{bind: byte    }{bind:{txt}%9.0g     }{space 1}{bind:         }{bind:  }{res}{res}Household has any neighbors that use cover crops/mulches{p_end}
{p 0 48}{bind:neighbors_swc  }{txt}{bind: byte    }{bind:{txt}%9.0g     }{space 1}{bind:         }{bind:  }{res}{res}Household number of neighbors that have invested in soil & water conservation{p_end}
{p 0 48}{bind:neighbors_swc~y}{txt}{bind: byte    }{bind:{txt}%9.0g     }{space 1}{bind:         }{bind:  }{res}{res}Household has any neighbors that have invested in soil & water conservation{p_end}
{p 0 48}{bind:y3_hhid        }{txt}{bind: str8    }{bind:{txt}%9s       }{space 1}{bind:         }{bind:  }{res}{res}Unique Household Identification IHS4{p_end}
{p 0 48}{bind:gardenid       }{txt}{bind: str4    }{bind:{txt}%9s       }{space 1}{bind:         }{bind:  }{res}{res}Garden ID{p_end}
{txt}{hline}
Sorted by: 
{res}     Note: Dataset has changed since last saved.
{txt}
{com}. summarize 

{txt}    Variable {c |}        Obs        Mean    Std. Dev.       Min        Max
{hline 13}{c +}{hline 57}
{space 5}case_id {c |}{res}      2,427    2.38e+11    6.59e+10   1.01e+11   3.16e+11
{txt}{space 6}plotid {c |}{res}          0
{txt}{space 4}plotsize {c |}{res}      9,027    .3543804    .3227719   .0040469   3.897123
{txt}plottenure~n {c |}{res}      9,027    .8640744    .3427285          0          1
{txt}plottenure~p {c |}{res}      9,027    .1354824    .3422571          0          1
{txt}{hline 13}{c +}{hline 57}
plottenure~t {c |}{res}      9,027    .0978177    .2970844          0          1
{txt}{space 2}plottenure {c |}{res}      9,023    4.915217    4.198655          1         13
{txt}{space 3}crop_cash {c |}{res}      9,027    .0902847    .2866051          0          1
{txt}{space 4}soiltype {c |}{res}      9,027    2.059267    .6714471          1          3
{txt}{space 1}swc_terrace {c |}{res}      9,027     .048078    .2139429          0          1
{txt}{hline 13}{c +}{hline 57}
{space 1}swc_bund_ec {c |}{res}      9,027    .2455965    .4304642          0          1
{txt}{space 1}swc_bund_wh {c |}{res}      9,027    .0363354    .1871338          0          1
{txt}swc_bund_any {c |}{res}      9,027    .2761715    .4471274          0          1
{txt}{space 2}swc_gabion {c |}{res}      9,027    .0100809    .0999017          0          1
{txt}{space 1}swc_vetiver {c |}{res}      9,027    .0774344    .2672942          0          1
{txt}{hline 13}{c +}{hline 57}
swc_treebelt {c |}{res}      9,027    .0121857    .1097201          0          1
{txt}swc_drainage {c |}{res}      9,027    .0417636    .2000596          0          1
{txt}{space 5}swc_any {c |}{res}      9,027    .4395702    .4963623          0          1
{txt}{space 4}swc_mech {c |}{res}      9,027    .3690041    .4825618          0          1
{txt}{space 5}swc_bio {c |}{res}      9,027    .0882907    .2837329          0          1
{txt}{hline 13}{c +}{hline 57}
{space 7}slope {c |}{res}      9,027    1.591891    .7609549          1          4
{txt}{space 7}dambo {c |}{res}      9,027    .0928326    .2902138          0          1
{txt}irrigation~y {c |}{res}      9,027    .0099701    .0993568          0          1
{txt}fert_org_any {c |}{res}      9,027    .1609616    .3675158          0          1
{txt}fert_inorg~y {c |}{res}      9,027    .6218013    .4849644          0          1
{txt}{hline 13}{c +}{hline 57}
fert_inorg_n {c |}{res}      9,027    .8950925     .800347          0          2
{txt}insecticid~y {c |}{res}      9,027    .0183893    .1343619          0          1
{txt}herbicide_~y {c |}{res}      9,027    .0096378    .0977032          0          1
{txt}fungicide_~y {c |}{res}      9,027    .0006647    .0257741          0          1
{txt}pesticide_~y {c |}{res}      9,027    .0299103    .1703492          0          1
{txt}{hline 13}{c +}{hline 57}
{space 3}labordays {c |}{res}      9,027    67.94782    54.15687          0        720
{txt}labordaysimp {c |}{res}      9,027    66.97312    53.99083          0        720
{txt}labordays_ha {c |}{res}      9,027    339.2005    744.3993          0   27922.91
{txt}labordays_~p {c |}{res}      9,027    283.2023     291.978          0    6424.74
{txt}hirelabor_~y {c |}{res}      9,027     .323474    .4678278          0          1
{txt}{hline 13}{c +}{hline 57}
mz_harvest~s {c |}{res}      6,424    .5952677    .4908784          0          1
{txt}harvest_lo~s {c |}{res}      9,027    .5750526    .4943624          0          1
{txt}intercrop_~e {c |}{res}      9,027    .2777224    .4479005          0          1
{txt}{space 2}mz_harvest {c |}{res}      8,315    391.7335    1738.392          0     111888
{txt}mz_harvest~p {c |}{res}      8,315    342.7844    620.2383          0    15987.5
{txt}{hline 13}{c +}{hline 57}
{space 4}mz_yield {c |}{res}      8,315    1502.567    9343.512          0   691203.2
{txt}{space 1}mz_yieldimp {c |}{res}      8,315    1111.104    1665.351          0   38189.11
{txt}harvest_va~e {c |}{res}      9,027    58241.38    290013.5          0   2.10e+07
{txt}harvest~eimp {c |}{res}      9,027     49555.2    102220.2          0    3333333
{txt}harvest_va~a {c |}{res}      9,027    229070.1     1516486          0   1.30e+08
{txt}{hline 13}{c +}{hline 57}
harvest~aimp {c |}{res}      9,027    172632.8    243433.5          0    3993076
{txt}{space 8}year {c |}{res}      9,027    2012.402    2.425712       2009       2015
{txt}{space 5}y2_hhid {c |}{res}          0
{txt}{space 2}cultivated {c |}{res}      6,600    .9974242    .0506904          0          1
{txt}{space 2}weedings_n {c |}{res}      6,600    1.816667    1.185619          0         27
{txt}{hline 13}{c +}{hline 57}
covercrop_~y {c |}{res}      6,600    .2248485    .4175141          0          1
{txt}residue_cu~d {c |}{res}      6,600    .0716667    .2579547          0          1
{txt}tilltype_r~d {c |}{res}      6,600    .0372727    .1894437          0          1
{txt}tilltype_a~M {c |}{res}      6,600    .0801515    .2715482          0          1
{txt}tilltool_t~r {c |}{res}      6,600    .0015152    .0388984          0          1
{txt}{hline 13}{c +}{hline 57}
tilltool_d~t {c |}{res}      6,600    .0066667    .0813832          0          1
{txt}neighbors_~o {c |}{res}      2,958    1.221433    3.911775          0         72
{txt}neighb~o_any {c |}{res}      2,964    .2661943    .4420417          0          1
{txt}neighbors_~l {c |}{res}      2,958    .8850575    3.415085          0         50
{txt}neighb~l_any {c |}{res}      2,964    .1595816    .3662794          0          1
{txt}{hline 13}{c +}{hline 57}
neighbors_~p {c |}{res}      2,958    4.283638    10.43033          0         99
{txt}neighb~p_any {c |}{res}      2,964    .3863023    .4869834          0          1
{txt}neighbors_~c {c |}{res}      2,957    3.928306    7.422691          0         80
{txt}neighb~c_any {c |}{res}      2,964    .5010121    .5000833          0          1
{txt}{space 5}y3_hhid {c |}{res}          0
{txt}{hline 13}{c +}{hline 57}
{space 4}gardenid {c |}{res}          0
{txt}
{com}. 
. * close the log
.         log     close   
      {txt}name:  {res}<unnamed>
       {txt}log:  {res}C:\Users\aljosephson\git\dissertation\e1_gender\logs/building_joint_variables-data.smcl
  {txt}log type:  {res}smcl
 {txt}closed on:  {res}15 Oct 2020, 13:37:38
{txt}{.-}
{smcl}
{txt}{sf}{ul off}{smcl}
{com}{sf}{ul off}{txt}{.-}
      name:  {res}<unnamed>
       {txt}log:  {res}C:\Users\aljosephson\git\dissertation\e1_gender\logs/building_joint_variables-data.smcl
  {txt}log type:  {res}smcl
 {txt}opened on:  {res}15 Oct 2020, 13:38:33
{txt}
{com}.         
. 
. * **********************************************************************
. * 1 - merge together production PLOT and decision making 
. * **********************************************************************
. 
.         use                     "$fil\Cleaned_LSMS\rs_hh_plot.dta", clear
{txt}
{com}.         
. 
. 
. * *********************************************************************
. * 3 - end matter
. * **********************************************************************
. 
. compress
  {txt}variable {bf}year{sf} was {bf}{res}float{sf}{txt} now {bf}{res}int{sf}
{txt}  (18,054 bytes saved)

{com}. describe

{txt}Contains data from {res}C:\Users\aljosephson\Dropbox\Out for Review\Dissertation\Data - LSMS Malawi\_replication2020\Cleaned_LSMS\rs_hh_plot.dta
{txt}  obs:{res}         9,027                          
{txt} vars:{res}            66                          15 Oct 2020 11:00
                                              (_dta has notes)
{txt}{hline}
              storage   display    value
variable name   type    format     label      variable label
{hline}
{p 0 48}{res}{bind:case_id        }{txt}{bind: double  }{bind:{txt}%10.0g    }{space 1}{bind:         }{bind:  }{res}{res}IHS3 Baseline case_id as in IHS3 Public Data{p_end}
{p 0 48}{bind:plotid         }{txt}{bind: str4    }{bind:{txt}%9s       }{space 1}{bind:         }{bind:  }{res}{res}Plot ID{p_end}
{p 0 48}{bind:plotsize       }{txt}{bind: float   }{bind:{txt}%9.0g     }{space 1}{bind:         }{bind:  }{res}{res}Plot Size (ha){p_end}
{p 0 48}{bind:plottenure_own }{txt}{bind: byte    }{bind:{txt}%8.0g     }{space 1}{bind:         }{bind:  }{res}{res}Plot is owned{p_end}
{p 0 48}{bind:plottenure_temp}{txt}{bind: byte    }{bind:{txt}%8.0g     }{space 1}{bind:         }{bind:  }{res}{res}Plot is held under short-term arrangement{p_end}
{p 0 48}{bind:plottenure_rent}{txt}{bind: byte    }{bind:{txt}%8.0g     }{space 1}{bind:         }{bind:  }{res}{res}Plot is rented short-term{p_end}
{p 0 48}{bind:plottenure     }{txt}{bind: byte    }{bind:{txt}%24.0g    }{space 1}{txt}plottenure{p_end}
{p 0 48}{space 44}{bind:  }{res}{res}Plot tenure categories{p_end}
{p 0 48}{bind:crop_cash      }{txt}{bind: byte    }{bind:{txt}%8.0g     }{space 1}{bind:         }{bind:  }{res}{res}Plot is planted withcash crops (tobacco, cotton, sunflower, paprika, sugar cane){p_end}
{p 0 48}{bind:soiltype       }{txt}{bind: byte    }{bind:{txt}%20.0g    }{space 1}{bind:soiltype }{bind:  }{res}{res}Predominant soil type of plot{p_end}
{p 0 48}{bind:swc_terrace    }{txt}{bind: byte    }{bind:{txt}%8.0g     }{space 1}{bind:         }{bind:  }{res}{res}Plot has terraces to control erosion{p_end}
{p 0 48}{bind:swc_bund_ec    }{txt}{bind: byte    }{bind:{txt}%8.0g     }{space 1}{bind:         }{bind:  }{res}{res}Plot has bunds to control erosion{p_end}
{p 0 48}{bind:swc_bund_wh    }{txt}{bind: byte    }{bind:{txt}%8.0g     }{space 1}{bind:         }{bind:  }{res}{res}Plot has bunds to harvest water{p_end}
{p 0 48}{bind:swc_bund_any   }{txt}{bind: byte    }{bind:{txt}%8.0g     }{space 1}{bind:         }{bind:  }{res}{res}Plot has bunds{p_end}
{p 0 48}{bind:swc_gabion     }{txt}{bind: byte    }{bind:{txt}%8.0g     }{space 1}{bind:         }{bind:  }{res}{res}Plot has gabions/sandbags to control erosion{p_end}
{p 0 48}{bind:swc_vetiver    }{txt}{bind: byte    }{bind:{txt}%8.0g     }{space 1}{bind:         }{bind:  }{res}{res}Plot has vetiver grass to control erosion{p_end}
{p 0 48}{bind:swc_treebelt   }{txt}{bind: byte    }{bind:{txt}%8.0g     }{space 1}{bind:         }{bind:  }{res}{res}Plot has tree belts to control erosion{p_end}
{p 0 48}{bind:swc_drainage   }{txt}{bind: byte    }{bind:{txt}%8.0g     }{space 1}{bind:         }{bind:  }{res}{res}Plot has drainage ditches to control erosion{p_end}
{p 0 48}{bind:swc_any        }{txt}{bind: byte    }{bind:{txt}%8.0g     }{space 1}{bind:         }{bind:  }{res}{res}Plot has any erosion control structure{p_end}
{p 0 48}{bind:swc_mech       }{txt}{bind: byte    }{bind:{txt}%8.0g     }{space 1}{bind:         }{bind:  }{res}{res}Plot has any mechanical erosion control structure{p_end}
{p 0 48}{bind:swc_bio        }{txt}{bind: byte    }{bind:{txt}%8.0g     }{space 1}{bind:         }{bind:  }{res}{res}Plot has any biological erosion control measures{p_end}
{p 0 48}{bind:slope          }{txt}{bind: byte    }{bind:{txt}%14.0g    }{space 1}{bind:slope    }{bind:  }{res}{res}Predominant slope of plot{p_end}
{p 0 48}{bind:dambo          }{txt}{bind: byte    }{bind:{txt}%9.0g     }{space 1}{bind:         }{bind:  }{res}{res}Plot is in swamp/wetland{p_end}
{p 0 48}{bind:irrigation_any }{txt}{bind: byte    }{bind:{txt}%8.0g     }{space 1}{bind:         }{bind:  }{res}{res}Plot has any system of irrigation{p_end}
{p 0 48}{bind:fert_org_any   }{txt}{bind: byte    }{bind:{txt}%9.0g     }{space 1}{bind:         }{bind:  }{res}{res}Organic fertilizer was applied on plot{p_end}
{p 0 48}{bind:fert_inorg_any }{txt}{bind: byte    }{bind:{txt}%9.0g     }{space 1}{bind:         }{bind:  }{res}{res}Inorganic fertilizer was applied on plot{p_end}
{p 0 48}{bind:fert_inorg_n   }{txt}{bind: byte    }{bind:{txt}%9.0g     }{space 1}{bind:         }{bind:  }{res}{res}Number of applications of inorganic fertilizer on plot{p_end}
{p 0 48}{bind:insecticide_any}{txt}{bind: byte    }{bind:{txt}%9.0g     }{space 1}{bind:         }{bind:  }{res}{res}Insecticide was applied on plot{p_end}
{p 0 48}{bind:herbicide_any  }{txt}{bind: byte    }{bind:{txt}%9.0g     }{space 1}{bind:         }{bind:  }{res}{res}Herbicide was applied on plot{p_end}
{p 0 48}{bind:fungicide_any  }{txt}{bind: byte    }{bind:{txt}%9.0g     }{space 1}{bind:         }{bind:  }{res}{res}Fungicide was applied on plot{p_end}
{p 0 48}{bind:pesticide_any  }{txt}{bind: byte    }{bind:{txt}%9.0g     }{space 1}{bind:         }{bind:  }{res}{res}Any pesticide was applied on plot{p_end}
{p 0 48}{bind:labordays      }{txt}{bind: int     }{bind:{txt}%9.0g     }{space 1}{bind:         }{bind:  }{res}{res}Days of labor on plot{p_end}
{p 0 48}{bind:labordaysimp   }{txt}{bind: float   }{bind:{txt}%9.0g     }{space 1}{bind:         }{bind:  }{res}{res}Days of labor on plot, imputed{p_end}
{p 0 48}{bind:labordays_ha   }{txt}{bind: float   }{bind:{txt}%9.0g     }{space 1}{bind:         }{bind:  }{res}{res}Days of labor per hectare (Days/ha){p_end}
{p 0 48}{bind:labordays_haimp}{txt}{bind: float   }{bind:{txt}%9.0g     }{space 1}{bind:         }{bind:  }{res}{res}Days of labor per hectare (Days/ha), imputed{p_end}
{p 0 48}{bind:hirelabor_any  }{txt}{bind: byte    }{bind:{txt}%9.0g     }{space 1}{bind:         }{bind:  }{res}{res}Any labor hired on plot{p_end}
{p 0 48}{bind:mz_harvest_lo~s}{txt}{bind: byte    }{bind:{txt}%9.0g     }{space 1}{bind:         }{bind:  }{res}{res}Maize harvest area less than maize planted area{p_end}
{p 0 48}{bind:harvest_losses }{txt}{bind: byte    }{bind:{txt}%9.0g     }{space 1}{bind:         }{bind:  }{res}{res}Harvest area less than planted area{p_end}
{p 0 48}{bind:intercrop_leg~e}{txt}{bind: byte    }{bind:{txt}%9.0g     }{space 1}{bind:         }{bind:  }{res}{res}Plot was intercropped with legumes{p_end}
{p 0 48}{bind:mz_harvest     }{txt}{bind: double  }{bind:{txt}%9.0g     }{space 1}{bind:         }{bind:  }{res}{res}Maize harvest quantity (kg){p_end}
{p 0 48}{bind:mz_harvestimp  }{txt}{bind: float   }{bind:{txt}%9.0g     }{space 1}{bind:         }{bind:  }{res}{res}Maize harvest quantity (kg), imputed{p_end}
{p 0 48}{bind:mz_yield       }{txt}{bind: float   }{bind:{txt}%9.0g     }{space 1}{bind:         }{bind:  }{res}{res}Maize yield (kg/ha){p_end}
{p 0 48}{bind:mz_yieldimp    }{txt}{bind: float   }{bind:{txt}%9.0g     }{space 1}{bind:         }{bind:  }{res}{res}Maize yield (kg/ha), imputed{p_end}
{p 0 48}{bind:harvest_value  }{txt}{bind: double  }{bind:{txt}%9.0g     }{space 1}{bind:         }{bind:  }{res}{res}Value of harvest (MWK){p_end}
{p 0 48}{bind:harvest_va~eimp}{txt}{bind: float   }{bind:{txt}%9.0g     }{space 1}{bind:         }{bind:  }{res}{res}Value of harvest (MWK), imputed{p_end}
{p 0 48}{bind:harvest_valueha}{txt}{bind: float   }{bind:{txt}%9.0g     }{space 1}{bind:         }{bind:  }{res}{res}Value of harvest per hectare (MWK/ha){p_end}
{p 0 48}{bind:harvest_va~aimp}{txt}{bind: float   }{bind:{txt}%9.0g     }{space 1}{bind:         }{bind:  }{res}{res}Value of harvest per hectare (MWK/ha), imputed{p_end}
{p 0 48}{bind:year           }{txt}{bind: int     }{bind:{txt}%9.0g     }{space 1}{bind:         }{bind:  }{res}{res}{p_end}
{p 0 48}{bind:y2_hhid        }{txt}{bind: str8    }{bind:{txt}%9s       }{space 1}{bind:         }{bind:  }{res}{res}Unique Household Identification IHPS{p_end}
{p 0 48}{bind:cultivated     }{txt}{bind: byte    }{bind:{txt}%9.0g     }{space 1}{bind:         }{bind:  }{res}{res}Plot was cultivated during the rainy season{p_end}
{p 0 48}{bind:weedings_n     }{txt}{bind: byte    }{bind:{txt}%9.0g     }{space 1}{bind:         }{bind:  }{res}{res}Number of weedings on plot{p_end}
{p 0 48}{bind:covercrop_any  }{txt}{bind: byte    }{bind:{txt}%8.0g     }{space 1}{bind:         }{bind:  }{res}{res}Any cover crop present on plot prior to cultivation in reference rainy season{p_end}
{p 0 48}{bind:residue_cutsp~d}{txt}{bind: byte    }{bind:{txt}%8.0g     }{space 1}{bind:         }{bind:  }{res}{res}Crop residue was cut and spread on plot prior to reference rainy season{p_end}
{p 0 48}{bind:tilltype_redu~d}{txt}{bind: byte    }{bind:{txt}%8.0g     }{space 1}{bind:         }{bind:  }{res}{res}Plot was tilled with reduced tillage methods{p_end}
{p 0 48}{bind:tilltype_anySLM}{txt}{bind: byte    }{bind:{txt}%8.0g     }{space 1}{bind:         }{bind:  }{res}{res}Plot was tilled with any SLM tillage method{p_end}
{p 0 48}{bind:tilltool_trac~r}{txt}{bind: byte    }{bind:{txt}%8.0g     }{space 1}{bind:         }{bind:  }{res}{res}Plot preparation used any tractor power{p_end}
{p 0 48}{bind:tilltool_drau~t}{txt}{bind: byte    }{bind:{txt}%8.0g     }{space 1}{bind:         }{bind:  }{res}{res}Plot preparation used any draught power{p_end}
{p 0 48}{bind:neighbors_agfo }{txt}{bind: byte    }{bind:{txt}%9.0g     }{space 1}{bind:         }{bind:  }{res}{res}Household number of neighbors that have invested in agroforestry{p_end}
{p 0 48}{bind:neighbors_agf~y}{txt}{bind: byte    }{bind:{txt}%9.0g     }{space 1}{bind:         }{bind:  }{res}{res}Household has any neighbors that have invested in agroforestry{p_end}
{p 0 48}{bind:neighbors_min~l}{txt}{bind: byte    }{bind:{txt}%9.0g     }{space 1}{bind:         }{bind:  }{res}{res}Household number of neighbors that have ever practiced zero/minimum tillage{p_end}
{p 0 48}{bind:neighbors_min~y}{txt}{bind: byte    }{bind:{txt}%9.0g     }{space 1}{bind:         }{bind:  }{res}{res}Household has any neighbors that have ever practiced zero/minimum tillage{p_end}
{p 0 48}{bind:neighbors_cov~p}{txt}{bind: byte    }{bind:{txt}%9.0g     }{space 1}{bind:         }{bind:  }{res}{res}Household number of neighbors that use cover crops/mulches{p_end}
{p 0 48}{bind:neighbors_cov~y}{txt}{bind: byte    }{bind:{txt}%9.0g     }{space 1}{bind:         }{bind:  }{res}{res}Household has any neighbors that use cover crops/mulches{p_end}
{p 0 48}{bind:neighbors_swc  }{txt}{bind: byte    }{bind:{txt}%9.0g     }{space 1}{bind:         }{bind:  }{res}{res}Household number of neighbors that have invested in soil & water conservation{p_end}
{p 0 48}{bind:neighbors_swc~y}{txt}{bind: byte    }{bind:{txt}%9.0g     }{space 1}{bind:         }{bind:  }{res}{res}Household has any neighbors that have invested in soil & water conservation{p_end}
{p 0 48}{bind:y3_hhid        }{txt}{bind: str8    }{bind:{txt}%9s       }{space 1}{bind:         }{bind:  }{res}{res}Unique Household Identification IHS4{p_end}
{p 0 48}{bind:gardenid       }{txt}{bind: str4    }{bind:{txt}%9s       }{space 1}{bind:         }{bind:  }{res}{res}Garden ID{p_end}
{txt}{hline}
Sorted by: 
{res}     Note: Dataset has changed since last saved.
{txt}
{com}. summarize 

{txt}    Variable {c |}        Obs        Mean    Std. Dev.       Min        Max
{hline 13}{c +}{hline 57}
{space 5}case_id {c |}{res}      2,427    2.38e+11    6.59e+10   1.01e+11   3.16e+11
{txt}{space 6}plotid {c |}{res}          0
{txt}{space 4}plotsize {c |}{res}      9,027    .3543804    .3227719   .0040469   3.897123
{txt}plottenure~n {c |}{res}      9,027    .8640744    .3427285          0          1
{txt}plottenure~p {c |}{res}      9,027    .1354824    .3422571          0          1
{txt}{hline 13}{c +}{hline 57}
plottenure~t {c |}{res}      9,027    .0978177    .2970844          0          1
{txt}{space 2}plottenure {c |}{res}      9,023    4.915217    4.198655          1         13
{txt}{space 3}crop_cash {c |}{res}      9,027    .0902847    .2866051          0          1
{txt}{space 4}soiltype {c |}{res}      9,027    2.059267    .6714471          1          3
{txt}{space 1}swc_terrace {c |}{res}      9,027     .048078    .2139429          0          1
{txt}{hline 13}{c +}{hline 57}
{space 1}swc_bund_ec {c |}{res}      9,027    .2455965    .4304642          0          1
{txt}{space 1}swc_bund_wh {c |}{res}      9,027    .0363354    .1871338          0          1
{txt}swc_bund_any {c |}{res}      9,027    .2761715    .4471274          0          1
{txt}{space 2}swc_gabion {c |}{res}      9,027    .0100809    .0999017          0          1
{txt}{space 1}swc_vetiver {c |}{res}      9,027    .0774344    .2672942          0          1
{txt}{hline 13}{c +}{hline 57}
swc_treebelt {c |}{res}      9,027    .0121857    .1097201          0          1
{txt}swc_drainage {c |}{res}      9,027    .0417636    .2000596          0          1
{txt}{space 5}swc_any {c |}{res}      9,027    .4395702    .4963623          0          1
{txt}{space 4}swc_mech {c |}{res}      9,027    .3690041    .4825618          0          1
{txt}{space 5}swc_bio {c |}{res}      9,027    .0882907    .2837329          0          1
{txt}{hline 13}{c +}{hline 57}
{space 7}slope {c |}{res}      9,027    1.591891    .7609549          1          4
{txt}{space 7}dambo {c |}{res}      9,027    .0928326    .2902138          0          1
{txt}irrigation~y {c |}{res}      9,027    .0099701    .0993568          0          1
{txt}fert_org_any {c |}{res}      9,027    .1609616    .3675158          0          1
{txt}fert_inorg~y {c |}{res}      9,027    .6218013    .4849644          0          1
{txt}{hline 13}{c +}{hline 57}
fert_inorg_n {c |}{res}      9,027    .8950925     .800347          0          2
{txt}insecticid~y {c |}{res}      9,027    .0183893    .1343619          0          1
{txt}herbicide_~y {c |}{res}      9,027    .0096378    .0977032          0          1
{txt}fungicide_~y {c |}{res}      9,027    .0006647    .0257741          0          1
{txt}pesticide_~y {c |}{res}      9,027    .0299103    .1703492          0          1
{txt}{hline 13}{c +}{hline 57}
{space 3}labordays {c |}{res}      9,027    67.94782    54.15687          0        720
{txt}labordaysimp {c |}{res}      9,027    66.97312    53.99083          0        720
{txt}labordays_ha {c |}{res}      9,027    339.2005    744.3993          0   27922.91
{txt}labordays_~p {c |}{res}      9,027    283.2023     291.978          0    6424.74
{txt}hirelabor_~y {c |}{res}      9,027     .323474    .4678278          0          1
{txt}{hline 13}{c +}{hline 57}
mz_harvest~s {c |}{res}      6,424    .5952677    .4908784          0          1
{txt}harvest_lo~s {c |}{res}      9,027    .5750526    .4943624          0          1
{txt}intercrop_~e {c |}{res}      9,027    .2777224    .4479005          0          1
{txt}{space 2}mz_harvest {c |}{res}      8,315    391.7335    1738.392          0     111888
{txt}mz_harvest~p {c |}{res}      8,315    342.7844    620.2383          0    15987.5
{txt}{hline 13}{c +}{hline 57}
{space 4}mz_yield {c |}{res}      8,315    1502.567    9343.512          0   691203.2
{txt}{space 1}mz_yieldimp {c |}{res}      8,315    1111.104    1665.351          0   38189.11
{txt}harvest_va~e {c |}{res}      9,027    58241.38    290013.5          0   2.10e+07
{txt}harvest~eimp {c |}{res}      9,027     49555.2    102220.2          0    3333333
{txt}harvest_va~a {c |}{res}      9,027    229070.1     1516486          0   1.30e+08
{txt}{hline 13}{c +}{hline 57}
harvest~aimp {c |}{res}      9,027    172632.8    243433.5          0    3993076
{txt}{space 8}year {c |}{res}      9,027    2012.402    2.425712       2009       2015
{txt}{space 5}y2_hhid {c |}{res}          0
{txt}{space 2}cultivated {c |}{res}      6,600    .9974242    .0506904          0          1
{txt}{space 2}weedings_n {c |}{res}      6,600    1.816667    1.185619          0         27
{txt}{hline 13}{c +}{hline 57}
covercrop_~y {c |}{res}      6,600    .2248485    .4175141          0          1
{txt}residue_cu~d {c |}{res}      6,600    .0716667    .2579547          0          1
{txt}tilltype_r~d {c |}{res}      6,600    .0372727    .1894437          0          1
{txt}tilltype_a~M {c |}{res}      6,600    .0801515    .2715482          0          1
{txt}tilltool_t~r {c |}{res}      6,600    .0015152    .0388984          0          1
{txt}{hline 13}{c +}{hline 57}
tilltool_d~t {c |}{res}      6,600    .0066667    .0813832          0          1
{txt}neighbors_~o {c |}{res}      2,958    1.221433    3.911775          0         72
{txt}neighb~o_any {c |}{res}      2,964    .2661943    .4420417          0          1
{txt}neighbors_~l {c |}{res}      2,958    .8850575    3.415085          0         50
{txt}neighb~l_any {c |}{res}      2,964    .1595816    .3662794          0          1
{txt}{hline 13}{c +}{hline 57}
neighbors_~p {c |}{res}      2,958    4.283638    10.43033          0         99
{txt}neighb~p_any {c |}{res}      2,964    .3863023    .4869834          0          1
{txt}neighbors_~c {c |}{res}      2,957    3.928306    7.422691          0         80
{txt}neighb~c_any {c |}{res}      2,964    .5010121    .5000833          0          1
{txt}{space 5}y3_hhid {c |}{res}          0
{txt}{hline 13}{c +}{hline 57}
{space 4}gardenid {c |}{res}          0
{txt}
{com}. 
. * close the log
.         log     close   
      {txt}name:  {res}<unnamed>
       {txt}log:  {res}C:\Users\aljosephson\git\dissertation\e1_gender\logs/building_joint_variables-data.smcl
  {txt}log type:  {res}smcl
 {txt}closed on:  {res}15 Oct 2020, 13:38:33
{txt}{.-}
{smcl}
{txt}{sf}{ul off}{smcl}
{com}{sf}{ul off}{txt}{.-}
      name:  {res}<unnamed>
       {txt}log:  {res}C:\Users\aljosephson\git\dissertation\e1_gender\logs/building_joint_variables-data.smcl
  {txt}log type:  {res}smcl
 {txt}opened on:  {res}15 Oct 2020, 13:40:00
{txt}
{com}.         
. 
. * **********************************************************************
. * 1 - merge together production PLOT and decision making 
. * **********************************************************************
. 
.         use                     "$fil\Cleaned_LSMS\rs_hh_plot.dta", clear
{txt}
{com}.         
. 
. 
. * *********************************************************************
. * 3 - end matter
. * **********************************************************************
. 
. compress
  {txt}variable {bf}year{sf} was {bf}{res}float{sf}{txt} now {bf}{res}int{sf}
{txt}  (18,054 bytes saved)

{com}. describe

{txt}Contains data from {res}C:\Users\aljosephson\Dropbox\Out for Review\Dissertation\Data - LSMS Malawi\_replication2020\Cleaned_LSMS\rs_hh_plot.dta
{txt}  obs:{res}         9,027                          
{txt} vars:{res}            66                          15 Oct 2020 11:00
                                              (_dta has notes)
{txt}{hline}
              storage   display    value
variable name   type    format     label      variable label
{hline}
{p 0 48}{res}{bind:case_id        }{txt}{bind: double  }{bind:{txt}%10.0g    }{space 1}{bind:         }{bind:  }{res}{res}IHS3 Baseline case_id as in IHS3 Public Data{p_end}
{p 0 48}{bind:plotid         }{txt}{bind: str4    }{bind:{txt}%9s       }{space 1}{bind:         }{bind:  }{res}{res}Plot ID{p_end}
{p 0 48}{bind:plotsize       }{txt}{bind: float   }{bind:{txt}%9.0g     }{space 1}{bind:         }{bind:  }{res}{res}Plot Size (ha){p_end}
{p 0 48}{bind:plottenure_own }{txt}{bind: byte    }{bind:{txt}%8.0g     }{space 1}{bind:         }{bind:  }{res}{res}Plot is owned{p_end}
{p 0 48}{bind:plottenure_temp}{txt}{bind: byte    }{bind:{txt}%8.0g     }{space 1}{bind:         }{bind:  }{res}{res}Plot is held under short-term arrangement{p_end}
{p 0 48}{bind:plottenure_rent}{txt}{bind: byte    }{bind:{txt}%8.0g     }{space 1}{bind:         }{bind:  }{res}{res}Plot is rented short-term{p_end}
{p 0 48}{bind:plottenure     }{txt}{bind: byte    }{bind:{txt}%24.0g    }{space 1}{txt}plottenure{p_end}
{p 0 48}{space 44}{bind:  }{res}{res}Plot tenure categories{p_end}
{p 0 48}{bind:crop_cash      }{txt}{bind: byte    }{bind:{txt}%8.0g     }{space 1}{bind:         }{bind:  }{res}{res}Plot is planted withcash crops (tobacco, cotton, sunflower, paprika, sugar cane){p_end}
{p 0 48}{bind:soiltype       }{txt}{bind: byte    }{bind:{txt}%20.0g    }{space 1}{bind:soiltype }{bind:  }{res}{res}Predominant soil type of plot{p_end}
{p 0 48}{bind:swc_terrace    }{txt}{bind: byte    }{bind:{txt}%8.0g     }{space 1}{bind:         }{bind:  }{res}{res}Plot has terraces to control erosion{p_end}
{p 0 48}{bind:swc_bund_ec    }{txt}{bind: byte    }{bind:{txt}%8.0g     }{space 1}{bind:         }{bind:  }{res}{res}Plot has bunds to control erosion{p_end}
{p 0 48}{bind:swc_bund_wh    }{txt}{bind: byte    }{bind:{txt}%8.0g     }{space 1}{bind:         }{bind:  }{res}{res}Plot has bunds to harvest water{p_end}
{p 0 48}{bind:swc_bund_any   }{txt}{bind: byte    }{bind:{txt}%8.0g     }{space 1}{bind:         }{bind:  }{res}{res}Plot has bunds{p_end}
{p 0 48}{bind:swc_gabion     }{txt}{bind: byte    }{bind:{txt}%8.0g     }{space 1}{bind:         }{bind:  }{res}{res}Plot has gabions/sandbags to control erosion{p_end}
{p 0 48}{bind:swc_vetiver    }{txt}{bind: byte    }{bind:{txt}%8.0g     }{space 1}{bind:         }{bind:  }{res}{res}Plot has vetiver grass to control erosion{p_end}
{p 0 48}{bind:swc_treebelt   }{txt}{bind: byte    }{bind:{txt}%8.0g     }{space 1}{bind:         }{bind:  }{res}{res}Plot has tree belts to control erosion{p_end}
{p 0 48}{bind:swc_drainage   }{txt}{bind: byte    }{bind:{txt}%8.0g     }{space 1}{bind:         }{bind:  }{res}{res}Plot has drainage ditches to control erosion{p_end}
{p 0 48}{bind:swc_any        }{txt}{bind: byte    }{bind:{txt}%8.0g     }{space 1}{bind:         }{bind:  }{res}{res}Plot has any erosion control structure{p_end}
{p 0 48}{bind:swc_mech       }{txt}{bind: byte    }{bind:{txt}%8.0g     }{space 1}{bind:         }{bind:  }{res}{res}Plot has any mechanical erosion control structure{p_end}
{p 0 48}{bind:swc_bio        }{txt}{bind: byte    }{bind:{txt}%8.0g     }{space 1}{bind:         }{bind:  }{res}{res}Plot has any biological erosion control measures{p_end}
{p 0 48}{bind:slope          }{txt}{bind: byte    }{bind:{txt}%14.0g    }{space 1}{bind:slope    }{bind:  }{res}{res}Predominant slope of plot{p_end}
{p 0 48}{bind:dambo          }{txt}{bind: byte    }{bind:{txt}%9.0g     }{space 1}{bind:         }{bind:  }{res}{res}Plot is in swamp/wetland{p_end}
{p 0 48}{bind:irrigation_any }{txt}{bind: byte    }{bind:{txt}%8.0g     }{space 1}{bind:         }{bind:  }{res}{res}Plot has any system of irrigation{p_end}
{p 0 48}{bind:fert_org_any   }{txt}{bind: byte    }{bind:{txt}%9.0g     }{space 1}{bind:         }{bind:  }{res}{res}Organic fertilizer was applied on plot{p_end}
{p 0 48}{bind:fert_inorg_any }{txt}{bind: byte    }{bind:{txt}%9.0g     }{space 1}{bind:         }{bind:  }{res}{res}Inorganic fertilizer was applied on plot{p_end}
{p 0 48}{bind:fert_inorg_n   }{txt}{bind: byte    }{bind:{txt}%9.0g     }{space 1}{bind:         }{bind:  }{res}{res}Number of applications of inorganic fertilizer on plot{p_end}
{p 0 48}{bind:insecticide_any}{txt}{bind: byte    }{bind:{txt}%9.0g     }{space 1}{bind:         }{bind:  }{res}{res}Insecticide was applied on plot{p_end}
{p 0 48}{bind:herbicide_any  }{txt}{bind: byte    }{bind:{txt}%9.0g     }{space 1}{bind:         }{bind:  }{res}{res}Herbicide was applied on plot{p_end}
{p 0 48}{bind:fungicide_any  }{txt}{bind: byte    }{bind:{txt}%9.0g     }{space 1}{bind:         }{bind:  }{res}{res}Fungicide was applied on plot{p_end}
{p 0 48}{bind:pesticide_any  }{txt}{bind: byte    }{bind:{txt}%9.0g     }{space 1}{bind:         }{bind:  }{res}{res}Any pesticide was applied on plot{p_end}
{p 0 48}{bind:labordays      }{txt}{bind: int     }{bind:{txt}%9.0g     }{space 1}{bind:         }{bind:  }{res}{res}Days of labor on plot{p_end}
{p 0 48}{bind:labordaysimp   }{txt}{bind: float   }{bind:{txt}%9.0g     }{space 1}{bind:         }{bind:  }{res}{res}Days of labor on plot, imputed{p_end}
{p 0 48}{bind:labordays_ha   }{txt}{bind: float   }{bind:{txt}%9.0g     }{space 1}{bind:         }{bind:  }{res}{res}Days of labor per hectare (Days/ha){p_end}
{p 0 48}{bind:labordays_haimp}{txt}{bind: float   }{bind:{txt}%9.0g     }{space 1}{bind:         }{bind:  }{res}{res}Days of labor per hectare (Days/ha), imputed{p_end}
{p 0 48}{bind:hirelabor_any  }{txt}{bind: byte    }{bind:{txt}%9.0g     }{space 1}{bind:         }{bind:  }{res}{res}Any labor hired on plot{p_end}
{p 0 48}{bind:mz_harvest_lo~s}{txt}{bind: byte    }{bind:{txt}%9.0g     }{space 1}{bind:         }{bind:  }{res}{res}Maize harvest area less than maize planted area{p_end}
{p 0 48}{bind:harvest_losses }{txt}{bind: byte    }{bind:{txt}%9.0g     }{space 1}{bind:         }{bind:  }{res}{res}Harvest area less than planted area{p_end}
{p 0 48}{bind:intercrop_leg~e}{txt}{bind: byte    }{bind:{txt}%9.0g     }{space 1}{bind:         }{bind:  }{res}{res}Plot was intercropped with legumes{p_end}
{p 0 48}{bind:mz_harvest     }{txt}{bind: double  }{bind:{txt}%9.0g     }{space 1}{bind:         }{bind:  }{res}{res}Maize harvest quantity (kg){p_end}
{p 0 48}{bind:mz_harvestimp  }{txt}{bind: float   }{bind:{txt}%9.0g     }{space 1}{bind:         }{bind:  }{res}{res}Maize harvest quantity (kg), imputed{p_end}
{p 0 48}{bind:mz_yield       }{txt}{bind: float   }{bind:{txt}%9.0g     }{space 1}{bind:         }{bind:  }{res}{res}Maize yield (kg/ha){p_end}
{p 0 48}{bind:mz_yieldimp    }{txt}{bind: float   }{bind:{txt}%9.0g     }{space 1}{bind:         }{bind:  }{res}{res}Maize yield (kg/ha), imputed{p_end}
{p 0 48}{bind:harvest_value  }{txt}{bind: double  }{bind:{txt}%9.0g     }{space 1}{bind:         }{bind:  }{res}{res}Value of harvest (MWK){p_end}
{p 0 48}{bind:harvest_va~eimp}{txt}{bind: float   }{bind:{txt}%9.0g     }{space 1}{bind:         }{bind:  }{res}{res}Value of harvest (MWK), imputed{p_end}
{p 0 48}{bind:harvest_valueha}{txt}{bind: float   }{bind:{txt}%9.0g     }{space 1}{bind:         }{bind:  }{res}{res}Value of harvest per hectare (MWK/ha){p_end}
{p 0 48}{bind:harvest_va~aimp}{txt}{bind: float   }{bind:{txt}%9.0g     }{space 1}{bind:         }{bind:  }{res}{res}Value of harvest per hectare (MWK/ha), imputed{p_end}
{p 0 48}{bind:year           }{txt}{bind: int     }{bind:{txt}%9.0g     }{space 1}{bind:         }{bind:  }{res}{res}{p_end}
{p 0 48}{bind:y2_hhid        }{txt}{bind: str8    }{bind:{txt}%9s       }{space 1}{bind:         }{bind:  }{res}{res}Unique Household Identification IHPS{p_end}
{p 0 48}{bind:cultivated     }{txt}{bind: byte    }{bind:{txt}%9.0g     }{space 1}{bind:         }{bind:  }{res}{res}Plot was cultivated during the rainy season{p_end}
{p 0 48}{bind:weedings_n     }{txt}{bind: byte    }{bind:{txt}%9.0g     }{space 1}{bind:         }{bind:  }{res}{res}Number of weedings on plot{p_end}
{p 0 48}{bind:covercrop_any  }{txt}{bind: byte    }{bind:{txt}%8.0g     }{space 1}{bind:         }{bind:  }{res}{res}Any cover crop present on plot prior to cultivation in reference rainy season{p_end}
{p 0 48}{bind:residue_cutsp~d}{txt}{bind: byte    }{bind:{txt}%8.0g     }{space 1}{bind:         }{bind:  }{res}{res}Crop residue was cut and spread on plot prior to reference rainy season{p_end}
{p 0 48}{bind:tilltype_redu~d}{txt}{bind: byte    }{bind:{txt}%8.0g     }{space 1}{bind:         }{bind:  }{res}{res}Plot was tilled with reduced tillage methods{p_end}
{p 0 48}{bind:tilltype_anySLM}{txt}{bind: byte    }{bind:{txt}%8.0g     }{space 1}{bind:         }{bind:  }{res}{res}Plot was tilled with any SLM tillage method{p_end}
{p 0 48}{bind:tilltool_trac~r}{txt}{bind: byte    }{bind:{txt}%8.0g     }{space 1}{bind:         }{bind:  }{res}{res}Plot preparation used any tractor power{p_end}
{p 0 48}{bind:tilltool_drau~t}{txt}{bind: byte    }{bind:{txt}%8.0g     }{space 1}{bind:         }{bind:  }{res}{res}Plot preparation used any draught power{p_end}
{p 0 48}{bind:neighbors_agfo }{txt}{bind: byte    }{bind:{txt}%9.0g     }{space 1}{bind:         }{bind:  }{res}{res}Household number of neighbors that have invested in agroforestry{p_end}
{p 0 48}{bind:neighbors_agf~y}{txt}{bind: byte    }{bind:{txt}%9.0g     }{space 1}{bind:         }{bind:  }{res}{res}Household has any neighbors that have invested in agroforestry{p_end}
{p 0 48}{bind:neighbors_min~l}{txt}{bind: byte    }{bind:{txt}%9.0g     }{space 1}{bind:         }{bind:  }{res}{res}Household number of neighbors that have ever practiced zero/minimum tillage{p_end}
{p 0 48}{bind:neighbors_min~y}{txt}{bind: byte    }{bind:{txt}%9.0g     }{space 1}{bind:         }{bind:  }{res}{res}Household has any neighbors that have ever practiced zero/minimum tillage{p_end}
{p 0 48}{bind:neighbors_cov~p}{txt}{bind: byte    }{bind:{txt}%9.0g     }{space 1}{bind:         }{bind:  }{res}{res}Household number of neighbors that use cover crops/mulches{p_end}
{p 0 48}{bind:neighbors_cov~y}{txt}{bind: byte    }{bind:{txt}%9.0g     }{space 1}{bind:         }{bind:  }{res}{res}Household has any neighbors that use cover crops/mulches{p_end}
{p 0 48}{bind:neighbors_swc  }{txt}{bind: byte    }{bind:{txt}%9.0g     }{space 1}{bind:         }{bind:  }{res}{res}Household number of neighbors that have invested in soil & water conservation{p_end}
{p 0 48}{bind:neighbors_swc~y}{txt}{bind: byte    }{bind:{txt}%9.0g     }{space 1}{bind:         }{bind:  }{res}{res}Household has any neighbors that have invested in soil & water conservation{p_end}
{p 0 48}{bind:y3_hhid        }{txt}{bind: str8    }{bind:{txt}%9s       }{space 1}{bind:         }{bind:  }{res}{res}Unique Household Identification IHS4{p_end}
{p 0 48}{bind:gardenid       }{txt}{bind: str4    }{bind:{txt}%9s       }{space 1}{bind:         }{bind:  }{res}{res}Garden ID{p_end}
{txt}{hline}
Sorted by: 
{res}     Note: Dataset has changed since last saved.
{txt}
{com}. summarize 

{txt}    Variable {c |}        Obs        Mean    Std. Dev.       Min        Max
{hline 13}{c +}{hline 57}
{space 5}case_id {c |}{res}      2,427    2.38e+11    6.59e+10   1.01e+11   3.16e+11
{txt}{space 6}plotid {c |}{res}          0
{txt}{space 4}plotsize {c |}{res}      9,027    .3543804    .3227719   .0040469   3.897123
{txt}plottenure~n {c |}{res}      9,027    .8640744    .3427285          0          1
{txt}plottenure~p {c |}{res}      9,027    .1354824    .3422571          0          1
{txt}{hline 13}{c +}{hline 57}
plottenure~t {c |}{res}      9,027    .0978177    .2970844          0          1
{txt}{space 2}plottenure {c |}{res}      9,023    4.915217    4.198655          1         13
{txt}{space 3}crop_cash {c |}{res}      9,027    .0902847    .2866051          0          1
{txt}{space 4}soiltype {c |}{res}      9,027    2.059267    .6714471          1          3
{txt}{space 1}swc_terrace {c |}{res}      9,027     .048078    .2139429          0          1
{txt}{hline 13}{c +}{hline 57}
{space 1}swc_bund_ec {c |}{res}      9,027    .2455965    .4304642          0          1
{txt}{space 1}swc_bund_wh {c |}{res}      9,027    .0363354    .1871338          0          1
{txt}swc_bund_any {c |}{res}      9,027    .2761715    .4471274          0          1
{txt}{space 2}swc_gabion {c |}{res}      9,027    .0100809    .0999017          0          1
{txt}{space 1}swc_vetiver {c |}{res}      9,027    .0774344    .2672942          0          1
{txt}{hline 13}{c +}{hline 57}
swc_treebelt {c |}{res}      9,027    .0121857    .1097201          0          1
{txt}swc_drainage {c |}{res}      9,027    .0417636    .2000596          0          1
{txt}{space 5}swc_any {c |}{res}      9,027    .4395702    .4963623          0          1
{txt}{space 4}swc_mech {c |}{res}      9,027    .3690041    .4825618          0          1
{txt}{space 5}swc_bio {c |}{res}      9,027    .0882907    .2837329          0          1
{txt}{hline 13}{c +}{hline 57}
{space 7}slope {c |}{res}      9,027    1.591891    .7609549          1          4
{txt}{space 7}dambo {c |}{res}      9,027    .0928326    .2902138          0          1
{txt}irrigation~y {c |}{res}      9,027    .0099701    .0993568          0          1
{txt}fert_org_any {c |}{res}      9,027    .1609616    .3675158          0          1
{txt}fert_inorg~y {c |}{res}      9,027    .6218013    .4849644          0          1
{txt}{hline 13}{c +}{hline 57}
fert_inorg_n {c |}{res}      9,027    .8950925     .800347          0          2
{txt}insecticid~y {c |}{res}      9,027    .0183893    .1343619          0          1
{txt}herbicide_~y {c |}{res}      9,027    .0096378    .0977032          0          1
{txt}fungicide_~y {c |}{res}      9,027    .0006647    .0257741          0          1
{txt}pesticide_~y {c |}{res}      9,027    .0299103    .1703492          0          1
{txt}{hline 13}{c +}{hline 57}
{space 3}labordays {c |}{res}      9,027    67.94782    54.15687          0        720
{txt}labordaysimp {c |}{res}      9,027    66.97312    53.99083          0        720
{txt}labordays_ha {c |}{res}      9,027    339.2005    744.3993          0   27922.91
{txt}labordays_~p {c |}{res}      9,027    283.2023     291.978          0    6424.74
{txt}hirelabor_~y {c |}{res}      9,027     .323474    .4678278          0          1
{txt}{hline 13}{c +}{hline 57}
mz_harvest~s {c |}{res}      6,424    .5952677    .4908784          0          1
{txt}harvest_lo~s {c |}{res}      9,027    .5750526    .4943624          0          1
{txt}intercrop_~e {c |}{res}      9,027    .2777224    .4479005          0          1
{txt}{space 2}mz_harvest {c |}{res}      8,315    391.7335    1738.392          0     111888
{txt}mz_harvest~p {c |}{res}      8,315    342.7844    620.2383          0    15987.5
{txt}{hline 13}{c +}{hline 57}
{space 4}mz_yield {c |}{res}      8,315    1502.567    9343.512          0   691203.2
{txt}{space 1}mz_yieldimp {c |}{res}      8,315    1111.104    1665.351          0   38189.11
{txt}harvest_va~e {c |}{res}      9,027    58241.38    290013.5          0   2.10e+07
{txt}harvest~eimp {c |}{res}      9,027     49555.2    102220.2          0    3333333
{txt}harvest_va~a {c |}{res}      9,027    229070.1     1516486          0   1.30e+08
{txt}{hline 13}{c +}{hline 57}
harvest~aimp {c |}{res}      9,027    172632.8    243433.5          0    3993076
{txt}{space 8}year {c |}{res}      9,027    2012.402    2.425712       2009       2015
{txt}{space 5}y2_hhid {c |}{res}          0
{txt}{space 2}cultivated {c |}{res}      6,600    .9974242    .0506904          0          1
{txt}{space 2}weedings_n {c |}{res}      6,600    1.816667    1.185619          0         27
{txt}{hline 13}{c +}{hline 57}
covercrop_~y {c |}{res}      6,600    .2248485    .4175141          0          1
{txt}residue_cu~d {c |}{res}      6,600    .0716667    .2579547          0          1
{txt}tilltype_r~d {c |}{res}      6,600    .0372727    .1894437          0          1
{txt}tilltype_a~M {c |}{res}      6,600    .0801515    .2715482          0          1
{txt}tilltool_t~r {c |}{res}      6,600    .0015152    .0388984          0          1
{txt}{hline 13}{c +}{hline 57}
tilltool_d~t {c |}{res}      6,600    .0066667    .0813832          0          1
{txt}neighbors_~o {c |}{res}      2,958    1.221433    3.911775          0         72
{txt}neighb~o_any {c |}{res}      2,964    .2661943    .4420417          0          1
{txt}neighbors_~l {c |}{res}      2,958    .8850575    3.415085          0         50
{txt}neighb~l_any {c |}{res}      2,964    .1595816    .3662794          0          1
{txt}{hline 13}{c +}{hline 57}
neighbors_~p {c |}{res}      2,958    4.283638    10.43033          0         99
{txt}neighb~p_any {c |}{res}      2,964    .3863023    .4869834          0          1
{txt}neighbors_~c {c |}{res}      2,957    3.928306    7.422691          0         80
{txt}neighb~c_any {c |}{res}      2,964    .5010121    .5000833          0          1
{txt}{space 5}y3_hhid {c |}{res}          0
{txt}{hline 13}{c +}{hline 57}
{space 4}gardenid {c |}{res}          0
{txt}
{com}. 
. * close the log
.         log     close   
      {txt}name:  {res}<unnamed>
       {txt}log:  {res}C:\Users\aljosephson\git\dissertation\e1_gender\logs/building_joint_variables-data.smcl
  {txt}log type:  {res}smcl
 {txt}closed on:  {res}15 Oct 2020, 13:40:00
{txt}{.-}
{smcl}
{txt}{sf}{ul off}{smcl}
{com}{sf}{ul off}{txt}{.-}
      name:  {res}<unnamed>
       {txt}log:  {res}C:\Users\aljosephson\git\dissertation\e1_gender\logs/building_joint_variables-data.smcl
  {txt}log type:  {res}smcl
 {txt}opened on:  {res}15 Oct 2020, 14:58:50
{txt}
{com}.         
. 
. * **********************************************************************
. * 1 - merge together production PLOT and decision making 
. * **********************************************************************
. 
.         use                     "$fil\Cleaned_LSMS\rs_hh_plot.dta", clear
{txt}
{com}.         
.         merge                   m:m case_id y2_hhid y3_hhid year plotid using ///
>                                                 "C:\Users\aljosephson\Dropbox\Out for Review\Dissertation\Data - LSMS Malawi\_replication2020\decision-making\decision_wet_all.dta"
{res}
{txt}{col 5}Result{col 38}# of obs.
{col 5}{hline 41}
{col 5}not matched{col 30}{res}          20,568
{txt}{col 9}from master{col 30}{res}               0{txt}  (_merge==1)
{col 9}from using{col 30}{res}          20,568{txt}  (_merge==2)

{col 5}matched{col 30}{res}           9,229{txt}  (_merge==3)
{col 5}{hline 41}

{com}.         keep                    if _merge == 3
{txt}(20,568 observations deleted)

{com}.         *** drops 20568 observations from using which did not match 
.         
.         keep                    case_id plotid plotsize mz_yield mz_yieldimp harvest_value harvest_valueimp harvest_valueha ///
>                                                 harvest_valuehaimp year y2_hhid y3_hhid gardenid ea_id manager1 manager2 owner1 owner2 mangagero_1 
{txt}
{com}.                                                 
.         save                    "$fil\production-and-sales\plot-with-manager"
{txt}file C:\Users\aljosephson\Dropbox\Out for Review\Dissertation\Data - LSMS Malawi\_replication2020\production-and-sales\plot-with-manager.dta saved

{com}.         
. * **********************************************************************
. * 2 - merge together to determine sex of manager 
. * **********************************************************************
. 
. * will need to repeat twice - once for each manager? 
. 
.         rename                  manager1 id_code 
{res}{txt}
{com}. 
{txt}end of do-file

{com}. merge m:m case_id y2_hhid y3_hhid year id_code using "C:\Users\aljosephson\Dropbox\Out for Review\Dissertation\Data - LSMS Malawi\_replication2020\household\household_all.dta"
{res}{err}variable {bf}year{sf} not found
{txt}{search r(111), local:r(111);}

{com}. do "C:\Users\aljosephson\git\dissertation\e1_gender\code\gender_household_build-code.do"
{txt}
{com}. * Project: Joint Household Resources - Malawi 
. * Created: October 2020
. * Created by: alj
. * Last edit: 15 October 2020
. * Stata v.16.1
. 
. * does
.         * put together household files
.         * for determining gender of manager 
. 
. * assumes
.         * access to data file(s) previously created ... 
. 
. * to do 
.         * all of it 
.         * clean up data files 
.         * code and data can be made available on github and googledrive 
. 
. * **********************************************************************
. * 0 - setup
. * **********************************************************************
. 
. * define
.         global  fil             =       "C:\Users\aljosephson\Dropbox\Out for Review\Dissertation\Data - LSMS Malawi\_replication2020" 
{txt}
{com}.         global  code    =       "C:\Users\aljosephson\git\dissertation\e1_gender\code"
{txt}
{com}.         global  logs    =       "C:\Users\aljosephson\git\dissertation\e1_gender\logs" 
{txt}
{com}. 
. * open log
.         cap log                 close
{smcl}
{com}{sf}{ul off}{smcl}
{com}{sf}{ul off}{txt}{.-}
      name:  {res}<unnamed>
       {txt}log:  {res}C:\Users\aljosephson\git\dissertation\e1_gender\logs/building_joint_variables-data.smcl
  {txt}log type:  {res}smcl
 {txt}opened on:  {res}15 Oct 2020, 15:08:09
{txt}
{com}.         
. 
. * **********************************************************************
. * 1 - merge together production PLOT and decision making 
. * **********************************************************************
. 
.         use                     "$fil\Cleaned_LSMS\rs_hh_plot.dta", clear
{txt}
{com}.         
.         merge                   m:m case_id y2_hhid y3_hhid year plotid using ///
>                                                 "C:\Users\aljosephson\Dropbox\Out for Review\Dissertation\Data - LSMS Malawi\_replication2020\decision-making\decision_wet_all.dta"
{res}
{txt}{col 5}Result{col 38}# of obs.
{col 5}{hline 41}
{col 5}not matched{col 30}{res}          20,568
{txt}{col 9}from master{col 30}{res}               0{txt}  (_merge==1)
{col 9}from using{col 30}{res}          20,568{txt}  (_merge==2)

{col 5}matched{col 30}{res}           9,229{txt}  (_merge==3)
{col 5}{hline 41}

{com}.         keep                    if _merge == 3
{txt}(20,568 observations deleted)

{com}.         *** drops 20568 observations from using which did not match 
.         
.         keep                    case_id plotid plotsize mz_yield mz_yieldimp harvest_value harvest_valueimp harvest_valueha ///
>                                                 harvest_valuehaimp year y2_hhid y3_hhid gardenid ea_id manager1 manager2 owner1 owner2 mangagero_1 
{txt}
{com}.                                                 
.         save                    "$fil\production-and-sales\plot-with-manager"
{err}{p 0 4 2}
file C:\Users\aljosephson\Dropbox\Out for Review\Dissertation\Data - LSMS Malawi\_replication2020\production-and-sales\plot-with-manager.dta
already exists
{p_end}
{txt}{search r(602), local:r(602);}

end of do-file

{search r(602), local:r(602);}

{com}. do "C:\Users\ALJOSE~1\AppData\Local\Temp\STD2ea0_000000.tmp"
{txt}
{com}. * Project: Joint Household Resources - Malawi 
. * Created: October 2020
. * Created by: alj
. * Last edit: 14 October 2020
. * Stata v.16.1
. 
. * does
.         * combines files on (1) production, (2) decision making, (3) consumption, (4) geovars, (5) household  
. 
. * assumes
.         * access to data file(s) previously created ... 
. 
. * to do 
.         * all of it 
.         * clean up data files 
.         * code and data can be made available on github and googledrive 
. 
. * **********************************************************************
. * 0 - setup
. * **********************************************************************
. 
. * define
.         global  fil             =       "C:\Users\aljosephson\Dropbox\Out for Review\Dissertation\Data - LSMS Malawi\_replication2020" 
{txt}
{com}.         global  code    =       "C:\Users\aljosephson\git\dissertation\e1_gender\code"
{txt}
{com}.         global  logs    =       "C:\Users\aljosephson\git\dissertation\e1_gender\logs" 
{txt}
{com}. 
. * open log
.         cap log                 close
{smcl}
{com}{sf}{ul off}{smcl}
{com}{sf}{ul off}{txt}{.-}
      name:  {res}<unnamed>
       {txt}log:  {res}C:\Users\aljosephson\git\dissertation\e1_gender\logs/building_joint_variables-data.smcl
  {txt}log type:  {res}smcl
 {txt}opened on:  {res}15 Oct 2020, 15:08:17
{txt}
{com}.         
. 
. * **********************************************************************
. * 1 - merge together production PLOT and decision making 
. * **********************************************************************
. 
.         use                     "$fil\Cleaned_LSMS\rs_hh_plot.dta", clear
{txt}
{com}.         
.         merge                   m:m case_id y2_hhid y3_hhid year plotid using ///
>                                                 "C:\Users\aljosephson\Dropbox\Out for Review\Dissertation\Data - LSMS Malawi\_replication2020\decision-making\decision_wet_all.dta"
{res}
{txt}{col 5}Result{col 38}# of obs.
{col 5}{hline 41}
{col 5}not matched{col 30}{res}          20,568
{txt}{col 9}from master{col 30}{res}               0{txt}  (_merge==1)
{col 9}from using{col 30}{res}          20,568{txt}  (_merge==2)

{col 5}matched{col 30}{res}           9,229{txt}  (_merge==3)
{col 5}{hline 41}

{com}.         keep                    if _merge == 3
{txt}(20,568 observations deleted)

{com}.         *** drops 20568 observations from using which did not match 
.         
.         keep                    case_id plotid plotsize mz_yield mz_yieldimp harvest_value harvest_valueimp harvest_valueha ///
>                                                 harvest_valuehaimp year y2_hhid y3_hhid gardenid ea_id manager1 manager2 owner1 owner2 mangagero_1 
{txt}
{com}.                                                 
.         save                    "$fil\production-and-sales\plot-with-manager", replace
{txt}file C:\Users\aljosephson\Dropbox\Out for Review\Dissertation\Data - LSMS Malawi\_replication2020\production-and-sales\plot-with-manager.dta saved

{com}.         
. * **********************************************************************
. * 2 - merge together to determine sex of manager 
. * **********************************************************************
. 
. * will need to repeat twice - once for each manager? 
. 
.         rename                  manager1 id_code 
{res}{txt}
{com}.         
. 
. * *********************************************************************
. * 3 - end matter
. * **********************************************************************
. 
. compress
  {txt}variable {bf}year{sf} was {bf}{res}float{sf}{txt} now {bf}{res}int{sf}
{txt}  (18,458 bytes saved)

{com}. describe

{txt}Contains data from {res}C:\Users\aljosephson\Dropbox\Out for Review\Dissertation\Data - LSMS Malawi\_replication2020\production-and-sales\plot-with-manager.dta
{txt}  obs:{res}         9,229                          
{txt} vars:{res}            19                          15 Oct 2020 15:08
                                              (_dta has notes)
{txt}{hline}
              storage   display    value
variable name   type    format     label      variable label
{hline}
{p 0 48}{res}{bind:case_id        }{txt}{bind: double  }{bind:{txt}%10.0g    }{space 1}{bind:         }{bind:  }{res}{res}IHS3 Baseline case_id as in IHS3 Public Data{p_end}
{p 0 48}{bind:plotid         }{txt}{bind: str4    }{bind:{txt}%9s       }{space 1}{bind:         }{bind:  }{res}{res}Plot ID{p_end}
{p 0 48}{bind:plotsize       }{txt}{bind: float   }{bind:{txt}%9.0g     }{space 1}{bind:         }{bind:  }{res}{res}Plot Size (ha){p_end}
{p 0 48}{bind:mz_yield       }{txt}{bind: float   }{bind:{txt}%9.0g     }{space 1}{bind:         }{bind:  }{res}{res}Maize yield (kg/ha){p_end}
{p 0 48}{bind:mz_yieldimp    }{txt}{bind: float   }{bind:{txt}%9.0g     }{space 1}{bind:         }{bind:  }{res}{res}Maize yield (kg/ha), imputed{p_end}
{p 0 48}{bind:harvest_value  }{txt}{bind: double  }{bind:{txt}%9.0g     }{space 1}{bind:         }{bind:  }{res}{res}Value of harvest (MWK){p_end}
{p 0 48}{bind:harvest_va~eimp}{txt}{bind: float   }{bind:{txt}%9.0g     }{space 1}{bind:         }{bind:  }{res}{res}Value of harvest (MWK), imputed{p_end}
{p 0 48}{bind:harvest_valueha}{txt}{bind: float   }{bind:{txt}%9.0g     }{space 1}{bind:         }{bind:  }{res}{res}Value of harvest per hectare (MWK/ha){p_end}
{p 0 48}{bind:harvest_va~aimp}{txt}{bind: float   }{bind:{txt}%9.0g     }{space 1}{bind:         }{bind:  }{res}{res}Value of harvest per hectare (MWK/ha), imputed{p_end}
{p 0 48}{bind:year           }{txt}{bind: int     }{bind:{txt}%9.0g     }{space 1}{bind:         }{bind:  }{res}{res}{p_end}
{p 0 48}{bind:y2_hhid        }{txt}{bind: str8    }{bind:{txt}%9s       }{space 1}{bind:         }{bind:  }{res}{res}Unique Household Identification IHPS{p_end}
{p 0 48}{bind:y3_hhid        }{txt}{bind: str8    }{bind:{txt}%9s       }{space 1}{bind:         }{bind:  }{res}{res}Unique Household Identification IHS4{p_end}
{p 0 48}{bind:gardenid       }{txt}{bind: str4    }{bind:{txt}%9s       }{space 1}{bind:         }{bind:  }{res}{res}Garden ID{p_end}
{p 0 48}{bind:ea_id          }{txt}{bind: str8    }{bind:{txt}%9s       }{space 1}{bind:         }{bind:  }{res}{res}Unique EA Identifier{p_end}
{p 0 48}{bind:id_code        }{txt}{bind: byte    }{bind:{txt}%8.0g     }{space 1}{bind:         }{bind:  }{res}{res}Who in HH makes decisions concerning crops to be planted,input use,timing of cro{p_end}
{p 0 48}{bind:manager2       }{txt}{bind: byte    }{bind:{txt}%8.0g     }{space 1}{bind:         }{bind:  }{res}{res}ENUMERATOR: Record the ID of the respondent.{p_end}
{p 0 48}{bind:owner1         }{txt}{bind: byte    }{bind:{txt}%8.0g     }{space 1}{bind:         }{bind:  }{res}{res}Who in this household owns this [PLOT]?(ID CODE #1){p_end}
{p 0 48}{bind:owner2         }{txt}{bind: byte    }{bind:{txt}%8.0g     }{space 1}{bind:         }{bind:  }{res}{res}Who in this household owns this [PLOT]?(ID CODE #2){p_end}
{p 0 48}{bind:mangagero_1    }{txt}{bind: byte    }{bind:{txt}%8.0g     }{space 1}{bind:         }{bind:  }{res}{res}Who are the other decision makers on the [PLOT]? (1ST){p_end}
{txt}{hline}
Sorted by: 
{res}     Note: Dataset has changed since last saved.
{txt}
{com}. summarize 

{txt}    Variable {c |}        Obs        Mean    Std. Dev.       Min        Max
{hline 13}{c +}{hline 57}
{space 5}case_id {c |}{res}      2,427    2.38e+11    6.59e+10   1.01e+11   3.16e+11
{txt}{space 6}plotid {c |}{res}          0
{txt}{space 4}plotsize {c |}{res}      9,229    .3541506     .321756   .0040469   3.897123
{txt}{space 4}mz_yield {c |}{res}      8,517    1482.954    9233.879          0   691203.2
{txt}{space 1}mz_yieldimp {c |}{res}      8,517    1100.776    1652.351          0   38189.11
{txt}{hline 13}{c +}{hline 57}
harvest_va~e {c |}{res}      9,229    58793.69    289113.7          0   2.10e+07
{txt}harvest~eimp {c |}{res}      9,229    50265.45      107438          0    3333333
{txt}harvest_va~a {c |}{res}      9,229    229450.5     1501106          0   1.30e+08
{txt}harvest~aimp {c |}{res}      9,229    174027.7      248058          0    3993076
{txt}{space 8}year {c |}{res}      9,229    2012.459    2.428953       2009       2015
{txt}{hline 13}{c +}{hline 57}
{space 5}y2_hhid {c |}{res}          0
{txt}{space 5}y3_hhid {c |}{res}          0
{txt}{space 4}gardenid {c |}{res}          0
{txt}{space 7}ea_id {c |}{res}          0
{txt}{space 5}id_code {c |}{res}      9,224     1.16869    .5444084          1         13
{txt}{hline 13}{c +}{hline 57}
{space 4}manager2 {c |}{res}      9,205    1.348724    .4975601          1          7
{txt}{space 6}owner1 {c |}{res}      4,354    1.335783    .5595864          1          8
{txt}{space 6}owner2 {c |}{res}        660    1.898485    .3899311          1          5
{txt}{space 1}mangagero_1 {c |}{res}      4,518    1.860558    .7073652          1         11
{txt}
{com}. 
. * close the log
.         log     close   
      {txt}name:  {res}<unnamed>
       {txt}log:  {res}C:\Users\aljosephson\git\dissertation\e1_gender\logs/building_joint_variables-data.smcl
  {txt}log type:  {res}smcl
 {txt}closed on:  {res}15 Oct 2020, 15:08:17
{txt}{.-}
{smcl}
{txt}{sf}{ul off}{smcl}
{com}{sf}{ul off}{txt}{.-}
      name:  {res}<unnamed>
       {txt}log:  {res}C:\Users\aljosephson\git\dissertation\e1_gender\logs/building_joint_variables-data.smcl
  {txt}log type:  {res}smcl
 {txt}opened on:  {res}15 Oct 2020, 16:30:55
{txt}
{com}.         
. 
. * **********************************************************************
. * 1 - merge together production PLOT and decision making 
. * **********************************************************************
. 
.         use                     "$fil\Cleaned_LSMS\rs_hh_plot.dta", clear
{txt}
{com}.         
.         merge                   m:m case_id y2_hhid y3_hhid year plotid using ///
>                                                 "C:\Users\aljosephson\Dropbox\Out for Review\Dissertation\Data - LSMS Malawi\_replication2020\decision-making\decision_wet_all.dta"
{res}
{txt}{col 5}Result{col 38}# of obs.
{col 5}{hline 41}
{col 5}not matched{col 30}{res}          20,568
{txt}{col 9}from master{col 30}{res}               0{txt}  (_merge==1)
{col 9}from using{col 30}{res}          20,568{txt}  (_merge==2)

{col 5}matched{col 30}{res}           9,229{txt}  (_merge==3)
{col 5}{hline 41}

{com}.         keep                    if _merge == 3
{txt}(20,568 observations deleted)

{com}.         *** drops 20568 observations from using which did not match 
.         
.         keep                    case_id plotid plotsize mz_yield mz_yieldimp harvest_value harvest_valueimp harvest_valueha ///
>                                                 harvest_valuehaimp year y2_hhid y3_hhid gardenid ea_id manager1 manager2 owner1 owner2 mangagero_1 
{txt}
{com}.                                                 
.         save                    "$fil\production-and-sales\plot-with-manager", replace
{txt}file C:\Users\aljosephson\Dropbox\Out for Review\Dissertation\Data - LSMS Malawi\_replication2020\production-and-sales\plot-with-manager.dta saved

{com}.         
. * **********************************************************************
. * 2 - merge together to determine sex of manager 
. * **********************************************************************
. 
. * will need to repeat twice - once for each manager? 
. 
. * manager 1
.         rename                  manager1 id_code 
{res}{txt}
{com}.         merge                   m:m case_id y2_hhid y3_hhid year id_code using "$fil\household\household_all.dta"
{res}
{txt}{col 5}Result{col 38}# of obs.
{col 5}{hline 41}
{col 5}not matched{col 30}{res}          35,435
{txt}{col 9}from master{col 30}{res}           6,816{txt}  (_merge==1)
{col 9}from using{col 30}{res}          28,619{txt}  (_merge==2)

{col 5}matched{col 30}{res}           2,413{txt}  (_merge==3)
{col 5}{hline 41}

{com}.         drop                    if _merge == 2
{txt}(28,619 observations deleted)

{com}.         *** drop 28619 not matched
.         *** matched 2413 (from master 6816 not matched)
.         
.         rename                  id_code manager1
{res}{txt}
{com}.         rename                  sex sex_manager1
{res}{txt}
{com}.         rename                  rltn rltn_manager1
{res}{txt}
{com}.         rename                  age age_manager1
{res}{txt}
{com}.         rename                  educ_years educ_years_manager1
{res}{txt}
{com}.         drop                    _merge 
{txt}
{com}.         
. * manager 2     
.         rename                  manager2 id_code 
{res}{txt}
{com}.         merge                   m:m case_id y2_hhid y3_hhid year id_code using "$fil\household\household_all.dta"
{res}{txt}(label sex already defined)
(label rltn already defined)
(label district already defined)
(label strata already defined)
(label region already defined)
(label urban already defined)
(label splitoff already defined)
(label strataR3 already defined)
(label yesno already defined)

{col 5}Result{col 38}# of obs.
{col 5}{hline 41}
{col 5}not matched{col 30}{res}          35,489
{txt}{col 9}from master{col 30}{res}           6,838{txt}  (_merge==1)
{col 9}from using{col 30}{res}          28,651{txt}  (_merge==2)

{col 5}matched{col 30}{res}           2,391{txt}  (_merge==3)
{col 5}{hline 41}

{com}.         drop                    if _merge == 2
{txt}(28,651 observations deleted)

{com}.         *** drop 28651 not matched
.         *** matched 2391 (from master 6838 not matched)
.         
.         rename                  id_code manager2
{res}{txt}
{com}.         rename                  sex sex_manager2
{res}{txt}
{com}.         rename                  rltn rltn_manager2
{res}{txt}
{com}.         rename                  age age_manager2
{res}{txt}
{com}.         rename                  educ_years educ_years_manager2
{res}{txt}
{com}.         drop                    _merge 
{txt}
{com}. 
.         save                    "$fil\production-and-sales\plot-with-manager", replace
{txt}file C:\Users\aljosephson\Dropbox\Out for Review\Dissertation\Data - LSMS Malawi\_replication2020\production-and-sales\plot-with-manager.dta saved

{com}. 
. * *********************************************************************
. * 3 - end matter
. * **********************************************************************
. 
. compress
  {txt}variable {bf}year{sf} was {bf}{res}float{sf}{txt} now {bf}{res}int{sf}
  {txt}variable {bf}hhweightR2{sf} was {bf}{res}double{sf}{txt} now {bf}{res}byte{sf}
  {txt}variable {bf}hhweightR3{sf} was {bf}{res}double{sf}{txt} now {bf}{res}byte{sf}
  {txt}variable {bf}PID{sf} was {bf}{res}str10{sf}{txt} now {bf}{res}str1{sf}
{txt}  (230,725 bytes saved)

{com}. describe

{txt}Contains data from {res}C:\Users\aljosephson\Dropbox\Out for Review\Dissertation\Data - LSMS Malawi\_replication2020\production-and-sales\plot-with-manager.dta
{txt}  obs:{res}         9,229                          
{txt} vars:{res}            46                          15 Oct 2020 16:30
                                              (_dta has notes)
{txt}{hline}
              storage   display    value
variable name   type    format     label      variable label
{hline}
{p 0 48}{res}{bind:case_id        }{txt}{bind: double  }{bind:{txt}%10.0g    }{space 1}{bind:         }{bind:  }{res}{res}IHS3 Baseline case_id as in IHS3 Public Data{p_end}
{p 0 48}{bind:plotid         }{txt}{bind: str4    }{bind:{txt}%9s       }{space 1}{bind:         }{bind:  }{res}{res}Plot ID{p_end}
{p 0 48}{bind:plotsize       }{txt}{bind: float   }{bind:{txt}%9.0g     }{space 1}{bind:         }{bind:  }{res}{res}Plot Size (ha){p_end}
{p 0 48}{bind:mz_yield       }{txt}{bind: float   }{bind:{txt}%9.0g     }{space 1}{bind:         }{bind:  }{res}{res}Maize yield (kg/ha){p_end}
{p 0 48}{bind:mz_yieldimp    }{txt}{bind: float   }{bind:{txt}%9.0g     }{space 1}{bind:         }{bind:  }{res}{res}Maize yield (kg/ha), imputed{p_end}
{p 0 48}{bind:harvest_value  }{txt}{bind: double  }{bind:{txt}%9.0g     }{space 1}{bind:         }{bind:  }{res}{res}Value of harvest (MWK){p_end}
{p 0 48}{bind:harvest_va~eimp}{txt}{bind: float   }{bind:{txt}%9.0g     }{space 1}{bind:         }{bind:  }{res}{res}Value of harvest (MWK), imputed{p_end}
{p 0 48}{bind:harvest_valueha}{txt}{bind: float   }{bind:{txt}%9.0g     }{space 1}{bind:         }{bind:  }{res}{res}Value of harvest per hectare (MWK/ha){p_end}
{p 0 48}{bind:harvest_va~aimp}{txt}{bind: float   }{bind:{txt}%9.0g     }{space 1}{bind:         }{bind:  }{res}{res}Value of harvest per hectare (MWK/ha), imputed{p_end}
{p 0 48}{bind:year           }{txt}{bind: int     }{bind:{txt}%9.0g     }{space 1}{bind:         }{bind:  }{res}{res}{p_end}
{p 0 48}{bind:y2_hhid        }{txt}{bind: str8    }{bind:{txt}%9s       }{space 1}{bind:         }{bind:  }{res}{res}Unique Household Identification IHPS{p_end}
{p 0 48}{bind:y3_hhid        }{txt}{bind: str8    }{bind:{txt}%9s       }{space 1}{bind:         }{bind:  }{res}{res}Unique Household Identification IHS4{p_end}
{p 0 48}{bind:gardenid       }{txt}{bind: str4    }{bind:{txt}%9s       }{space 1}{bind:         }{bind:  }{res}{res}Garden ID{p_end}
{p 0 48}{bind:ea_id          }{txt}{bind: str8    }{bind:{txt}%9s       }{space 1}{bind:         }{bind:  }{res}{res}Unique EA Identifier{p_end}
{p 0 48}{bind:manager1       }{txt}{bind: byte    }{bind:{txt}%8.0g     }{space 1}{bind:         }{bind:  }{res}{res}Who in HH makes decisions concerning crops to be planted,input use,timing of cro{p_end}
{p 0 48}{bind:manager2       }{txt}{bind: byte    }{bind:{txt}%8.0g     }{space 1}{bind:         }{bind:  }{res}{res}ENUMERATOR: Record the ID of the respondent.{p_end}
{p 0 48}{bind:owner1         }{txt}{bind: byte    }{bind:{txt}%8.0g     }{space 1}{bind:         }{bind:  }{res}{res}Who in this household owns this [PLOT]?(ID CODE #1){p_end}
{p 0 48}{bind:owner2         }{txt}{bind: byte    }{bind:{txt}%8.0g     }{space 1}{bind:         }{bind:  }{res}{res}Who in this household owns this [PLOT]?(ID CODE #2){p_end}
{p 0 48}{bind:mangagero_1    }{txt}{bind: byte    }{bind:{txt}%8.0g     }{space 1}{bind:         }{bind:  }{res}{res}Who are the other decision makers on the [PLOT]? (1ST){p_end}
{p 0 48}{bind:region         }{txt}{bind: byte    }{bind:{txt}%9.0g     }{space 1}{bind:region   }{bind:  }{res}{res}Region{p_end}
{p 0 48}{bind:district       }{txt}{bind: int     }{bind:{txt}%13.0g    }{space 1}{bind:district }{bind:  }{res}{res}District{p_end}
{p 0 48}{bind:urban          }{txt}{bind: byte    }{bind:{txt}%8.0g     }{space 1}{bind:urban    }{bind:  }{res}{res}Urban/rural{p_end}
{p 0 48}{bind:ta             }{txt}{bind: byte    }{bind:{txt}%9.0g     }{space 1}{bind:         }{bind:  }{res}{res}Traditional authority{p_end}
{p 0 48}{bind:strata         }{txt}{bind: byte    }{bind:{txt}%14.0g    }{space 1}{bind:strata   }{bind:  }{res}{res}Baseline Stratum - Region x Urban/Rural{p_end}
{p 0 48}{bind:cluster        }{txt}{bind: long    }{bind:{txt}%10.0g    }{space 1}{bind:         }{bind:  }{res}{res}Cluster or PSU{p_end}
{p 0 48}{bind:hhweightR1     }{txt}{bind: double  }{bind:{txt}%9.0g     }{space 1}{bind:         }{bind:  }{res}{res}Baseline Sampling Weight{p_end}
{p 0 48}{bind:sex_manager1   }{txt}{bind: byte    }{bind:{txt}%9.0g     }{space 1}{bind:sex      }{bind:  }{res}{res}Sex of individual{p_end}
{p 0 48}{bind:rltn_manager1  }{txt}{bind: byte    }{bind:{txt}%29.0g    }{space 1}{bind:rltn     }{bind:  }{res}{res}Relationship of individual to Household Head{p_end}
{p 0 48}{bind:age_manager1   }{txt}{bind: int     }{bind:{txt}%9.0g     }{space 1}{bind:         }{bind:  }{res}{res}Individual age (years){p_end}
{p 0 48}{bind:educ_years_ma~1}{txt}{bind: byte    }{bind:{txt}%9.0g     }{space 1}{bind:         }{bind:  }{res}{res}Years of Education{p_end}
{p 0 48}{bind:urbanR2        }{txt}{bind: byte    }{bind:{txt}%9.0g     }{space 1}{bind:urban    }{bind:  }{res}{res}Urban/rural{p_end}
{p 0 48}{bind:urbanR1        }{txt}{bind: byte    }{bind:{txt}%8.0g     }{space 1}{bind:urban    }{bind:  }{res}{res}Baseline Urban/rural{p_end}
{p 0 48}{bind:strataR1       }{txt}{bind: byte    }{bind:{txt}%14.0g    }{space 1}{bind:strata   }{bind:  }{res}{res}Baseline Strata{p_end}
{p 0 48}{bind:strataR2       }{txt}{bind: byte    }{bind:{txt}%14.0g    }{space 1}{bind:strata   }{bind:  }{res}{res}2013 Strata{p_end}
{p 0 48}{bind:hhweightR2     }{txt}{bind: byte    }{bind:{txt}%9.0g     }{space 1}{bind:         }{bind:  }{res}{res}panel weight 2013{p_end}
{p 0 48}{bind:splitoffR2     }{txt}{bind: byte    }{bind:{txt}%19.0g    }{space 1}{bind:splitoff }{bind:  }{res}{res}Household split off from an IHS3 Household = 2{p_end}
{p 0 48}{bind:PID            }{txt}{bind: str1    }{bind:{txt}%9s       }{space 1}{bind:         }{bind:  }{res}{res}Assigned Unique Serial Number for IHS3 Baseline and IHPS New Members{p_end}
{p 0 48}{bind:hhmember       }{txt}{bind: byte    }{bind:{txt}%9.0g     }{space 1}{bind:         }{bind:  }{res}{res}Dummy Variable = 1 if Individual is Considered a Household Member in 2013{p_end}
{p 0 48}{bind:urbanR3        }{txt}{bind: byte    }{bind:{txt}%10.0g    }{space 1}{bind:urban    }{bind:  }{res}{res}Urban/rural{p_end}
{p 0 48}{bind:strataR3       }{txt}{bind: byte    }{bind:{txt}%9.0g     }{space 1}{bind:strataR3 }{bind:  }{res}{res}2016 Strata{p_end}
{p 0 48}{bind:hhweightR3     }{txt}{bind: byte    }{bind:{txt}%10.0g    }{space 1}{bind:         }{bind:  }{res}{res}Panel Weight 2016{p_end}
{p 0 48}{bind:mover_R1R2R3   }{txt}{bind: byte    }{bind:{txt}%8.0g     }{space 1}{bind:yesno    }{bind:  }{res}{res}Household moved from its original 2010 sampling location in either 2013 or 2016{p_end}
{p 0 48}{bind:sex_manager2   }{txt}{bind: byte    }{bind:{txt}%9.0g     }{space 1}{bind:sex      }{bind:  }{res}{res}Sex of individual{p_end}
{p 0 48}{bind:rltn_manager2  }{txt}{bind: byte    }{bind:{txt}%29.0g    }{space 1}{bind:rltn     }{bind:  }{res}{res}Relationship of individual to Household Head{p_end}
{p 0 48}{bind:age_manager2   }{txt}{bind: int     }{bind:{txt}%9.0g     }{space 1}{bind:         }{bind:  }{res}{res}Individual age (years){p_end}
{p 0 48}{bind:educ_years_ma~2}{txt}{bind: byte    }{bind:{txt}%9.0g     }{space 1}{bind:         }{bind:  }{res}{res}Years of Education{p_end}
{txt}{hline}
Sorted by: 
{res}     Note: Dataset has changed since last saved.
{txt}
{com}. summarize 

{txt}    Variable {c |}        Obs        Mean    Std. Dev.       Min        Max
{hline 13}{c +}{hline 57}
{space 5}case_id {c |}{res}      2,427    2.38e+11    6.59e+10   1.01e+11   3.16e+11
{txt}{space 6}plotid {c |}{res}          0
{txt}{space 4}plotsize {c |}{res}      9,229    .3541203    .3221177   .0040469   3.897123
{txt}{space 4}mz_yield {c |}{res}      8,517    1481.519    9233.867          0   691203.2
{txt}{space 1}mz_yieldimp {c |}{res}      8,517    1099.341    1651.951          0   38189.11
{txt}{hline 13}{c +}{hline 57}
harvest_va~e {c |}{res}      9,229    58681.66    289061.7          0   2.10e+07
{txt}harvest~eimp {c |}{res}      9,229    50185.61    107327.8          0    3333333
{txt}harvest_va~a {c |}{res}      9,229    229071.8     1500935          0   1.30e+08
{txt}harvest~aimp {c |}{res}      9,229    173869.8      247888          0    3993076
{txt}{space 8}year {c |}{res}      9,229    2012.459    2.428953       2009       2015
{txt}{hline 13}{c +}{hline 57}
{space 5}y2_hhid {c |}{res}          0
{txt}{space 5}y3_hhid {c |}{res}          0
{txt}{space 4}gardenid {c |}{res}          0
{txt}{space 7}ea_id {c |}{res}          0
{txt}{space 4}manager1 {c |}{res}      9,224     1.16869    .5444084          1         13
{txt}{hline 13}{c +}{hline 57}
{space 4}manager2 {c |}{res}      9,205    1.348724    .4975601          1          7
{txt}{space 6}owner1 {c |}{res}      4,354    1.335783    .5595864          1          8
{txt}{space 6}owner2 {c |}{res}        660    1.898485    .3899311          1          5
{txt}{space 1}mangagero_1 {c |}{res}      4,518    1.860558    .7073652          1         11
{txt}{space 6}region {c |}{res}      2,413    2.320763    .6514844          1          3
{txt}{hline 13}{c +}{hline 57}
{space 4}district {c |}{res}      2,413    237.8148    65.90952        101        315
{txt}{space 7}urban {c |}{res}      2,413    1.890178    .3127323          1          2
{txt}{space 10}ta {c |}{res}      2,413    9.995441    15.70308          1         86
{txt}{space 6}strata {c |}{res}      2,413    4.531703    1.376603          1          6
{txt}{space 5}cluster {c |}{res}      2,413    2.38e+07     6589273   1.01e+07   3.16e+07
{txt}{hline 13}{c +}{hline 57}
{space 2}hhweightR1 {c |}{res}      2,413    2339.986      1216.9    70.8552   7370.562
{txt}sex_manager1 {c |}{res}      2,413     1.27269    .4454349          1          2
{txt}rltn_manag~1 {c |}{res}      2,413    1.109407    .3693909          1          8
{txt}age_manager1 {c |}{res}      2,413    42.77663    15.62632          4        110
{txt}educ_years~1 {c |}{res}      2,413    5.414007    4.092292          0         19
{txt}{hline 13}{c +}{hline 57}
{space 5}urbanR2 {c |}{res}          0
{txt}{space 5}urbanR1 {c |}{res}          0
{txt}{space 4}strataR1 {c |}{res}          0
{txt}{space 4}strataR2 {c |}{res}          0
{txt}{space 2}hhweightR2 {c |}{res}          0
{txt}{hline 13}{c +}{hline 57}
{space 2}splitoffR2 {c |}{res}          0
{txt}{space 9}PID {c |}{res}          0
{txt}{space 4}hhmember {c |}{res}          0
{txt}{space 5}urbanR3 {c |}{res}          0
{txt}{space 4}strataR3 {c |}{res}          0
{txt}{hline 13}{c +}{hline 57}
{space 2}hhweightR3 {c |}{res}          0
{txt}mover_R1R2R3 {c |}{res}          0
{txt}sex_manager2 {c |}{res}      2,391    1.542869    .4982631          1          2
{txt}rltn_manag~2 {c |}{res}      2,391    1.428273    .6601156          1         10
{txt}age_manager2 {c |}{res}      2,391    40.52823    15.74235          4        110
{txt}{hline 13}{c +}{hline 57}
educ_years~2 {c |}{res}      2,391    5.115015     3.97194          0         19
{txt}
{com}. 
. * close the log
.         log     close   
      {txt}name:  {res}<unnamed>
       {txt}log:  {res}C:\Users\aljosephson\git\dissertation\e1_gender\logs/building_joint_variables-data.smcl
  {txt}log type:  {res}smcl
 {txt}closed on:  {res}15 Oct 2020, 16:30:56
{txt}{.-}
{smcl}
{txt}{sf}{ul off}{smcl}
{com}{sf}{ul off}{txt}{.-}
      name:  {res}<unnamed>
       {txt}log:  {res}C:\Users\aljosephson\git\dissertation\e1_gender\logs/building_joint_variables-data.smcl
  {txt}log type:  {res}smcl
 {txt}opened on:  {res}15 Oct 2020, 16:38:50
{txt}
{com}.         
. 
. * **********************************************************************
. * 1 - merge together production PLOT and decision making 
. * **********************************************************************
. 
.         use                     "$fil\Cleaned_LSMS\rs_hh_plot.dta", clear
{txt}
{com}.         
.         merge                   m:m case_id y2_hhid y3_hhid year plotid using ///
>                                                 "C:\Users\aljosephson\Dropbox\Out for Review\Dissertation\Data - LSMS Malawi\_replication2020\decision-making\decision_wet_all.dta"
{res}
{txt}{col 5}Result{col 38}# of obs.
{col 5}{hline 41}
{col 5}not matched{col 30}{res}          20,568
{txt}{col 9}from master{col 30}{res}               0{txt}  (_merge==1)
{col 9}from using{col 30}{res}          20,568{txt}  (_merge==2)

{col 5}matched{col 30}{res}           9,229{txt}  (_merge==3)
{col 5}{hline 41}

{com}.         keep                    if _merge == 3
{txt}(20,568 observations deleted)

{com}.         *** drops 20568 observations from using which did not match 
.         
.         keep                    case_id plotid plotsize mz_yield mz_yieldimp harvest_value harvest_valueimp harvest_valueha ///
>                                                 harvest_valuehaimp year y2_hhid y3_hhid gardenid ea_id manager1 manager2 owner1 owner2 mangagero_1 
{txt}
{com}.                                                 
.         save                    "$fil\production-and-sales\plot-with-manager", replace
{txt}file C:\Users\aljosephson\Dropbox\Out for Review\Dissertation\Data - LSMS Malawi\_replication2020\production-and-sales\plot-with-manager.dta saved

{com}.         
. * **********************************************************************
. * 2 - merge together to determine sex of manager 
. * **********************************************************************
. 
. * will need to repeat twice - once for each manager? 
. 
. * manager 1
.         rename                  manager1 id_code 
{res}{txt}
{com}.         merge                   m:m case_id y2_hhid y3_hhid year id_code using "$fil\household\household_all.dta"
{res}
{txt}{col 5}Result{col 38}# of obs.
{col 5}{hline 41}
{col 5}not matched{col 30}{res}          35,435
{txt}{col 9}from master{col 30}{res}           6,816{txt}  (_merge==1)
{col 9}from using{col 30}{res}          28,619{txt}  (_merge==2)

{col 5}matched{col 30}{res}           2,413{txt}  (_merge==3)
{col 5}{hline 41}

{com}.         drop                    if _merge == 2
{txt}(28,619 observations deleted)

{com}.         *** drop 28619 not matched
.         *** matched 2413 (from master 6816 not matched)
.         
.         rename                  id_code manager1
{res}{txt}
{com}.         rename                  sex sex_manager1
{res}{txt}
{com}.         rename                  rltn rltn_manager1
{res}{txt}
{com}.         rename                  age age_manager1
{res}{txt}
{com}.         rename                  educ_years educ_years_manager1
{res}{txt}
{com}.         drop                    _merge 
{txt}
{com}.         
. * manager 2     
.         rename                  manager2 id_code 
{res}{txt}
{com}.         merge                   m:m case_id y2_hhid y3_hhid year id_code using "$fil\household\household_all.dta"
{res}{txt}(label sex already defined)
(label rltn already defined)
(label district already defined)
(label strata already defined)
(label region already defined)
(label urban already defined)
(label splitoff already defined)
(label strataR3 already defined)
(label yesno already defined)

{col 5}Result{col 38}# of obs.
{col 5}{hline 41}
{col 5}not matched{col 30}{res}          35,489
{txt}{col 9}from master{col 30}{res}           6,838{txt}  (_merge==1)
{col 9}from using{col 30}{res}          28,651{txt}  (_merge==2)

{col 5}matched{col 30}{res}           2,391{txt}  (_merge==3)
{col 5}{hline 41}

{com}.         drop                    if _merge == 2
{txt}(28,651 observations deleted)

{com}.         *** drop 28651 not matched
.         *** matched 2391 (from master 6838 not matched)
.         
.         rename                  id_code manager2
{res}{txt}
{com}.         rename                  sex sex_manager2
{res}{txt}
{com}.         rename                  rltn rltn_manager2
{res}{txt}
{com}.         rename                  age age_manager2
{res}{txt}
{com}.         rename                  educ_years educ_years_manager2
{res}{txt}
{com}.         drop                    _merge 
{txt}
{com}. 
.         save                    "$fil\production-and-sales\plot-with-manager", replace
{txt}file C:\Users\aljosephson\Dropbox\Out for Review\Dissertation\Data - LSMS Malawi\_replication2020\production-and-sales\plot-with-manager.dta saved

{com}.         
. * **********************************************************************
. * 3 - determine management 
. * **********************************************************************
.         
. * determine primary manager     
.         bys case_id plotid id_code: gen female_dec = 1 if sex_manager1 == 2 
{err}variable {bf}id_code{sf} not found
{txt}{search r(111), local:r(111);}

end of do-file

{search r(111), local:r(111);}

{com}. do "C:\Users\ALJOSE~1\AppData\Local\Temp\STD2ea0_000000.tmp"
{txt}
{com}. * Project: Joint Household Resources - Malawi 
. * Created: October 2020
. * Created by: alj
. * Last edit: 14 October 2020
. * Stata v.16.1
. 
. * does
.         * combines files on (1) production, (2) decision making, (3) consumption, (4) geovars, (5) household  
. 
. * assumes
.         * access to data file(s) previously created ... 
. 
. * to do 
.         * all of it 
.         * clean up data files 
.         * code and data can be made available on github and googledrive 
. 
. * **********************************************************************
. * 0 - setup
. * **********************************************************************
. 
. * define
.         global  fil             =       "C:\Users\aljosephson\Dropbox\Out for Review\Dissertation\Data - LSMS Malawi\_replication2020" 
{txt}
{com}.         global  code    =       "C:\Users\aljosephson\git\dissertation\e1_gender\code"
{txt}
{com}.         global  logs    =       "C:\Users\aljosephson\git\dissertation\e1_gender\logs" 
{txt}
{com}. 
. * open log
.         cap log                 close
{smcl}
{com}{sf}{ul off}{smcl}
{com}{sf}{ul off}{txt}{.-}
      name:  {res}<unnamed>
       {txt}log:  {res}C:\Users\aljosephson\git\dissertation\e1_gender\logs/building_joint_variables-data.smcl
  {txt}log type:  {res}smcl
 {txt}opened on:  {res}15 Oct 2020, 16:39:03
{txt}
{com}.         
. 
. * **********************************************************************
. * 1 - merge together production PLOT and decision making 
. * **********************************************************************
. 
.         use                     "$fil\Cleaned_LSMS\rs_hh_plot.dta", clear
{txt}
{com}.         
.         merge                   m:m case_id y2_hhid y3_hhid year plotid using ///
>                                                 "C:\Users\aljosephson\Dropbox\Out for Review\Dissertation\Data - LSMS Malawi\_replication2020\decision-making\decision_wet_all.dta"
{res}
{txt}{col 5}Result{col 38}# of obs.
{col 5}{hline 41}
{col 5}not matched{col 30}{res}          20,568
{txt}{col 9}from master{col 30}{res}               0{txt}  (_merge==1)
{col 9}from using{col 30}{res}          20,568{txt}  (_merge==2)

{col 5}matched{col 30}{res}           9,229{txt}  (_merge==3)
{col 5}{hline 41}

{com}.         keep                    if _merge == 3
{txt}(20,568 observations deleted)

{com}.         *** drops 20568 observations from using which did not match 
.         
.         keep                    case_id plotid plotsize mz_yield mz_yieldimp harvest_value harvest_valueimp harvest_valueha ///
>                                                 harvest_valuehaimp year y2_hhid y3_hhid gardenid ea_id manager1 manager2 owner1 owner2 mangagero_1 
{txt}
{com}.                                                 
.         save                    "$fil\production-and-sales\plot-with-manager", replace
{txt}file C:\Users\aljosephson\Dropbox\Out for Review\Dissertation\Data - LSMS Malawi\_replication2020\production-and-sales\plot-with-manager.dta saved

{com}.         
. * **********************************************************************
. * 2 - merge together to determine sex of manager 
. * **********************************************************************
. 
. * will need to repeat twice - once for each manager? 
. 
. * manager 1
.         rename                  manager1 id_code 
{res}{txt}
{com}.         merge                   m:m case_id y2_hhid y3_hhid year id_code using "$fil\household\household_all.dta"
{res}
{txt}{col 5}Result{col 38}# of obs.
{col 5}{hline 41}
{col 5}not matched{col 30}{res}          35,435
{txt}{col 9}from master{col 30}{res}           6,816{txt}  (_merge==1)
{col 9}from using{col 30}{res}          28,619{txt}  (_merge==2)

{col 5}matched{col 30}{res}           2,413{txt}  (_merge==3)
{col 5}{hline 41}

{com}.         drop                    if _merge == 2
{txt}(28,619 observations deleted)

{com}.         *** drop 28619 not matched
.         *** matched 2413 (from master 6816 not matched)
.         
.         rename                  id_code manager1
{res}{txt}
{com}.         rename                  sex sex_manager1
{res}{txt}
{com}.         rename                  rltn rltn_manager1
{res}{txt}
{com}.         rename                  age age_manager1
{res}{txt}
{com}.         rename                  educ_years educ_years_manager1
{res}{txt}
{com}.         drop                    _merge 
{txt}
{com}.         
. * manager 2     
.         rename                  manager2 id_code 
{res}{txt}
{com}.         merge                   m:m case_id y2_hhid y3_hhid year id_code using "$fil\household\household_all.dta"
{res}{txt}(label sex already defined)
(label rltn already defined)
(label district already defined)
(label strata already defined)
(label region already defined)
(label urban already defined)
(label splitoff already defined)
(label strataR3 already defined)
(label yesno already defined)

{col 5}Result{col 38}# of obs.
{col 5}{hline 41}
{col 5}not matched{col 30}{res}          35,489
{txt}{col 9}from master{col 30}{res}           6,838{txt}  (_merge==1)
{col 9}from using{col 30}{res}          28,651{txt}  (_merge==2)

{col 5}matched{col 30}{res}           2,391{txt}  (_merge==3)
{col 5}{hline 41}

{com}.         drop                    if _merge == 2
{txt}(28,651 observations deleted)

{com}.         *** drop 28651 not matched
.         *** matched 2391 (from master 6838 not matched)
.         
.         rename                  id_code manager2
{res}{txt}
{com}.         rename                  sex sex_manager2
{res}{txt}
{com}.         rename                  rltn rltn_manager2
{res}{txt}
{com}.         rename                  age age_manager2
{res}{txt}
{com}.         rename                  educ_years educ_years_manager2
{res}{txt}
{com}.         drop                    _merge 
{txt}
{com}. 
.         save                    "$fil\production-and-sales\plot-with-manager", replace
{txt}file C:\Users\aljosephson\Dropbox\Out for Review\Dissertation\Data - LSMS Malawi\_replication2020\production-and-sales\plot-with-manager.dta saved

{com}.         
. * **********************************************************************
. * 3 - determine management 
. * **********************************************************************
.         
. * determine primary manager     
.         bys case_id plotid: gen female_dec = 1 if sex_manager1 == 2 
{txt}(8,571 missing values generated)

{com}.         replace female_dec = 0 if female_dec == .
{txt}(8,571 real changes made)

{com}.         bys case_id plotid: gen male_dec = 1 if sex_manager1 == 1
{txt}(7,474 missing values generated)

{com}.         replace male_dec = 0 if male_dec == .   
{txt}(7,474 real changes made)

{com}.         
.         bys case_id plotid: gen joint_dec = 1 if sex_manager2 =! . 
{err}invalid syntax
{txt}{search r(198), local:r(198);}

end of do-file

{search r(198), local:r(198);}

{com}. do "C:\Users\ALJOSE~1\AppData\Local\Temp\STD2ea0_000000.tmp"
{txt}
{com}.         bys case_id plotid: gen joint_dec = 1 if sex_manager2 != . 
{txt}(6,838 missing values generated)

{com}.         replace joint_dec = . if joint_dec == . 
{txt}(0 real changes made)

{com}. 
{txt}end of do-file

{com}. tab female_dec

 {txt}female_dec {c |}      Freq.     Percent        Cum.
{hline 12}{c +}{hline 35}
          0 {c |}{res}      8,571       92.87       92.87
{txt}          1 {c |}{res}        658        7.13      100.00
{txt}{hline 12}{c +}{hline 35}
      Total {c |}{res}      9,229      100.00

{com}. tab male_dec

   {txt}male_dec {c |}      Freq.     Percent        Cum.
{hline 12}{c +}{hline 35}
          0 {c |}{res}      7,474       80.98       80.98
{txt}          1 {c |}{res}      1,755       19.02      100.00
{txt}{hline 12}{c +}{hline 35}
      Total {c |}{res}      9,229      100.00

{com}. tab joint_dec

  {txt}joint_dec {c |}      Freq.     Percent        Cum.
{hline 12}{c +}{hline 35}
          1 {c |}{res}      2,391      100.00      100.00
{txt}{hline 12}{c +}{hline 35}
      Total {c |}{res}      2,391      100.00

{com}. tab manager2

{txt}ENUMERATOR: {c |}
 Record the {c |}
  ID of the {c |}
respondent. {c |}      Freq.     Percent        Cum.
{hline 12}{c +}{hline 35}
          1 {c |}{res}      6,044       65.66       65.66
{txt}          2 {c |}{res}      3,133       34.04       99.70
{txt}          3 {c |}{res}         19        0.21       99.90
{txt}          4 {c |}{res}          5        0.05       99.96
{txt}          7 {c |}{res}          4        0.04      100.00
{txt}{hline 12}{c +}{hline 35}
      Total {c |}{res}      9,205      100.00

{com}. tab manager2, missing

{txt}ENUMERATOR: {c |}
 Record the {c |}
  ID of the {c |}
respondent. {c |}      Freq.     Percent        Cum.
{hline 12}{c +}{hline 35}
          1 {c |}{res}      6,044       65.49       65.49
{txt}          2 {c |}{res}      3,133       33.95       99.44
{txt}          3 {c |}{res}         19        0.21       99.64
{txt}          4 {c |}{res}          5        0.05       99.70
{txt}          7 {c |}{res}          4        0.04       99.74
{txt}          . {c |}{res}         24        0.26      100.00
{txt}{hline 12}{c +}{hline 35}
      Total {c |}{res}      9,229      100.00

{com}. bys manager1: tab manager2

{txt}{hline}
-> manager1 = 1

ENUMERATOR: {c |}
 Record the {c |}
  ID of the {c |}
respondent. {c |}      Freq.     Percent        Cum.
{hline 12}{c +}{hline 35}
          1 {c |}{res}      5,339       66.87       66.87
{txt}          2 {c |}{res}      2,623       32.85       99.72
{txt}          3 {c |}{res}         13        0.16       99.89
{txt}          4 {c |}{res}          5        0.06       99.95
{txt}          7 {c |}{res}          4        0.05      100.00
{txt}{hline 12}{c +}{hline 35}
      Total {c |}{res}      7,984      100.00

{txt}{hline}
-> manager1 = 2

ENUMERATOR: {c |}
 Record the {c |}
  ID of the {c |}
respondent. {c |}      Freq.     Percent        Cum.
{hline 12}{c +}{hline 35}
          1 {c |}{res}        604       56.34       56.34
{txt}          2 {c |}{res}        462       43.10       99.44
{txt}          3 {c |}{res}          6        0.56      100.00
{txt}{hline 12}{c +}{hline 35}
      Total {c |}{res}      1,072      100.00

{txt}{hline}
-> manager1 = 3

ENUMERATOR: {c |}
 Record the {c |}
  ID of the {c |}
respondent. {c |}      Freq.     Percent        Cum.
{hline 12}{c +}{hline 35}
          1 {c |}{res}         31       62.00       62.00
{txt}          2 {c |}{res}         19       38.00      100.00
{txt}{hline 12}{c +}{hline 35}
      Total {c |}{res}         50      100.00

{txt}{hline}
-> manager1 = 4

ENUMERATOR: {c |}
 Record the {c |}
  ID of the {c |}
respondent. {c |}      Freq.     Percent        Cum.
{hline 12}{c +}{hline 35}
          1 {c |}{res}         38       80.85       80.85
{txt}          2 {c |}{res}          9       19.15      100.00
{txt}{hline 12}{c +}{hline 35}
      Total {c |}{res}         47      100.00

{txt}{hline}
-> manager1 = 5

ENUMERATOR: {c |}
 Record the {c |}
  ID of the {c |}
respondent. {c |}      Freq.     Percent        Cum.
{hline 12}{c +}{hline 35}
          1 {c |}{res}         17       65.38       65.38
{txt}          2 {c |}{res}          9       34.62      100.00
{txt}{hline 12}{c +}{hline 35}
      Total {c |}{res}         26      100.00

{txt}{hline}
-> manager1 = 6

ENUMERATOR: {c |}
 Record the {c |}
  ID of the {c |}
respondent. {c |}      Freq.     Percent        Cum.
{hline 12}{c +}{hline 35}
          1 {c |}{res}          6       54.55       54.55
{txt}          2 {c |}{res}          5       45.45      100.00
{txt}{hline 12}{c +}{hline 35}
      Total {c |}{res}         11      100.00

{txt}{hline}
-> manager1 = 7

ENUMERATOR: {c |}
 Record the {c |}
  ID of the {c |}
respondent. {c |}      Freq.     Percent        Cum.
{hline 12}{c +}{hline 35}
          1 {c |}{res}          4       50.00       50.00
{txt}          2 {c |}{res}          4       50.00      100.00
{txt}{hline 12}{c +}{hline 35}
      Total {c |}{res}          8      100.00

{txt}{hline}
-> manager1 = 8

ENUMERATOR: {c |}
 Record the {c |}
  ID of the {c |}
respondent. {c |}      Freq.     Percent        Cum.
{hline 12}{c +}{hline 35}
          2 {c |}{res}          1      100.00      100.00
{txt}{hline 12}{c +}{hline 35}
      Total {c |}{res}          1      100.00

{txt}{hline}
-> manager1 = 9

ENUMERATOR: {c |}
 Record the {c |}
  ID of the {c |}
respondent. {c |}      Freq.     Percent        Cum.
{hline 12}{c +}{hline 35}
          1 {c |}{res}          1       50.00       50.00
{txt}          2 {c |}{res}          1       50.00      100.00
{txt}{hline 12}{c +}{hline 35}
      Total {c |}{res}          2      100.00

{txt}{hline}
-> manager1 = 13

ENUMERATOR: {c |}
 Record the {c |}
  ID of the {c |}
respondent. {c |}      Freq.     Percent        Cum.
{hline 12}{c +}{hline 35}
          1 {c |}{res}          1      100.00      100.00
{txt}{hline 12}{c +}{hline 35}
      Total {c |}{res}          1      100.00

{txt}{hline}
-> manager1 = .

ENUMERATOR: {c |}
 Record the {c |}
  ID of the {c |}
respondent. {c |}      Freq.     Percent        Cum.
{hline 12}{c +}{hline 35}
          1 {c |}{res}          3      100.00      100.00
{txt}{hline 12}{c +}{hline 35}
      Total {c |}{res}          3      100.00


{com}. do "C:\Users\ALJOSE~1\AppData\Local\Temp\STD2ea0_000000.tmp"
{txt}
{com}.         replace joint_dec = . if manager1 == . | manager2 == .
{txt}(2 real changes made, 2 to missing)

{com}. 
{txt}end of do-file

{com}. do "C:\Users\ALJOSE~1\AppData\Local\Temp\STD2ea0_000000.tmp"
{txt}
{com}.         replace joint_dec = . if sex_manager1 == . | sex_manager2 == .
{txt}(5 real changes made, 5 to missing)

{com}. 
{txt}end of do-file

{com}. tab mangaer1, missing
{err}variable {bf}mangaer1{sf} not found
{txt}{search r(111), local:r(111);}

{com}. tab manager1, missing

  {txt}Who in HH {c |}
      makes {c |}
  decisions {c |}
 concerning {c |}
crops to be {c |}
planted,inp {c |}
         ut {c |}
 use,timing {c |}
     of cro {c |}      Freq.     Percent        Cum.
{hline 12}{c +}{hline 35}
          1 {c |}{res}      8,005       86.74       86.74
{txt}          2 {c |}{res}      1,073       11.63       98.36
{txt}          3 {c |}{res}         50        0.54       98.91
{txt}          4 {c |}{res}         47        0.51       99.41
{txt}          5 {c |}{res}         26        0.28       99.70
{txt}          6 {c |}{res}         11        0.12       99.82
{txt}          7 {c |}{res}          8        0.09       99.90
{txt}          8 {c |}{res}          1        0.01       99.91
{txt}          9 {c |}{res}          2        0.02       99.93
{txt}         13 {c |}{res}          1        0.01       99.95
{txt}          . {c |}{res}          5        0.05      100.00
{txt}{hline 12}{c +}{hline 35}
      Total {c |}{res}      9,229      100.00

{com}. tab manager2, missing

{txt}ENUMERATOR: {c |}
 Record the {c |}
  ID of the {c |}
respondent. {c |}      Freq.     Percent        Cum.
{hline 12}{c +}{hline 35}
          1 {c |}{res}      6,044       65.49       65.49
{txt}          2 {c |}{res}      3,133       33.95       99.44
{txt}          3 {c |}{res}         19        0.21       99.64
{txt}          4 {c |}{res}          5        0.05       99.70
{txt}          7 {c |}{res}          4        0.04       99.74
{txt}          . {c |}{res}         24        0.26      100.00
{txt}{hline 12}{c +}{hline 35}
      Total {c |}{res}      9,229      100.00

{com}. replace manager2 = . if manager1 == manager2
{txt}(5,801 real changes made, 5,801 to missing)

{com}. tab manager2

{txt}ENUMERATOR: {c |}
 Record the {c |}
  ID of the {c |}
respondent. {c |}      Freq.     Percent        Cum.
{hline 12}{c +}{hline 35}
          1 {c |}{res}        705       20.71       20.71
{txt}          2 {c |}{res}      2,671       78.47       99.18
{txt}          3 {c |}{res}         19        0.56       99.74
{txt}          4 {c |}{res}          5        0.15       99.88
{txt}          7 {c |}{res}          4        0.12      100.00
{txt}{hline 12}{c +}{hline 35}
      Total {c |}{res}      3,404      100.00

{com}. tab manager2, missing

{txt}ENUMERATOR: {c |}
 Record the {c |}
  ID of the {c |}
respondent. {c |}      Freq.     Percent        Cum.
{hline 12}{c +}{hline 35}
          1 {c |}{res}        705        7.64        7.64
{txt}          2 {c |}{res}      2,671       28.94       36.58
{txt}          3 {c |}{res}         19        0.21       36.79
{txt}          4 {c |}{res}          5        0.05       36.84
{txt}          7 {c |}{res}          4        0.04       36.88
{txt}          . {c |}{res}      5,825       63.12      100.00
{txt}{hline 12}{c +}{hline 35}
      Total {c |}{res}      9,229      100.00

{com}. do "C:\Users\ALJOSE~1\AppData\Local\Temp\STD2ea0_000000.tmp"
{txt}
{com}. * Project: Joint Household Resources - Malawi 
. * Created: October 2020
. * Created by: alj
. * Last edit: 16 October 2020
. * Stata v.16.1
. 
. * does
.         * combines files on (1) production, (2) decision making, (3) consumption, (4) geovars, (5) household  
. 
. * assumes
.         * access to data file(s) previously created ... 
. 
. * to do 
.         * all of it 
.         * clean up data files 
.         * code and data can be made available on github and googledrive 
. 
. * **********************************************************************
. * 0 - setup
. * **********************************************************************
. 
. * define
.         global  fil             =       "C:\Users\aljosephson\Dropbox\Out for Review\Dissertation\Data - LSMS Malawi\_replication2020" 
{txt}
{com}.         global  code    =       "C:\Users\aljosephson\git\dissertation\e1_gender\code"
{txt}
{com}.         global  logs    =       "C:\Users\aljosephson\git\dissertation\e1_gender\logs" 
{txt}
{com}. 
. * open log
.         cap log                 close
{smcl}
{com}{sf}{ul off}{smcl}
{com}{sf}{ul off}{txt}{.-}
      name:  {res}<unnamed>
       {txt}log:  {res}C:\Users\aljosephson\git\dissertation\e1_gender\logs/building_joint_variables-data.smcl
  {txt}log type:  {res}smcl
 {txt}opened on:  {res}16 Oct 2020, 10:20:11
{txt}
{com}.         
. 
. * **********************************************************************
. * 1 - merge together production PLOT and decision making 
. * **********************************************************************
. 
.         use                     "$fil\Cleaned_LSMS\rs_hh_plot.dta", clear
{txt}
{com}.         
.         merge                   m:m case_id y2_hhid y3_hhid year plotid using ///
>                                                 "C:\Users\aljosephson\Dropbox\Out for Review\Dissertation\Data - LSMS Malawi\_replication2020\decision-making\decision_wet_all.dta"
{res}
{txt}{col 5}Result{col 38}# of obs.
{col 5}{hline 41}
{col 5}not matched{col 30}{res}          20,568
{txt}{col 9}from master{col 30}{res}               0{txt}  (_merge==1)
{col 9}from using{col 30}{res}          20,568{txt}  (_merge==2)

{col 5}matched{col 30}{res}           9,229{txt}  (_merge==3)
{col 5}{hline 41}

{com}.         keep                    if _merge == 3
{txt}(20,568 observations deleted)

{com}.         *** drops 20568 observations from using which did not match 
.         
.         keep                    case_id plotid plotsize mz_yield mz_yieldimp harvest_value harvest_valueimp harvest_valueha ///
>                                                 harvest_valuehaimp year y2_hhid y3_hhid gardenid ea_id manager1 manager2 owner1 owner2 mangagero_1 
{txt}
{com}.                                                 
.         save                    "$fil\production-and-sales\plot-with-manager", replace
{txt}file C:\Users\aljosephson\Dropbox\Out for Review\Dissertation\Data - LSMS Malawi\_replication2020\production-and-sales\plot-with-manager.dta saved

{com}.         
. * **********************************************************************
. * 2 - merge together to determine sex of manager 
. * **********************************************************************
. 
. * will need to repeat twice - once for each manager? 
. 
. * manager 1
.         rename                  manager1 id_code 
{res}{txt}
{com}.         merge                   m:m case_id y2_hhid y3_hhid year id_code using "$fil\household\household_all.dta"
{res}
{txt}{col 5}Result{col 38}# of obs.
{col 5}{hline 41}
{col 5}not matched{col 30}{res}          35,435
{txt}{col 9}from master{col 30}{res}           6,816{txt}  (_merge==1)
{col 9}from using{col 30}{res}          28,619{txt}  (_merge==2)

{col 5}matched{col 30}{res}           2,413{txt}  (_merge==3)
{col 5}{hline 41}

{com}.         drop                    if _merge == 2
{txt}(28,619 observations deleted)

{com}.         *** drop 28619 not matched
.         *** matched 2413 (from master 6816 not matched)
.         
.         rename                  id_code manager1
{res}{txt}
{com}.         rename                  sex sex_manager1
{res}{txt}
{com}.         rename                  rltn rltn_manager1
{res}{txt}
{com}.         rename                  age age_manager1
{res}{txt}
{com}.         rename                  educ_years educ_years_manager1
{res}{txt}
{com}.         drop                    _merge 
{txt}
{com}.         
. * manager 2     
.         rename                  manager2 id_code 
{res}{txt}
{com}.         merge                   m:m case_id y2_hhid y3_hhid year id_code using "$fil\household\household_all.dta"
{res}{txt}(label sex already defined)
(label rltn already defined)
(label district already defined)
(label strata already defined)
(label region already defined)
(label urban already defined)
(label splitoff already defined)
(label strataR3 already defined)
(label yesno already defined)

{col 5}Result{col 38}# of obs.
{col 5}{hline 41}
{col 5}not matched{col 30}{res}          35,489
{txt}{col 9}from master{col 30}{res}           6,838{txt}  (_merge==1)
{col 9}from using{col 30}{res}          28,651{txt}  (_merge==2)

{col 5}matched{col 30}{res}           2,391{txt}  (_merge==3)
{col 5}{hline 41}

{com}.         drop                    if _merge == 2
{txt}(28,651 observations deleted)

{com}.         *** drop 28651 not matched
.         *** matched 2391 (from master 6838 not matched)
.         
.         rename                  id_code manager2
{res}{txt}
{com}.         rename                  sex sex_manager2
{res}{txt}
{com}.         rename                  rltn rltn_manager2
{res}{txt}
{com}.         rename                  age age_manager2
{res}{txt}
{com}.         rename                  educ_years educ_years_manager2
{res}{txt}
{com}.         drop                    _merge 
{txt}
{com}. 
.         save                    "$fil\production-and-sales\plot-with-manager", replace
{txt}file C:\Users\aljosephson\Dropbox\Out for Review\Dissertation\Data - LSMS Malawi\_replication2020\production-and-sales\plot-with-manager.dta saved

{com}. 
{txt}end of do-file

{com}. do "C:\Users\ALJOSE~1\AppData\Local\Temp\STD2ea0_000000.tmp"
{txt}
{com}.         replace manager2 = . if manager1 == manager2
{txt}(5,801 real changes made, 5,801 to missing)

{com}. 
{txt}end of do-file

{com}. do "C:\Users\ALJOSE~1\AppData\Local\Temp\STD2ea0_000000.tmp"
{txt}
{com}. * determine primary manager     
.         bys case_id plotid: gen female_dec = 1 if sex_manager1 == 2 
{txt}(8,571 missing values generated)

{com}.         replace female_dec = 0 if female_dec == .
{txt}(8,571 real changes made)

{com}.         bys case_id plotid: gen male_dec = 1 if sex_manager1 == 1
{txt}(7,474 missing values generated)

{com}.         replace male_dec = 0 if male_dec == .   
{txt}(7,474 real changes made)

{com}. 
{txt}end of do-file

{com}. do "C:\Users\ALJOSE~1\AppData\Local\Temp\STD2ea0_000000.tmp"
{txt}
{com}.         
.         bys case_id plotid: gen joint_dec = 1 if sex_manager2 != . 
{txt}(6,838 missing values generated)

{com}.         replace joint_dec = . if sex_manager1 == . | sex_manager2 == .
{txt}(7 real changes made, 7 to missing)

{com}. 
{txt}end of do-file

{com}. tab joint_dec

  {txt}joint_dec {c |}      Freq.     Percent        Cum.
{hline 12}{c +}{hline 35}
          1 {c |}{res}      2,384      100.00      100.00
{txt}{hline 12}{c +}{hline 35}
      Total {c |}{res}      2,384      100.00

{com}. tab sex_manager2

     {txt}Sex of {c |}
 individual {c |}      Freq.     Percent        Cum.
{hline 12}{c +}{hline 35}
       Male {c |}{res}      1,093       45.71       45.71
{txt}     Female {c |}{res}      1,298       54.29      100.00
{txt}{hline 12}{c +}{hline 35}
      Total {c |}{res}      2,391      100.00

{com}. tab sex_manager1

     {txt}Sex of {c |}
 individual {c |}      Freq.     Percent        Cum.
{hline 12}{c +}{hline 35}
       Male {c |}{res}      1,755       72.73       72.73
{txt}     Female {c |}{res}        658       27.27      100.00
{txt}{hline 12}{c +}{hline 35}
      Total {c |}{res}      2,413      100.00

{com}. replace sex_manager2 = . if manager2 == .
{txt}(1,577 real changes made, 1,577 to missing)

{com}. replace sex_manager1 = . if manager1 == .
{txt}(0 real changes made)

{com}. do "C:\Users\ALJOSE~1\AppData\Local\Temp\STD2ea0_000000.tmp"
{txt}
{com}. * Project: Joint Household Resources - Malawi 
. * Created: October 2020
. * Created by: alj
. * Last edit: 16 October 2020
. * Stata v.16.1
. 
. * does
.         * combines files on (1) production, (2) decision making, (3) consumption, (4) geovars, (5) household  
. 
. * assumes
.         * access to data file(s) previously created ... 
. 
. * to do 
.         * all of it 
.         * clean up data files 
.         * code and data can be made available on github and googledrive 
. 
. * **********************************************************************
. * 0 - setup
. * **********************************************************************
. 
. * define
.         global  fil             =       "C:\Users\aljosephson\Dropbox\Out for Review\Dissertation\Data - LSMS Malawi\_replication2020" 
{txt}
{com}.         global  code    =       "C:\Users\aljosephson\git\dissertation\e1_gender\code"
{txt}
{com}.         global  logs    =       "C:\Users\aljosephson\git\dissertation\e1_gender\logs" 
{txt}
{com}. 
. * open log
.         cap log                 close
{smcl}
{com}{sf}{ul off}{smcl}
{com}{sf}{ul off}{txt}{.-}
      name:  {res}<unnamed>
       {txt}log:  {res}C:\Users\aljosephson\git\dissertation\e1_gender\logs/building_joint_variables-data.smcl
  {txt}log type:  {res}smcl
 {txt}opened on:  {res}16 Oct 2020, 10:21:49
{txt}
{com}.         
. 
. * **********************************************************************
. * 1 - merge together production PLOT and decision making 
. * **********************************************************************
. 
.         use                     "$fil\Cleaned_LSMS\rs_hh_plot.dta", clear
{txt}
{com}.         
.         merge                   m:m case_id y2_hhid y3_hhid year plotid using ///
>                                                 "C:\Users\aljosephson\Dropbox\Out for Review\Dissertation\Data - LSMS Malawi\_replication2020\decision-making\decision_wet_all.dta"
{res}
{txt}{col 5}Result{col 38}# of obs.
{col 5}{hline 41}
{col 5}not matched{col 30}{res}          20,568
{txt}{col 9}from master{col 30}{res}               0{txt}  (_merge==1)
{col 9}from using{col 30}{res}          20,568{txt}  (_merge==2)

{col 5}matched{col 30}{res}           9,229{txt}  (_merge==3)
{col 5}{hline 41}

{com}.         keep                    if _merge == 3
{txt}(20,568 observations deleted)

{com}.         *** drops 20568 observations from using which did not match 
.         
.         keep                    case_id plotid plotsize mz_yield mz_yieldimp harvest_value harvest_valueimp harvest_valueha ///
>                                                 harvest_valuehaimp year y2_hhid y3_hhid gardenid ea_id manager1 manager2 owner1 owner2 mangagero_1 
{txt}
{com}.                                                 
.         save                    "$fil\production-and-sales\plot-with-manager", replace
{txt}file C:\Users\aljosephson\Dropbox\Out for Review\Dissertation\Data - LSMS Malawi\_replication2020\production-and-sales\plot-with-manager.dta saved

{com}.         
. * **********************************************************************
. * 2 - merge together to determine sex of manager 
. * **********************************************************************
. 
. * will need to repeat twice - once for each manager? 
. 
. * manager 1
.         rename                  manager1 id_code 
{res}{txt}
{com}.         merge                   m:m case_id y2_hhid y3_hhid year id_code using "$fil\household\household_all.dta"
{res}
{txt}{col 5}Result{col 38}# of obs.
{col 5}{hline 41}
{col 5}not matched{col 30}{res}          35,435
{txt}{col 9}from master{col 30}{res}           6,816{txt}  (_merge==1)
{col 9}from using{col 30}{res}          28,619{txt}  (_merge==2)

{col 5}matched{col 30}{res}           2,413{txt}  (_merge==3)
{col 5}{hline 41}

{com}.         drop                    if _merge == 2
{txt}(28,619 observations deleted)

{com}.         *** drop 28619 not matched
.         *** matched 2413 (from master 6816 not matched)
.         
.         rename                  id_code manager1
{res}{txt}
{com}.         rename                  sex sex_manager1
{res}{txt}
{com}.         rename                  rltn rltn_manager1
{res}{txt}
{com}.         rename                  age age_manager1
{res}{txt}
{com}.         rename                  educ_years educ_years_manager1
{res}{txt}
{com}.         drop                    _merge 
{txt}
{com}.         
. * manager 2     
.         rename                  manager2 id_code 
{res}{txt}
{com}.         merge                   m:m case_id y2_hhid y3_hhid year id_code using "$fil\household\household_all.dta"
{res}{txt}(label sex already defined)
(label rltn already defined)
(label district already defined)
(label strata already defined)
(label region already defined)
(label urban already defined)
(label splitoff already defined)
(label strataR3 already defined)
(label yesno already defined)

{col 5}Result{col 38}# of obs.
{col 5}{hline 41}
{col 5}not matched{col 30}{res}          35,489
{txt}{col 9}from master{col 30}{res}           6,838{txt}  (_merge==1)
{col 9}from using{col 30}{res}          28,651{txt}  (_merge==2)

{col 5}matched{col 30}{res}           2,391{txt}  (_merge==3)
{col 5}{hline 41}

{com}.         drop                    if _merge == 2
{txt}(28,651 observations deleted)

{com}.         *** drop 28651 not matched
.         *** matched 2391 (from master 6838 not matched)
.         
.         rename                  id_code manager2
{res}{txt}
{com}.         rename                  sex sex_manager2
{res}{txt}
{com}.         rename                  rltn rltn_manager2
{res}{txt}
{com}.         rename                  age age_manager2
{res}{txt}
{com}.         rename                  educ_years educ_years_manager2
{res}{txt}
{com}.         drop                    _merge 
{txt}
{com}. 
.         save                    "$fil\production-and-sales\plot-with-manager", replace
{txt}file C:\Users\aljosephson\Dropbox\Out for Review\Dissertation\Data - LSMS Malawi\_replication2020\production-and-sales\plot-with-manager.dta saved

{com}.         
. 
{txt}end of do-file

{com}. do "C:\Users\ALJOSE~1\AppData\Local\Temp\STD2ea0_000000.tmp"
{txt}
{com}.         replace manager2 = . if manager1 == manager2
{txt}(5,801 real changes made, 5,801 to missing)

{com}.         replace sex_manager2 = . if manager2 == .
{txt}(1,577 real changes made, 1,577 to missing)

{com}.         
. * determine primary manager     
.         gen female_dec = 1 if sex_manager1 == 2 
{txt}(8,571 missing values generated)

{com}.         replace female_dec = 0 if female_dec == .
{txt}(8,571 real changes made)

{com}.         gen male_dec = 1 if sex_manager1 == 1
{txt}(7,474 missing values generated)

{com}.         replace male_dec = 0 if male_dec == .   
{txt}(7,474 real changes made)

{com}.         
. 
{txt}end of do-file

{com}. do "C:\Users\ALJOSE~1\AppData\Local\Temp\STD2ea0_000000.tmp"
{txt}
{com}.         
.         gen joint_dec = 1 if sex_manager2 != . 
{txt}(8,415 missing values generated)

{com}. 
{txt}end of do-file

{com}. do "C:\Users\ALJOSE~1\AppData\Local\Temp\STD2ea0_000000.tmp"
{txt}
{com}.         replace joint_dec = . if sex_manager1 == . | sex_manager2 == .
{txt}(7 real changes made, 7 to missing)

{com}. 
{txt}end of do-file

{com}. tab joint_dec

  {txt}joint_dec {c |}      Freq.     Percent        Cum.
{hline 12}{c +}{hline 35}
          1 {c |}{res}        807      100.00      100.00
{txt}{hline 12}{c +}{hline 35}
      Total {c |}{res}        807      100.00

{com}. do "C:\Users\ALJOSE~1\AppData\Local\Temp\STD2ea0_000000.tmp"
{txt}
{com}.         replace joint_dec = 0 if manager2 == 0 | manager2 == .
{txt}(5,825 real changes made)

{com}. 
{txt}end of do-file

{com}. tab joint_dec

  {txt}joint_dec {c |}      Freq.     Percent        Cum.
{hline 12}{c +}{hline 35}
          0 {c |}{res}      5,825       87.83       87.83
{txt}          1 {c |}{res}        807       12.17      100.00
{txt}{hline 12}{c +}{hline 35}
      Total {c |}{res}      6,632      100.00

{com}. do "C:\Users\ALJOSE~1\AppData\Local\Temp\STD2ea0_000000.tmp"
{txt}
{com}.         replace joint_dec = 0 if manager2 == 0 
{txt}(0 real changes made)

{com}.         replace joint_dec = . if manager2 == .
{txt}(5,825 real changes made, 5,825 to missing)

{com}. 
{txt}end of do-file

{com}. tab joint_dec

  {txt}joint_dec {c |}      Freq.     Percent        Cum.
{hline 12}{c +}{hline 35}
          1 {c |}{res}        807      100.00      100.00
{txt}{hline 12}{c +}{hline 35}
      Total {c |}{res}        807      100.00

{com}. tab joint_dec, missing

  {txt}joint_dec {c |}      Freq.     Percent        Cum.
{hline 12}{c +}{hline 35}
          1 {c |}{res}        807        8.74        8.74
{txt}          . {c |}{res}      8,422       91.26      100.00
{txt}{hline 12}{c +}{hline 35}
      Total {c |}{res}      9,229      100.00

{com}. tab female_dec

 {txt}female_dec {c |}      Freq.     Percent        Cum.
{hline 12}{c +}{hline 35}
          0 {c |}{res}      8,571       92.87       92.87
{txt}          1 {c |}{res}        658        7.13      100.00
{txt}{hline 12}{c +}{hline 35}
      Total {c |}{res}      9,229      100.00

{com}. tab male_dec, missing

   {txt}male_dec {c |}      Freq.     Percent        Cum.
{hline 12}{c +}{hline 35}
          0 {c |}{res}      7,474       80.98       80.98
{txt}          1 {c |}{res}      1,755       19.02      100.00
{txt}{hline 12}{c +}{hline 35}
      Total {c |}{res}      9,229      100.00

{com}. do "C:\Users\ALJOSE~1\AppData\Local\Temp\STD2ea0_000000.tmp"
{txt}
{com}. * Project: Joint Household Resources - Malawi 
. * Created: October 2020
. * Created by: alj
. * Last edit: 16 October 2020
. * Stata v.16.1
. 
. * does
.         * combines files on (1) production, (2) decision making, (3) consumption, (4) geovars, (5) household  
. 
. * assumes
.         * access to data file(s) previously created ... 
. 
. * to do 
.         * all of it 
.         * clean up data files 
.         * code and data can be made available on github and googledrive 
. 
. * **********************************************************************
. * 0 - setup
. * **********************************************************************
. 
. * define
.         global  fil             =       "C:\Users\aljosephson\Dropbox\Out for Review\Dissertation\Data - LSMS Malawi\_replication2020" 
{txt}
{com}.         global  code    =       "C:\Users\aljosephson\git\dissertation\e1_gender\code"
{txt}
{com}.         global  logs    =       "C:\Users\aljosephson\git\dissertation\e1_gender\logs" 
{txt}
{com}. 
. * open log
.         cap log                 close
{smcl}
{com}{sf}{ul off}{smcl}
{com}{sf}{ul off}{txt}{.-}
      name:  {res}<unnamed>
       {txt}log:  {res}C:\Users\aljosephson\git\dissertation\e1_gender\logs/building_joint_variables-data.smcl
  {txt}log type:  {res}smcl
 {txt}opened on:  {res}16 Oct 2020, 10:23:53
{txt}
{com}.         
. 
. * **********************************************************************
. * 1 - merge together production PLOT and decision making 
. * **********************************************************************
. 
.         use                     "$fil\Cleaned_LSMS\rs_hh_plot.dta", clear
{txt}
{com}.         
.         merge                   m:m case_id y2_hhid y3_hhid year plotid using ///
>                                                 "C:\Users\aljosephson\Dropbox\Out for Review\Dissertation\Data - LSMS Malawi\_replication2020\decision-making\decision_wet_all.dta"
{res}
{txt}{col 5}Result{col 38}# of obs.
{col 5}{hline 41}
{col 5}not matched{col 30}{res}          20,568
{txt}{col 9}from master{col 30}{res}               0{txt}  (_merge==1)
{col 9}from using{col 30}{res}          20,568{txt}  (_merge==2)

{col 5}matched{col 30}{res}           9,229{txt}  (_merge==3)
{col 5}{hline 41}

{com}.         keep                    if _merge == 3
{txt}(20,568 observations deleted)

{com}.         *** drops 20568 observations from using which did not match 
.         
.         keep                    case_id plotid plotsize mz_yield mz_yieldimp harvest_value harvest_valueimp harvest_valueha ///
>                                                 harvest_valuehaimp year y2_hhid y3_hhid gardenid ea_id manager1 manager2 owner1 owner2 mangagero_1 
{txt}
{com}.                                                 
.         save                    "$fil\production-and-sales\plot-with-manager", replace
{txt}file C:\Users\aljosephson\Dropbox\Out for Review\Dissertation\Data - LSMS Malawi\_replication2020\production-and-sales\plot-with-manager.dta saved

{com}.         
. * **********************************************************************
. * 2 - merge together to determine sex of manager 
. * **********************************************************************
. 
. * will need to repeat twice - once for each manager? 
. 
. * manager 1
.         rename                  manager1 id_code 
{res}{txt}
{com}.         merge                   m:m case_id y2_hhid y3_hhid year id_code using "$fil\household\household_all.dta"
{res}
{txt}{col 5}Result{col 38}# of obs.
{col 5}{hline 41}
{col 5}not matched{col 30}{res}          35,435
{txt}{col 9}from master{col 30}{res}           6,816{txt}  (_merge==1)
{col 9}from using{col 30}{res}          28,619{txt}  (_merge==2)

{col 5}matched{col 30}{res}           2,413{txt}  (_merge==3)
{col 5}{hline 41}

{com}.         drop                    if _merge == 2
{txt}(28,619 observations deleted)

{com}.         *** drop 28619 not matched
.         *** matched 2413 (from master 6816 not matched)
.         
.         rename                  id_code manager1
{res}{txt}
{com}.         rename                  sex sex_manager1
{res}{txt}
{com}.         rename                  rltn rltn_manager1
{res}{txt}
{com}.         rename                  age age_manager1
{res}{txt}
{com}.         rename                  educ_years educ_years_manager1
{res}{txt}
{com}.         drop                    _merge 
{txt}
{com}.         
. * manager 2     
.         rename                  manager2 id_code 
{res}{txt}
{com}.         merge                   m:m case_id y2_hhid y3_hhid year id_code using "$fil\household\household_all.dta"
{res}{txt}(label sex already defined)
(label rltn already defined)
(label district already defined)
(label strata already defined)
(label region already defined)
(label urban already defined)
(label splitoff already defined)
(label strataR3 already defined)
(label yesno already defined)

{col 5}Result{col 38}# of obs.
{col 5}{hline 41}
{col 5}not matched{col 30}{res}          35,489
{txt}{col 9}from master{col 30}{res}           6,838{txt}  (_merge==1)
{col 9}from using{col 30}{res}          28,651{txt}  (_merge==2)

{col 5}matched{col 30}{res}           2,391{txt}  (_merge==3)
{col 5}{hline 41}

{com}.         drop                    if _merge == 2
{txt}(28,651 observations deleted)

{com}.         *** drop 28651 not matched
.         *** matched 2391 (from master 6838 not matched)
.         
.         rename                  id_code manager2
{res}{txt}
{com}.         rename                  sex sex_manager2
{res}{txt}
{com}.         rename                  rltn rltn_manager2
{res}{txt}
{com}.         rename                  age age_manager2
{res}{txt}
{com}.         rename                  educ_years educ_years_manager2
{res}{txt}
{com}.         drop                    _merge 
{txt}
{com}. 
.         save                    "$fil\production-and-sales\plot-with-manager", replace
{txt}file C:\Users\aljosephson\Dropbox\Out for Review\Dissertation\Data - LSMS Malawi\_replication2020\production-and-sales\plot-with-manager.dta saved

{com}.         
. * **********************************************************************
. * 3 - determine management 
. * **********************************************************************
.         
. * issue where nonresponse to manager2 set it equal to manager1 
.                 
.         replace manager2 = . if manager1 == manager2
{txt}(5,801 real changes made, 5,801 to missing)

{com}.         replace sex_manager2 = . if manager2 == .
{txt}(1,577 real changes made, 1,577 to missing)

{com}.         
. * determine primary manager     
.         gen female_dec = 1 if sex_manager1 == 2 
{txt}(8,571 missing values generated)

{com}.         replace female_dec = 0 if female_dec == .
{txt}(8,571 real changes made)

{com}.         gen male_dec = 1 if sex_manager1 == 1
{txt}(7,474 missing values generated)

{com}.         replace male_dec = 0 if male_dec == .   
{txt}(7,474 real changes made)

{com}.         
.         gen joint_dec = 1 if sex_manager2 != . 
{txt}(8,415 missing values generated)

{com}.         replace joint_dec = . if sex_manager1 == . | sex_manager2 == .
{txt}(7 real changes made, 7 to missing)

{com}.         replace joint_dec = 0 if manager2 == 0 | manager2 == . 
{txt}(5,825 real changes made)

{com}. 
{txt}end of do-file

{com}. tab joint_dec

  {txt}joint_dec {c |}      Freq.     Percent        Cum.
{hline 12}{c +}{hline 35}
          0 {c |}{res}      5,825       87.83       87.83
{txt}          1 {c |}{res}        807       12.17      100.00
{txt}{hline 12}{c +}{hline 35}
      Total {c |}{res}      6,632      100.00

{com}. tab female_dec

 {txt}female_dec {c |}      Freq.     Percent        Cum.
{hline 12}{c +}{hline 35}
          0 {c |}{res}      8,571       92.87       92.87
{txt}          1 {c |}{res}        658        7.13      100.00
{txt}{hline 12}{c +}{hline 35}
      Total {c |}{res}      9,229      100.00

{com}. tab male_dec

   {txt}male_dec {c |}      Freq.     Percent        Cum.
{hline 12}{c +}{hline 35}
          0 {c |}{res}      7,474       80.98       80.98
{txt}          1 {c |}{res}      1,755       19.02      100.00
{txt}{hline 12}{c +}{hline 35}
      Total {c |}{res}      9,229      100.00

{com}. do "C:\Users\ALJOSE~1\AppData\Local\Temp\STD2ea0_000000.tmp"
{txt}
{com}. * Project: Joint Household Resources - Malawi 
. * Created: October 2020
. * Created by: alj
. * Last edit: 14 October 2020
. * Stata v.16.1
. 
. * does
.         * builds respondent decision maker variable for sales 
.         * just clean up for now - will merge with production data before determining genders (since only need if ACTUALLY sell something)
. 
. * assumes
.         * access to original LSMS data files "ag_mod_b_10", "ag_mod_ba_13", ag_mod_b2_16"
. 
. * to do 
.         * code and data can be made available on github and googledrive 
. 
. * **********************************************************************
. * 0 - setup
. * **********************************************************************
. 
. * define
.         global  fil             =       "C:\Users\aljosephson\Dropbox\Out for Review\Dissertation\Data - LSMS Malawi\_replication2020" 
{txt}
{com}.         global  code    =       "C:\Users\aljosephson\git\dissertation\e1_gender\code"
{txt}
{com}.         global  logs    =       "C:\Users\aljosephson\git\dissertation\e1_gender\logs" 
{txt}
{com}. 
. * open log
.         cap log                 close
{smcl}
{com}{sf}{ul off}{smcl}
{com}{sf}{ul off}{txt}{.-}
      name:  {res}<unnamed>
       {txt}log:  {res}C:\Users\aljosephson\git\dissertation\e1_gender\logs/building_joint_variables-data.smcl
  {txt}log type:  {res}smcl
 {txt}opened on:  {res}16 Oct 2020, 11:11:45
{txt}
{com}.         
. 
. * **********************************************************************
. * 1 - merge together production PLOT and decision making 
. * **********************************************************************
. 
.         use                     "$fil\Cleaned_LSMS\rs_hh_plot.dta", clear
{txt}
{com}.         
.         merge                   m:m case_id y2_hhid y3_hhid year plotid using ///
>                                                 "$fil\decision-making\decision_wet_all.dta"
{res}
{txt}{col 5}Result{col 38}# of obs.
{col 5}{hline 41}
{col 5}not matched{col 30}{res}          20,568
{txt}{col 9}from master{col 30}{res}               0{txt}  (_merge==1)
{col 9}from using{col 30}{res}          20,568{txt}  (_merge==2)

{col 5}matched{col 30}{res}           9,229{txt}  (_merge==3)
{col 5}{hline 41}

{com}.                                                 
.         keep                    if _merge == 3
{txt}(20,568 observations deleted)

{com}.         *** drops 20568 observations from using which did not match 
.         
.         keep                    case_id plotid plotsize mz_yield mz_yieldimp harvest_value harvest_valueimp harvest_valueha ///
>                                                 harvest_valuehaimp year y2_hhid y3_hhid gardenid ea_id manager1 manager2 owner1 owner2 mangagero_1 
{txt}
{com}.                                                 
.         save                    "$fil\production-and-sales\plot-with-manager", replace
{txt}file C:\Users\aljosephson\Dropbox\Out for Review\Dissertation\Data - LSMS Malawi\_replication2020\production-and-sales\plot-with-manager.dta saved

{com}.         
. * **********************************************************************
. * 2 - merge together to determine sex of manager 
. * **********************************************************************
. 
. * will need to repeat twice - once for each manager? 
. 
. * manager 1
.         rename                  manager1 id_code 
{res}{txt}
{com}.         merge                   m:m case_id y2_hhid y3_hhid year id_code using "$fil\household\household_all.dta"
{res}
{txt}{col 5}Result{col 38}# of obs.
{col 5}{hline 41}
{col 5}not matched{col 30}{res}          35,435
{txt}{col 9}from master{col 30}{res}           6,816{txt}  (_merge==1)
{col 9}from using{col 30}{res}          28,619{txt}  (_merge==2)

{col 5}matched{col 30}{res}           2,413{txt}  (_merge==3)
{col 5}{hline 41}

{com}.         drop                    if _merge == 2
{txt}(28,619 observations deleted)

{com}.         *** drop 28619 not matched
.         *** matched 2413 (from master 6816 not matched)
.         
.         rename                  id_code manager1
{res}{txt}
{com}.         rename                  sex sex_manager1
{res}{txt}
{com}.         rename                  rltn rltn_manager1
{res}{txt}
{com}.         rename                  age age_manager1
{res}{txt}
{com}.         rename                  educ_years educ_years_manager1
{res}{txt}
{com}.         drop                    _merge 
{txt}
{com}.         
. * manager 2     
.         rename                  manager2 id_code 
{res}{txt}
{com}.         merge                   m:m case_id y2_hhid y3_hhid year id_code using "$fil\household\household_all.dta"
{res}{txt}(label sex already defined)
(label rltn already defined)
(label district already defined)
(label strata already defined)
(label region already defined)
(label urban already defined)
(label splitoff already defined)
(label strataR3 already defined)
(label yesno already defined)

{col 5}Result{col 38}# of obs.
{col 5}{hline 41}
{col 5}not matched{col 30}{res}          35,489
{txt}{col 9}from master{col 30}{res}           6,838{txt}  (_merge==1)
{col 9}from using{col 30}{res}          28,651{txt}  (_merge==2)

{col 5}matched{col 30}{res}           2,391{txt}  (_merge==3)
{col 5}{hline 41}

{com}.         drop                    if _merge == 2
{txt}(28,651 observations deleted)

{com}.         *** drop 28651 not matched
.         *** matched 2391 (from master 6838 not matched)
.         
.         rename                  id_code manager2
{res}{txt}
{com}.         rename                  sex sex_manager2
{res}{txt}
{com}.         rename                  rltn rltn_manager2
{res}{txt}
{com}.         rename                  age age_manager2
{res}{txt}
{com}.         rename                  educ_years educ_years_manager2
{res}{txt}
{com}.         drop                    _merge 
{txt}
{com}. 
.         save                    "$fil\production-and-sales\plot-with-manager", replace
{txt}file C:\Users\aljosephson\Dropbox\Out for Review\Dissertation\Data - LSMS Malawi\_replication2020\production-and-sales\plot-with-manager.dta saved

{com}.         
. * **********************************************************************
. * 3 - determine management gender variables 
. * **********************************************************************
.         
. * issue where nonresponse to manager2 set it equal to manager1 
. * fix by replace with ., as appropriate                 
.         replace                 manager2 = . if manager1 == manager2
{txt}(5,801 real changes made, 5,801 to missing)

{com}.         replace                 sex_manager2 = . if manager2 == .
{txt}(1,577 real changes made, 1,577 to missing)

{com}.         
. * determine primary manager     
.         gen                     female_dec = 1 if sex_manager1 == 2 
{txt}(8,571 missing values generated)

{com}.         replace                 female_dec = 0 if female_dec == .
{txt}(8,571 real changes made)

{com}.         gen                     male_dec = 1 if sex_manager1 == 1
{txt}(7,474 missing values generated)

{com}.         replace                 male_dec = 0 if male_dec == .   
{txt}(7,474 real changes made)

{com}.         
.         gen                     joint_dec = 1 if sex_manager2 != . 
{txt}(8,415 missing values generated)

{com}.         replace                 joint_dec = . if sex_manager1 == . | sex_manager2 == .
{txt}(7 real changes made, 7 to missing)

{com}.         replace                 joint_dec = 0 if manager2 == 0 | manager2 == . 
{txt}(5,825 real changes made)

{com}.         
. compress
  {txt}variable {bf}year{sf} was {bf}{res}float{sf}{txt} now {bf}{res}int{sf}
  {txt}variable {bf}female_dec{sf} was {bf}{res}float{sf}{txt} now {bf}{res}byte{sf}
  {txt}variable {bf}male_dec{sf} was {bf}{res}float{sf}{txt} now {bf}{res}byte{sf}
  {txt}variable {bf}joint_dec{sf} was {bf}{res}float{sf}{txt} now {bf}{res}byte{sf}
  {txt}variable {bf}hhweightR2{sf} was {bf}{res}double{sf}{txt} now {bf}{res}byte{sf}
  {txt}variable {bf}hhweightR3{sf} was {bf}{res}double{sf}{txt} now {bf}{res}byte{sf}
  {txt}variable {bf}PID{sf} was {bf}{res}str10{sf}{txt} now {bf}{res}str1{sf}
{txt}  (313,786 bytes saved)

{com}. describe

{txt}Contains data from {res}C:\Users\aljosephson\Dropbox\Out for Review\Dissertation\Data - LSMS Malawi\_replication2020\production-and-sales\plot-with-manager.dta
{txt}  obs:{res}         9,229                          
{txt} vars:{res}            49                          16 Oct 2020 11:11
                                              (_dta has notes)
{txt}{hline}
              storage   display    value
variable name   type    format     label      variable label
{hline}
{p 0 48}{res}{bind:case_id        }{txt}{bind: double  }{bind:{txt}%10.0g    }{space 1}{bind:         }{bind:  }{res}{res}IHS3 Baseline case_id as in IHS3 Public Data{p_end}
{p 0 48}{bind:plotid         }{txt}{bind: str4    }{bind:{txt}%9s       }{space 1}{bind:         }{bind:  }{res}{res}Plot ID{p_end}
{p 0 48}{bind:plotsize       }{txt}{bind: float   }{bind:{txt}%9.0g     }{space 1}{bind:         }{bind:  }{res}{res}Plot Size (ha){p_end}
{p 0 48}{bind:mz_yield       }{txt}{bind: float   }{bind:{txt}%9.0g     }{space 1}{bind:         }{bind:  }{res}{res}Maize yield (kg/ha){p_end}
{p 0 48}{bind:mz_yieldimp    }{txt}{bind: float   }{bind:{txt}%9.0g     }{space 1}{bind:         }{bind:  }{res}{res}Maize yield (kg/ha), imputed{p_end}
{p 0 48}{bind:harvest_value  }{txt}{bind: double  }{bind:{txt}%9.0g     }{space 1}{bind:         }{bind:  }{res}{res}Value of harvest (MWK){p_end}
{p 0 48}{bind:harvest_va~eimp}{txt}{bind: float   }{bind:{txt}%9.0g     }{space 1}{bind:         }{bind:  }{res}{res}Value of harvest (MWK), imputed{p_end}
{p 0 48}{bind:harvest_valueha}{txt}{bind: float   }{bind:{txt}%9.0g     }{space 1}{bind:         }{bind:  }{res}{res}Value of harvest per hectare (MWK/ha){p_end}
{p 0 48}{bind:harvest_va~aimp}{txt}{bind: float   }{bind:{txt}%9.0g     }{space 1}{bind:         }{bind:  }{res}{res}Value of harvest per hectare (MWK/ha), imputed{p_end}
{p 0 48}{bind:year           }{txt}{bind: int     }{bind:{txt}%9.0g     }{space 1}{bind:         }{bind:  }{res}{res}{p_end}
{p 0 48}{bind:y2_hhid        }{txt}{bind: str8    }{bind:{txt}%9s       }{space 1}{bind:         }{bind:  }{res}{res}Unique Household Identification IHPS{p_end}
{p 0 48}{bind:y3_hhid        }{txt}{bind: str8    }{bind:{txt}%9s       }{space 1}{bind:         }{bind:  }{res}{res}Unique Household Identification IHS4{p_end}
{p 0 48}{bind:gardenid       }{txt}{bind: str4    }{bind:{txt}%9s       }{space 1}{bind:         }{bind:  }{res}{res}Garden ID{p_end}
{p 0 48}{bind:ea_id          }{txt}{bind: str8    }{bind:{txt}%9s       }{space 1}{bind:         }{bind:  }{res}{res}Unique EA Identifier{p_end}
{p 0 48}{bind:manager1       }{txt}{bind: byte    }{bind:{txt}%8.0g     }{space 1}{bind:         }{bind:  }{res}{res}Who in HH makes decisions concerning crops to be planted,input use,timing of cro{p_end}
{p 0 48}{bind:manager2       }{txt}{bind: byte    }{bind:{txt}%8.0g     }{space 1}{bind:         }{bind:  }{res}{res}ENUMERATOR: Record the ID of the respondent.{p_end}
{p 0 48}{bind:owner1         }{txt}{bind: byte    }{bind:{txt}%8.0g     }{space 1}{bind:         }{bind:  }{res}{res}Who in this household owns this [PLOT]?(ID CODE #1){p_end}
{p 0 48}{bind:owner2         }{txt}{bind: byte    }{bind:{txt}%8.0g     }{space 1}{bind:         }{bind:  }{res}{res}Who in this household owns this [PLOT]?(ID CODE #2){p_end}
{p 0 48}{bind:mangagero_1    }{txt}{bind: byte    }{bind:{txt}%8.0g     }{space 1}{bind:         }{bind:  }{res}{res}Who are the other decision makers on the [PLOT]? (1ST){p_end}
{p 0 48}{bind:region         }{txt}{bind: byte    }{bind:{txt}%9.0g     }{space 1}{bind:region   }{bind:  }{res}{res}Region{p_end}
{p 0 48}{bind:district       }{txt}{bind: int     }{bind:{txt}%13.0g    }{space 1}{bind:district }{bind:  }{res}{res}District{p_end}
{p 0 48}{bind:urban          }{txt}{bind: byte    }{bind:{txt}%8.0g     }{space 1}{bind:urban    }{bind:  }{res}{res}Urban/rural{p_end}
{p 0 48}{bind:ta             }{txt}{bind: byte    }{bind:{txt}%9.0g     }{space 1}{bind:         }{bind:  }{res}{res}Traditional authority{p_end}
{p 0 48}{bind:strata         }{txt}{bind: byte    }{bind:{txt}%14.0g    }{space 1}{bind:strata   }{bind:  }{res}{res}Baseline Stratum - Region x Urban/Rural{p_end}
{p 0 48}{bind:cluster        }{txt}{bind: long    }{bind:{txt}%10.0g    }{space 1}{bind:         }{bind:  }{res}{res}Cluster or PSU{p_end}
{p 0 48}{bind:hhweightR1     }{txt}{bind: double  }{bind:{txt}%9.0g     }{space 1}{bind:         }{bind:  }{res}{res}Baseline Sampling Weight{p_end}
{p 0 48}{bind:sex_manager1   }{txt}{bind: byte    }{bind:{txt}%9.0g     }{space 1}{bind:sex      }{bind:  }{res}{res}Sex of individual{p_end}
{p 0 48}{bind:rltn_manager1  }{txt}{bind: byte    }{bind:{txt}%29.0g    }{space 1}{bind:rltn     }{bind:  }{res}{res}Relationship of individual to Household Head{p_end}
{p 0 48}{bind:age_manager1   }{txt}{bind: int     }{bind:{txt}%9.0g     }{space 1}{bind:         }{bind:  }{res}{res}Individual age (years){p_end}
{p 0 48}{bind:educ_years_ma~1}{txt}{bind: byte    }{bind:{txt}%9.0g     }{space 1}{bind:         }{bind:  }{res}{res}Years of Education{p_end}
{p 0 48}{bind:urbanR2        }{txt}{bind: byte    }{bind:{txt}%9.0g     }{space 1}{bind:urban    }{bind:  }{res}{res}Urban/rural{p_end}
{p 0 48}{bind:urbanR1        }{txt}{bind: byte    }{bind:{txt}%8.0g     }{space 1}{bind:urban    }{bind:  }{res}{res}Baseline Urban/rural{p_end}
{p 0 48}{bind:strataR1       }{txt}{bind: byte    }{bind:{txt}%14.0g    }{space 1}{bind:strata   }{bind:  }{res}{res}Baseline Strata{p_end}
{p 0 48}{bind:strataR2       }{txt}{bind: byte    }{bind:{txt}%14.0g    }{space 1}{bind:strata   }{bind:  }{res}{res}2013 Strata{p_end}
{p 0 48}{bind:hhweightR2     }{txt}{bind: byte    }{bind:{txt}%9.0g     }{space 1}{bind:         }{bind:  }{res}{res}panel weight 2013{p_end}
{p 0 48}{bind:splitoffR2     }{txt}{bind: byte    }{bind:{txt}%19.0g    }{space 1}{bind:splitoff }{bind:  }{res}{res}Household split off from an IHS3 Household = 2{p_end}
{p 0 48}{bind:PID            }{txt}{bind: str1    }{bind:{txt}%9s       }{space 1}{bind:         }{bind:  }{res}{res}Assigned Unique Serial Number for IHS3 Baseline and IHPS New Members{p_end}
{p 0 48}{bind:hhmember       }{txt}{bind: byte    }{bind:{txt}%9.0g     }{space 1}{bind:         }{bind:  }{res}{res}Dummy Variable = 1 if Individual is Considered a Household Member in 2013{p_end}
{p 0 48}{bind:urbanR3        }{txt}{bind: byte    }{bind:{txt}%10.0g    }{space 1}{bind:urban    }{bind:  }{res}{res}Urban/rural{p_end}
{p 0 48}{bind:strataR3       }{txt}{bind: byte    }{bind:{txt}%9.0g     }{space 1}{bind:strataR3 }{bind:  }{res}{res}2016 Strata{p_end}
{p 0 48}{bind:hhweightR3     }{txt}{bind: byte    }{bind:{txt}%10.0g    }{space 1}{bind:         }{bind:  }{res}{res}Panel Weight 2016{p_end}
{p 0 48}{bind:mover_R1R2R3   }{txt}{bind: byte    }{bind:{txt}%8.0g     }{space 1}{bind:yesno    }{bind:  }{res}{res}Household moved from its original 2010 sampling location in either 2013 or 2016{p_end}
{p 0 48}{bind:sex_manager2   }{txt}{bind: byte    }{bind:{txt}%9.0g     }{space 1}{bind:sex      }{bind:  }{res}{res}Sex of individual{p_end}
{p 0 48}{bind:rltn_manager2  }{txt}{bind: byte    }{bind:{txt}%29.0g    }{space 1}{bind:rltn     }{bind:  }{res}{res}Relationship of individual to Household Head{p_end}
{p 0 48}{bind:age_manager2   }{txt}{bind: int     }{bind:{txt}%9.0g     }{space 1}{bind:         }{bind:  }{res}{res}Individual age (years){p_end}
{p 0 48}{bind:educ_years_ma~2}{txt}{bind: byte    }{bind:{txt}%9.0g     }{space 1}{bind:         }{bind:  }{res}{res}Years of Education{p_end}
{p 0 48}{bind:female_dec     }{txt}{bind: byte    }{bind:{txt}%9.0g     }{space 1}{bind:         }{bind:  }{res}{res}{p_end}
{p 0 48}{bind:male_dec       }{txt}{bind: byte    }{bind:{txt}%9.0g     }{space 1}{bind:         }{bind:  }{res}{res}{p_end}
{p 0 48}{bind:joint_dec      }{txt}{bind: byte    }{bind:{txt}%9.0g     }{space 1}{bind:         }{bind:  }{res}{res}{p_end}
{txt}{hline}
Sorted by: 
{res}     Note: Dataset has changed since last saved.
{txt}
{com}. summarize 

{txt}    Variable {c |}        Obs        Mean    Std. Dev.       Min        Max
{hline 13}{c +}{hline 57}
{space 5}case_id {c |}{res}      2,427    2.38e+11    6.59e+10   1.01e+11   3.16e+11
{txt}{space 6}plotid {c |}{res}          0
{txt}{space 4}plotsize {c |}{res}      9,229    .3541216    .3218055   .0040469   3.897123
{txt}{space 4}mz_yield {c |}{res}      8,517    1481.439    9234.092          0   691203.2
{txt}{space 1}mz_yieldimp {c |}{res}      8,517    1099.261     1653.19          0   38189.11
{txt}{hline 13}{c +}{hline 57}
harvest_va~e {c |}{res}      9,229    58776.11    289126.8          0   2.10e+07
{txt}harvest~eimp {c |}{res}      9,229    50247.88    107471.8          0    3333333
{txt}harvest_va~a {c |}{res}      9,229    229403.1     1501145          0   1.30e+08
{txt}harvest~aimp {c |}{res}      9,229    173980.2    248286.5          0    3993076
{txt}{space 8}year {c |}{res}      9,229    2012.459    2.428953       2009       2015
{txt}{hline 13}{c +}{hline 57}
{space 5}y2_hhid {c |}{res}          0
{txt}{space 5}y3_hhid {c |}{res}          0
{txt}{space 4}gardenid {c |}{res}          0
{txt}{space 7}ea_id {c |}{res}          0
{txt}{space 4}manager1 {c |}{res}      9,224     1.16869    .5444084          1         13
{txt}{hline 13}{c +}{hline 57}
{space 4}manager2 {c |}{res}      3,404    1.807286    .4592022          1          7
{txt}{space 6}owner1 {c |}{res}      4,354    1.335783    .5595864          1          8
{txt}{space 6}owner2 {c |}{res}        660    1.898485    .3899311          1          5
{txt}{space 1}mangagero_1 {c |}{res}      4,518    1.860558    .7073652          1         11
{txt}{space 6}region {c |}{res}      2,413    2.320763    .6514844          1          3
{txt}{hline 13}{c +}{hline 57}
{space 4}district {c |}{res}      2,413    237.8148    65.90952        101        315
{txt}{space 7}urban {c |}{res}      2,413    1.890178    .3127323          1          2
{txt}{space 10}ta {c |}{res}      2,413    9.995441    15.70308          1         86
{txt}{space 6}strata {c |}{res}      2,413    4.531703    1.376603          1          6
{txt}{space 5}cluster {c |}{res}      2,413    2.38e+07     6589273   1.01e+07   3.16e+07
{txt}{hline 13}{c +}{hline 57}
{space 2}hhweightR1 {c |}{res}      2,413    2339.986      1216.9    70.8552   7370.562
{txt}sex_manager1 {c |}{res}      2,413     1.27269    .4454349          1          2
{txt}rltn_manag~1 {c |}{res}      2,413    1.109407    .3693909          1          8
{txt}age_manager1 {c |}{res}      2,413    42.77663    15.62632          4        110
{txt}educ_years~1 {c |}{res}      2,413    5.414007    4.092292          0         19
{txt}{hline 13}{c +}{hline 57}
{space 5}urbanR2 {c |}{res}          0
{txt}{space 5}urbanR1 {c |}{res}          0
{txt}{space 4}strataR1 {c |}{res}          0
{txt}{space 4}strataR2 {c |}{res}          0
{txt}{space 2}hhweightR2 {c |}{res}          0
{txt}{hline 13}{c +}{hline 57}
{space 2}splitoffR2 {c |}{res}          0
{txt}{space 9}PID {c |}{res}          0
{txt}{space 4}hhmember {c |}{res}          0
{txt}{space 5}urbanR3 {c |}{res}          0
{txt}{space 4}strataR3 {c |}{res}          0
{txt}{hline 13}{c +}{hline 57}
{space 2}hhweightR3 {c |}{res}          0
{txt}mover_R1R2R3 {c |}{res}          0
{txt}sex_manager2 {c |}{res}        814    1.895577     .305996          1          2
{txt}rltn_manag~2 {c |}{res}      2,391    1.428273    .6601156          1         10
{txt}age_manager2 {c |}{res}      2,391    40.52823    15.74235          4        110
{txt}{hline 13}{c +}{hline 57}
educ_years~2 {c |}{res}      2,391    5.115015     3.97194          0         19
{txt}{space 2}female_dec {c |}{res}      9,229     .071297    .2573342          0          1
{txt}{space 4}male_dec {c |}{res}      9,229    .1901614    .3924497          0          1
{txt}{space 3}joint_dec {c |}{res}      6,632    .1216828    .3269437          0          1
{txt}
{com}.         
.         save                    "$fil\production-and-sales\plot-with-manager", replace
{txt}file C:\Users\aljosephson\Dropbox\Out for Review\Dissertation\Data - LSMS Malawi\_replication2020\production-and-sales\plot-with-manager.dta saved

{com}.         
. * **********************************************************************
. * 4 - turn to household-level variables: production sales 
. * **********************************************************************
. 
. use                     "$fil\Cleaned_LSMS\rs_hh_sales.dta", clear
{txt}
{com}.         
.         merge                   m:m case_id y2_hhid y3_hhid year using ///
>                                                 "$fil\decision-making\decision-sales_wet_all.dta"
{res}
{txt}{col 5}Result{col 38}# of obs.
{col 5}{hline 41}
{col 5}not matched{col 30}{res}          11,735
{txt}{col 9}from master{col 30}{res}           4,876{txt}  (_merge==1)
{col 9}from using{col 30}{res}           6,859{txt}  (_merge==2)

{col 5}matched{col 30}{res}           2,563{txt}  (_merge==3)
{col 5}{hline 41}

{com}. 
.         keep                    if _merge == 3
{txt}(11,735 observations deleted)

{com}.         *** drops 11739 observations from using which did not match 
.         drop                    _merge 
{txt}
{com}.                                                 
.         save                    "$fil\production-and-sales\sales-with-manager", replace
{txt}file C:\Users\aljosephson\Dropbox\Out for Review\Dissertation\Data - LSMS Malawi\_replication2020\production-and-sales\sales-with-manager.dta saved

{com}.         
. * **********************************************************************
. * 5 - merge together to determine sex of manager 
. * **********************************************************************
. 
. * will need to repeat twice - once for each manager? 
. 
. * manager 1
.         rename                  salesmanager1 id_code 
{res}{txt}
{com}.         merge                   m:m case_id y2_hhid y3_hhid year id_code using "$fil\household\household_all.dta"
{res}{txt}(label district already defined)
(label region already defined)

{col 5}Result{col 38}# of obs.
{col 5}{hline 41}
{col 5}not matched{col 30}{res}          31,060
{txt}{col 9}from master{col 30}{res}           1,748{txt}  (_merge==1)
{col 9}from using{col 30}{res}          29,312{txt}  (_merge==2)

{col 5}matched{col 30}{res}             815{txt}  (_merge==3)
{col 5}{hline 41}

{com}.         drop                    if _merge == 2
{txt}(29,312 observations deleted)

{com}.         *** drop 29300 not matched
.         *** matched 831 (from master 13467 not matched)
.         
.         rename                  id_code salesmanager1
{res}{txt}
{com}.         rename                  sex sex_salesmanager1
{res}{txt}
{com}.         rename                  rltn rltn_salesmanager1
{res}{txt}
{com}.         rename                  age age_salesmanager1
{res}{txt}
{com}.         rename                  educ_years educ_years_salesmanager1
{res}{txt}
{com}.         drop                    _merge 
{txt}
{com}.         
. * manager 2     
.         rename                  salesmanager2 id_code 
{res}{txt}
{com}.         merge                   m:m case_id y2_hhid y3_hhid year id_code using "$fil\household\household_all.dta"
{res}{txt}(label sex already defined)
(label rltn already defined)
(label district already defined)
(label strata already defined)
(label region already defined)
(label urban already defined)
(label splitoff already defined)
(label strataR3 already defined)
(label yesno already defined)

{col 5}Result{col 38}# of obs.
{col 5}{hline 41}
{col 5}not matched{col 30}{res}          31,859
{txt}{col 9}from master{col 30}{res}           2,210{txt}  (_merge==1)
{col 9}from using{col 30}{res}          29,649{txt}  (_merge==2)

{col 5}matched{col 30}{res}             353{txt}  (_merge==3)
{col 5}{hline 41}

{com}.         drop                    if _merge == 2
{txt}(29,649 observations deleted)

{com}.         *** drop 29647 not matched
.         *** matched 357 (from master 13941 not matched)
.         
.         rename                  id_code salesmanager2
{res}{txt}
{com}.         rename                  sex sex_salesmanager2
{res}{txt}
{com}.         rename                  rltn rltn_salesmanager2
{res}{txt}
{com}.         rename                  age age_salesmanager2
{res}{txt}
{com}.         rename                  educ_years educ_years_salesmanager2
{res}{txt}
{com}.         drop                    _merge 
{txt}
{com}. 
.         save                    "$fil\production-and-sales\sales-with-manager", replace
{txt}file C:\Users\aljosephson\Dropbox\Out for Review\Dissertation\Data - LSMS Malawi\_replication2020\production-and-sales\sales-with-manager.dta saved

{com}.         
. * **********************************************************************
. * 6 - determine management gender variables 
. * **********************************************************************
.         
. * issue where nonresponse to manager2 set it equal to manager1 
. * fix by replace with ., as appropriate                 
.         replace                 salesmanager2 = . if salesmanager1 == salesmanager2
{txt}(4 real changes made, 4 to missing)

{com}.         replace                 sex_salesmanager2 = . if salesmanager2 == .
{txt}(4 real changes made, 4 to missing)

{com}.         
. * determine primary manager     
.         gen                     female_decsale = 1 if sex_salesmanager1 == 2 
{txt}(2,388 missing values generated)

{com}.         replace                 female_decsale = 0 if female_decsale == .
{txt}(2,388 real changes made)

{com}.         gen                     male_decsale = 1 if sex_salesmanager1 == 1
{txt}(1,923 missing values generated)

{com}.         replace                 male_decsale = 0 if male_decsale == .   
{txt}(1,923 real changes made)

{com}.         
.         gen                     joint_decsale = 1 if sex_salesmanager2 != . 
{txt}(2,214 missing values generated)

{com}.         replace                 joint_decsale = . if sex_salesmanager1 == . | sex_salesmanager2 == .
{txt}(1 real change made, 1 to missing)

{com}.         replace                 joint_decsale = 0 if salesmanager2 == 0 | salesmanager2 == . 
{txt}(2,213 real changes made)

{com}.         
. compress
  {txt}variable {bf}year{sf} was {bf}{res}float{sf}{txt} now {bf}{res}int{sf}
  {txt}variable {bf}age_salesmanager1{sf} was {bf}{res}int{sf}{txt} now {bf}{res}byte{sf}
  {txt}variable {bf}age_salesmanager2{sf} was {bf}{res}int{sf}{txt} now {bf}{res}byte{sf}
  {txt}variable {bf}female_decsale{sf} was {bf}{res}float{sf}{txt} now {bf}{res}byte{sf}
  {txt}variable {bf}male_decsale{sf} was {bf}{res}float{sf}{txt} now {bf}{res}byte{sf}
  {txt}variable {bf}joint_decsale{sf} was {bf}{res}float{sf}{txt} now {bf}{res}byte{sf}
  {txt}variable {bf}hhweightR2{sf} was {bf}{res}double{sf}{txt} now {bf}{res}byte{sf}
  {txt}variable {bf}hhweightR3{sf} was {bf}{res}double{sf}{txt} now {bf}{res}byte{sf}
  {txt}variable {bf}y2_hhid{sf} was {bf}{res}str8{sf}{txt} now {bf}{res}str1{sf}
  {txt}variable {bf}y3_hhid{sf} was {bf}{res}str8{sf}{txt} now {bf}{res}str1{sf}
  {txt}variable {bf}PID{sf} was {bf}{res}str10{sf}{txt} now {bf}{res}str1{sf}
{txt}  (128,150 bytes saved)

{com}. describe

{txt}Contains data from {res}C:\Users\aljosephson\Dropbox\Out for Review\Dissertation\Data - LSMS Malawi\_replication2020\production-and-sales\sales-with-manager.dta
{txt}  obs:{res}         2,563                          
{txt} vars:{res}            43                          16 Oct 2020 11:11
                                              (_dta has notes)
{txt}{hline}
              storage   display    value
variable name   type    format     label      variable label
{hline}
{p 0 48}{res}{bind:case_id        }{txt}{bind: double  }{bind:{txt}%10.0g    }{space 1}{bind:         }{bind:  }{res}{res}IHS3 Baseline case_id as in IHS3 Public Data{p_end}
{p 0 48}{bind:rs_cropsales_~e}{txt}{bind: float   }{bind:{txt}%9.0g     }{space 1}{bind:         }{bind:  }{res}{res}Self-reported value of rainy season crop sales (MWK){p_end}
{p 0 48}{bind:rs_cropsales_~i}{txt}{bind: float   }{bind:{txt}%9.0g     }{space 1}{bind:         }{bind:  }{res}{res}Implied value of rainy season crop sales (MWK){p_end}
{p 0 48}{bind:year           }{txt}{bind: int     }{bind:{txt}%9.0g     }{space 1}{bind:         }{bind:  }{res}{res}{p_end}
{p 0 48}{bind:region         }{txt}{bind: byte    }{bind:{txt}%9.0g     }{space 1}{bind:region   }{bind:  }{res}{res}Region{p_end}
{p 0 48}{bind:district       }{txt}{bind: int     }{bind:{txt}%13.0g    }{space 1}{bind:district }{bind:  }{res}{res}District{p_end}
{p 0 48}{bind:ea_id          }{txt}{bind: str8    }{bind:{txt}%9s       }{space 1}{bind:         }{bind:  }{res}{res}Baseline EA Identifier{p_end}
{p 0 48}{bind:y2_hhid        }{txt}{bind: str1    }{bind:{txt}%9s       }{space 1}{bind:         }{bind:  }{res}{res}Unique Household Identification IHPS{p_end}
{p 0 48}{bind:y3_hhid        }{txt}{bind: str1    }{bind:{txt}%9s       }{space 1}{bind:         }{bind:  }{res}{res}Unique Household Identification IHS4{p_end}
{p 0 48}{bind:HHID           }{txt}{bind: int     }{bind:{txt}%10.0g    }{space 1}{bind:         }{bind:  }{res}{res}Assigned Unique Serial Number for IHS3 Baseline Household{p_end}
{p 0 48}{bind:salesmanager1  }{txt}{bind: byte    }{bind:{txt}%8.0g     }{space 1}{bind:         }{bind:  }{res}{res}Who in your household kept/decided what to do with the earnings? (ID CODE #1){p_end}
{p 0 48}{bind:salesmanager2  }{txt}{bind: byte    }{bind:{txt}%8.0g     }{space 1}{bind:         }{bind:  }{res}{res}Who in your household kept/decided what to do with the earnings? (ID CODE #2){p_end}
{p 0 48}{bind:occ            }{txt}{bind: byte    }{bind:{txt}%9.0g     }{space 1}{bind:         }{bind:  }{res}{res}Case Section Roster / Line Occurrence Sequence for O/S Merge{p_end}
{p 0 48}{bind:salesmanagero_1}{txt}{bind: byte    }{bind:{txt}%10.0g    }{space 1}{bind:         }{bind:  }{res}{res}Who in HH can decide whether to sell this [GARDEN]? (#ID 3){p_end}
{p 0 48}{bind:salesmanagero_2}{txt}{bind: byte    }{bind:{txt}%10.0g    }{space 1}{bind:         }{bind:  }{res}{res}Who in HH can decide whether to sell this [GARDEN]? (#ID 4){p_end}
{p 0 48}{bind:urban          }{txt}{bind: byte    }{bind:{txt}%8.0g     }{space 1}{bind:urban    }{bind:  }{res}{res}Urban/rural{p_end}
{p 0 48}{bind:ta             }{txt}{bind: byte    }{bind:{txt}%9.0g     }{space 1}{bind:         }{bind:  }{res}{res}Traditional authority{p_end}
{p 0 48}{bind:strata         }{txt}{bind: byte    }{bind:{txt}%14.0g    }{space 1}{bind:strata   }{bind:  }{res}{res}Baseline Stratum - Region x Urban/Rural{p_end}
{p 0 48}{bind:cluster        }{txt}{bind: long    }{bind:{txt}%10.0g    }{space 1}{bind:         }{bind:  }{res}{res}Cluster or PSU{p_end}
{p 0 48}{bind:hhweightR1     }{txt}{bind: double  }{bind:{txt}%9.0g     }{space 1}{bind:         }{bind:  }{res}{res}Baseline Sampling Weight{p_end}
{p 0 48}{bind:sex_salesmana~1}{txt}{bind: byte    }{bind:{txt}%9.0g     }{space 1}{bind:sex      }{bind:  }{res}{res}Sex of individual{p_end}
{p 0 48}{bind:rltn_salesman~1}{txt}{bind: byte    }{bind:{txt}%29.0g    }{space 1}{bind:rltn     }{bind:  }{res}{res}Relationship of individual to Household Head{p_end}
{p 0 48}{bind:age_salesmana~1}{txt}{bind: byte    }{bind:{txt}%9.0g     }{space 1}{bind:         }{bind:  }{res}{res}Individual age (years){p_end}
{p 0 48}{bind:educ_years_sa~1}{txt}{bind: byte    }{bind:{txt}%9.0g     }{space 1}{bind:         }{bind:  }{res}{res}Years of Education{p_end}
{p 0 48}{bind:urbanR2        }{txt}{bind: byte    }{bind:{txt}%9.0g     }{space 1}{bind:urban    }{bind:  }{res}{res}Urban/rural{p_end}
{p 0 48}{bind:urbanR1        }{txt}{bind: byte    }{bind:{txt}%8.0g     }{space 1}{bind:urban    }{bind:  }{res}{res}Baseline Urban/rural{p_end}
{p 0 48}{bind:strataR1       }{txt}{bind: byte    }{bind:{txt}%14.0g    }{space 1}{bind:strata   }{bind:  }{res}{res}Baseline Strata{p_end}
{p 0 48}{bind:strataR2       }{txt}{bind: byte    }{bind:{txt}%14.0g    }{space 1}{bind:strata   }{bind:  }{res}{res}2013 Strata{p_end}
{p 0 48}{bind:hhweightR2     }{txt}{bind: byte    }{bind:{txt}%9.0g     }{space 1}{bind:         }{bind:  }{res}{res}panel weight 2013{p_end}
{p 0 48}{bind:splitoffR2     }{txt}{bind: byte    }{bind:{txt}%19.0g    }{space 1}{bind:splitoff }{bind:  }{res}{res}Household split off from an IHS3 Household = 2{p_end}
{p 0 48}{bind:PID            }{txt}{bind: str1    }{bind:{txt}%9s       }{space 1}{bind:         }{bind:  }{res}{res}Assigned Unique Serial Number for IHS3 Baseline and IHPS New Members{p_end}
{p 0 48}{bind:hhmember       }{txt}{bind: byte    }{bind:{txt}%9.0g     }{space 1}{bind:         }{bind:  }{res}{res}Dummy Variable = 1 if Individual is Considered a Household Member in 2013{p_end}
{p 0 48}{bind:urbanR3        }{txt}{bind: byte    }{bind:{txt}%10.0g    }{space 1}{bind:urban    }{bind:  }{res}{res}Urban/rural{p_end}
{p 0 48}{bind:strataR3       }{txt}{bind: byte    }{bind:{txt}%9.0g     }{space 1}{bind:strataR3 }{bind:  }{res}{res}2016 Strata{p_end}
{p 0 48}{bind:hhweightR3     }{txt}{bind: byte    }{bind:{txt}%10.0g    }{space 1}{bind:         }{bind:  }{res}{res}Panel Weight 2016{p_end}
{p 0 48}{bind:mover_R1R2R3   }{txt}{bind: byte    }{bind:{txt}%8.0g     }{space 1}{bind:yesno    }{bind:  }{res}{res}Household moved from its original 2010 sampling location in either 2013 or 2016{p_end}
{p 0 48}{bind:sex_salesmana~2}{txt}{bind: byte    }{bind:{txt}%9.0g     }{space 1}{bind:sex      }{bind:  }{res}{res}Sex of individual{p_end}
{p 0 48}{bind:rltn_salesman~2}{txt}{bind: byte    }{bind:{txt}%29.0g    }{space 1}{bind:rltn     }{bind:  }{res}{res}Relationship of individual to Household Head{p_end}
{p 0 48}{bind:age_salesmana~2}{txt}{bind: byte    }{bind:{txt}%9.0g     }{space 1}{bind:         }{bind:  }{res}{res}Individual age (years){p_end}
{p 0 48}{bind:educ_years_sa~2}{txt}{bind: byte    }{bind:{txt}%9.0g     }{space 1}{bind:         }{bind:  }{res}{res}Years of Education{p_end}
{p 0 48}{bind:female_decsale }{txt}{bind: byte    }{bind:{txt}%9.0g     }{space 1}{bind:         }{bind:  }{res}{res}{p_end}
{p 0 48}{bind:male_decsale   }{txt}{bind: byte    }{bind:{txt}%9.0g     }{space 1}{bind:         }{bind:  }{res}{res}{p_end}
{p 0 48}{bind:joint_decsale  }{txt}{bind: byte    }{bind:{txt}%9.0g     }{space 1}{bind:         }{bind:  }{res}{res}{p_end}
{txt}{hline}
Sorted by: 
{res}     Note: Dataset has changed since last saved.
{txt}
{com}. summarize 

{txt}    Variable {c |}        Obs        Mean    Std. Dev.       Min        Max
{hline 13}{c +}{hline 57}
{space 5}case_id {c |}{res}      2,563    2.46e+11    6.57e+10   1.01e+11   3.16e+11
{txt}rs_cropsal~e {c |}{res}      2,563    19439.72    108128.3          0    2700000
{txt}rs_cropsal~i {c |}{res}      2,563    23180.98    117716.7          0    2450000
{txt}{space 8}year {c |}{res}      2,563        2009           0       2009       2009
{txt}{space 6}region {c |}{res}      2,563    2.398361    .6499484          1          3
{txt}{hline 13}{c +}{hline 57}
{space 4}district {c |}{res}      2,563    245.6781    65.72347        101        315
{txt}{space 7}ea_id {c |}{res}          0
{txt}{space 5}y2_hhid {c |}{res}          0
{txt}{space 5}y3_hhid {c |}{res}          0
{txt}{space 8}HHID {c |}{res}      2,563    1750.127    775.2989          1       3230
{txt}{hline 13}{c +}{hline 57}
salesmana~r1 {c |}{res}        818    1.101467    .4855037          1         12
{txt}salesmana~r2 {c |}{res}        350    1.994286    .1069045          1          3
{txt}{space 9}occ {c |}{res}          0
{txt}salesmana~_1 {c |}{res}          0
{txt}salesmana~_2 {c |}{res}          0
{txt}{hline 13}{c +}{hline 57}
{space 7}urban {c |}{res}        815    1.932515    .2510135          1          2
{txt}{space 10}ta {c |}{res}        815    8.469939    12.85914          1         86
{txt}{space 6}strata {c |}{res}        815    4.440491    1.311855          1          6
{txt}{space 5}cluster {c |}{res}        815    2.31e+07     6326699   1.01e+07   3.14e+07
{txt}{space 2}hhweightR1 {c |}{res}        815    2318.008    1161.788    72.4084   6531.968
{txt}{hline 13}{c +}{hline 57}
sex_salesm~1 {c |}{res}        815    1.214724    .4108828          1          2
{txt}rltn_sales~1 {c |}{res}        815     1.08589     .305534          1          3
{txt}age_salesm~1 {c |}{res}        815    42.14601    14.62419          3         82
{txt}educ_years~1 {c |}{res}        815    5.809816    3.938333          0         19
{txt}{space 5}urbanR2 {c |}{res}          0
{txt}{hline 13}{c +}{hline 57}
{space 5}urbanR1 {c |}{res}          0
{txt}{space 4}strataR1 {c |}{res}          0
{txt}{space 4}strataR2 {c |}{res}          0
{txt}{space 2}hhweightR2 {c |}{res}          0
{txt}{space 2}splitoffR2 {c |}{res}          0
{txt}{hline 13}{c +}{hline 57}
{space 9}PID {c |}{res}          0
{txt}{space 4}hhmember {c |}{res}          0
{txt}{space 5}urbanR3 {c |}{res}          0
{txt}{space 4}strataR3 {c |}{res}          0
{txt}{space 2}hhweightR3 {c |}{res}          0
{txt}{hline 13}{c +}{hline 57}
mover_R1R2R3 {c |}{res}          0
{txt}sex_salesm~2 {c |}{res}        349    1.988539    .1065951          1          2
{txt}rltn_sales~2 {c |}{res}        353    2.011331    .3452382          1          6
{txt}age_salesm~2 {c |}{res}        353    36.73088     13.4656         16         74
{txt}educ_years~2 {c |}{res}        353    4.756374    3.813496          0         16
{txt}{hline 13}{c +}{hline 57}
female_dec~e {c |}{res}      2,563    .0682794    .2522739          0          1
{txt}male_decsale {c |}{res}      2,563    .2497074    .4329281          0          1
{txt}joint_decs~e {c |}{res}      2,561    .1358844    .3427327          0          1
{txt}
{com}.         
.         save                    "$fil\production-and-sales\sales-with-manager", replace 
{txt}file C:\Users\aljosephson\Dropbox\Out for Review\Dissertation\Data - LSMS Malawi\_replication2020\production-and-sales\sales-with-manager.dta saved

{com}.         
. * **********************************************************************
. * 6 - determine management gender variables 
. * **********************************************************************
. 
. * *********************************************************************
. * 3 - end matter
. * **********************************************************************
. 
. compress
{txt}  (0 bytes saved)

{com}. describe

{txt}Contains data from {res}C:\Users\aljosephson\Dropbox\Out for Review\Dissertation\Data - LSMS Malawi\_replication2020\production-and-sales\sales-with-manager.dta
{txt}  obs:{res}         2,563                          
{txt} vars:{res}            43                          16 Oct 2020 11:11
                                              (_dta has notes)
{txt}{hline}
              storage   display    value
variable name   type    format     label      variable label
{hline}
{p 0 48}{res}{bind:case_id        }{txt}{bind: double  }{bind:{txt}%10.0g    }{space 1}{bind:         }{bind:  }{res}{res}IHS3 Baseline case_id as in IHS3 Public Data{p_end}
{p 0 48}{bind:rs_cropsales_~e}{txt}{bind: float   }{bind:{txt}%9.0g     }{space 1}{bind:         }{bind:  }{res}{res}Self-reported value of rainy season crop sales (MWK){p_end}
{p 0 48}{bind:rs_cropsales_~i}{txt}{bind: float   }{bind:{txt}%9.0g     }{space 1}{bind:         }{bind:  }{res}{res}Implied value of rainy season crop sales (MWK){p_end}
{p 0 48}{bind:year           }{txt}{bind: int     }{bind:{txt}%9.0g     }{space 1}{bind:         }{bind:  }{res}{res}{p_end}
{p 0 48}{bind:region         }{txt}{bind: byte    }{bind:{txt}%9.0g     }{space 1}{bind:region   }{bind:  }{res}{res}Region{p_end}
{p 0 48}{bind:district       }{txt}{bind: int     }{bind:{txt}%13.0g    }{space 1}{bind:district }{bind:  }{res}{res}District{p_end}
{p 0 48}{bind:ea_id          }{txt}{bind: str8    }{bind:{txt}%9s       }{space 1}{bind:         }{bind:  }{res}{res}Baseline EA Identifier{p_end}
{p 0 48}{bind:y2_hhid        }{txt}{bind: str1    }{bind:{txt}%9s       }{space 1}{bind:         }{bind:  }{res}{res}Unique Household Identification IHPS{p_end}
{p 0 48}{bind:y3_hhid        }{txt}{bind: str1    }{bind:{txt}%9s       }{space 1}{bind:         }{bind:  }{res}{res}Unique Household Identification IHS4{p_end}
{p 0 48}{bind:HHID           }{txt}{bind: int     }{bind:{txt}%10.0g    }{space 1}{bind:         }{bind:  }{res}{res}Assigned Unique Serial Number for IHS3 Baseline Household{p_end}
{p 0 48}{bind:salesmanager1  }{txt}{bind: byte    }{bind:{txt}%8.0g     }{space 1}{bind:         }{bind:  }{res}{res}Who in your household kept/decided what to do with the earnings? (ID CODE #1){p_end}
{p 0 48}{bind:salesmanager2  }{txt}{bind: byte    }{bind:{txt}%8.0g     }{space 1}{bind:         }{bind:  }{res}{res}Who in your household kept/decided what to do with the earnings? (ID CODE #2){p_end}
{p 0 48}{bind:occ            }{txt}{bind: byte    }{bind:{txt}%9.0g     }{space 1}{bind:         }{bind:  }{res}{res}Case Section Roster / Line Occurrence Sequence for O/S Merge{p_end}
{p 0 48}{bind:salesmanagero_1}{txt}{bind: byte    }{bind:{txt}%10.0g    }{space 1}{bind:         }{bind:  }{res}{res}Who in HH can decide whether to sell this [GARDEN]? (#ID 3){p_end}
{p 0 48}{bind:salesmanagero_2}{txt}{bind: byte    }{bind:{txt}%10.0g    }{space 1}{bind:         }{bind:  }{res}{res}Who in HH can decide whether to sell this [GARDEN]? (#ID 4){p_end}
{p 0 48}{bind:urban          }{txt}{bind: byte    }{bind:{txt}%8.0g     }{space 1}{bind:urban    }{bind:  }{res}{res}Urban/rural{p_end}
{p 0 48}{bind:ta             }{txt}{bind: byte    }{bind:{txt}%9.0g     }{space 1}{bind:         }{bind:  }{res}{res}Traditional authority{p_end}
{p 0 48}{bind:strata         }{txt}{bind: byte    }{bind:{txt}%14.0g    }{space 1}{bind:strata   }{bind:  }{res}{res}Baseline Stratum - Region x Urban/Rural{p_end}
{p 0 48}{bind:cluster        }{txt}{bind: long    }{bind:{txt}%10.0g    }{space 1}{bind:         }{bind:  }{res}{res}Cluster or PSU{p_end}
{p 0 48}{bind:hhweightR1     }{txt}{bind: double  }{bind:{txt}%9.0g     }{space 1}{bind:         }{bind:  }{res}{res}Baseline Sampling Weight{p_end}
{p 0 48}{bind:sex_salesmana~1}{txt}{bind: byte    }{bind:{txt}%9.0g     }{space 1}{bind:sex      }{bind:  }{res}{res}Sex of individual{p_end}
{p 0 48}{bind:rltn_salesman~1}{txt}{bind: byte    }{bind:{txt}%29.0g    }{space 1}{bind:rltn     }{bind:  }{res}{res}Relationship of individual to Household Head{p_end}
{p 0 48}{bind:age_salesmana~1}{txt}{bind: byte    }{bind:{txt}%9.0g     }{space 1}{bind:         }{bind:  }{res}{res}Individual age (years){p_end}
{p 0 48}{bind:educ_years_sa~1}{txt}{bind: byte    }{bind:{txt}%9.0g     }{space 1}{bind:         }{bind:  }{res}{res}Years of Education{p_end}
{p 0 48}{bind:urbanR2        }{txt}{bind: byte    }{bind:{txt}%9.0g     }{space 1}{bind:urban    }{bind:  }{res}{res}Urban/rural{p_end}
{p 0 48}{bind:urbanR1        }{txt}{bind: byte    }{bind:{txt}%8.0g     }{space 1}{bind:urban    }{bind:  }{res}{res}Baseline Urban/rural{p_end}
{p 0 48}{bind:strataR1       }{txt}{bind: byte    }{bind:{txt}%14.0g    }{space 1}{bind:strata   }{bind:  }{res}{res}Baseline Strata{p_end}
{p 0 48}{bind:strataR2       }{txt}{bind: byte    }{bind:{txt}%14.0g    }{space 1}{bind:strata   }{bind:  }{res}{res}2013 Strata{p_end}
{p 0 48}{bind:hhweightR2     }{txt}{bind: byte    }{bind:{txt}%9.0g     }{space 1}{bind:         }{bind:  }{res}{res}panel weight 2013{p_end}
{p 0 48}{bind:splitoffR2     }{txt}{bind: byte    }{bind:{txt}%19.0g    }{space 1}{bind:splitoff }{bind:  }{res}{res}Household split off from an IHS3 Household = 2{p_end}
{p 0 48}{bind:PID            }{txt}{bind: str1    }{bind:{txt}%9s       }{space 1}{bind:         }{bind:  }{res}{res}Assigned Unique Serial Number for IHS3 Baseline and IHPS New Members{p_end}
{p 0 48}{bind:hhmember       }{txt}{bind: byte    }{bind:{txt}%9.0g     }{space 1}{bind:         }{bind:  }{res}{res}Dummy Variable = 1 if Individual is Considered a Household Member in 2013{p_end}
{p 0 48}{bind:urbanR3        }{txt}{bind: byte    }{bind:{txt}%10.0g    }{space 1}{bind:urban    }{bind:  }{res}{res}Urban/rural{p_end}
{p 0 48}{bind:strataR3       }{txt}{bind: byte    }{bind:{txt}%9.0g     }{space 1}{bind:strataR3 }{bind:  }{res}{res}2016 Strata{p_end}
{p 0 48}{bind:hhweightR3     }{txt}{bind: byte    }{bind:{txt}%10.0g    }{space 1}{bind:         }{bind:  }{res}{res}Panel Weight 2016{p_end}
{p 0 48}{bind:mover_R1R2R3   }{txt}{bind: byte    }{bind:{txt}%8.0g     }{space 1}{bind:yesno    }{bind:  }{res}{res}Household moved from its original 2010 sampling location in either 2013 or 2016{p_end}
{p 0 48}{bind:sex_salesmana~2}{txt}{bind: byte    }{bind:{txt}%9.0g     }{space 1}{bind:sex      }{bind:  }{res}{res}Sex of individual{p_end}
{p 0 48}{bind:rltn_salesman~2}{txt}{bind: byte    }{bind:{txt}%29.0g    }{space 1}{bind:rltn     }{bind:  }{res}{res}Relationship of individual to Household Head{p_end}
{p 0 48}{bind:age_salesmana~2}{txt}{bind: byte    }{bind:{txt}%9.0g     }{space 1}{bind:         }{bind:  }{res}{res}Individual age (years){p_end}
{p 0 48}{bind:educ_years_sa~2}{txt}{bind: byte    }{bind:{txt}%9.0g     }{space 1}{bind:         }{bind:  }{res}{res}Years of Education{p_end}
{p 0 48}{bind:female_decsale }{txt}{bind: byte    }{bind:{txt}%9.0g     }{space 1}{bind:         }{bind:  }{res}{res}{p_end}
{p 0 48}{bind:male_decsale   }{txt}{bind: byte    }{bind:{txt}%9.0g     }{space 1}{bind:         }{bind:  }{res}{res}{p_end}
{p 0 48}{bind:joint_decsale  }{txt}{bind: byte    }{bind:{txt}%9.0g     }{space 1}{bind:         }{bind:  }{res}{res}{p_end}
{txt}{hline}
Sorted by: 

{com}. summarize 

{txt}    Variable {c |}        Obs        Mean    Std. Dev.       Min        Max
{hline 13}{c +}{hline 57}
{space 5}case_id {c |}{res}      2,563    2.46e+11    6.57e+10   1.01e+11   3.16e+11
{txt}rs_cropsal~e {c |}{res}      2,563    19439.72    108128.3          0    2700000
{txt}rs_cropsal~i {c |}{res}      2,563    23180.98    117716.7          0    2450000
{txt}{space 8}year {c |}{res}      2,563        2009           0       2009       2009
{txt}{space 6}region {c |}{res}      2,563    2.398361    .6499484          1          3
{txt}{hline 13}{c +}{hline 57}
{space 4}district {c |}{res}      2,563    245.6781    65.72347        101        315
{txt}{space 7}ea_id {c |}{res}          0
{txt}{space 5}y2_hhid {c |}{res}          0
{txt}{space 5}y3_hhid {c |}{res}          0
{txt}{space 8}HHID {c |}{res}      2,563    1750.127    775.2989          1       3230
{txt}{hline 13}{c +}{hline 57}
salesmana~r1 {c |}{res}        818    1.101467    .4855037          1         12
{txt}salesmana~r2 {c |}{res}        350    1.994286    .1069045          1          3
{txt}{space 9}occ {c |}{res}          0
{txt}salesmana~_1 {c |}{res}          0
{txt}salesmana~_2 {c |}{res}          0
{txt}{hline 13}{c +}{hline 57}
{space 7}urban {c |}{res}        815    1.932515    .2510135          1          2
{txt}{space 10}ta {c |}{res}        815    8.469939    12.85914          1         86
{txt}{space 6}strata {c |}{res}        815    4.440491    1.311855          1          6
{txt}{space 5}cluster {c |}{res}        815    2.31e+07     6326699   1.01e+07   3.14e+07
{txt}{space 2}hhweightR1 {c |}{res}        815    2318.008    1161.788    72.4084   6531.968
{txt}{hline 13}{c +}{hline 57}
sex_salesm~1 {c |}{res}        815    1.214724    .4108828          1          2
{txt}rltn_sales~1 {c |}{res}        815     1.08589     .305534          1          3
{txt}age_salesm~1 {c |}{res}        815    42.14601    14.62419          3         82
{txt}educ_years~1 {c |}{res}        815    5.809816    3.938333          0         19
{txt}{space 5}urbanR2 {c |}{res}          0
{txt}{hline 13}{c +}{hline 57}
{space 5}urbanR1 {c |}{res}          0
{txt}{space 4}strataR1 {c |}{res}          0
{txt}{space 4}strataR2 {c |}{res}          0
{txt}{space 2}hhweightR2 {c |}{res}          0
{txt}{space 2}splitoffR2 {c |}{res}          0
{txt}{hline 13}{c +}{hline 57}
{space 9}PID {c |}{res}          0
{txt}{space 4}hhmember {c |}{res}          0
{txt}{space 5}urbanR3 {c |}{res}          0
{txt}{space 4}strataR3 {c |}{res}          0
{txt}{space 2}hhweightR3 {c |}{res}          0
{txt}{hline 13}{c +}{hline 57}
mover_R1R2R3 {c |}{res}          0
{txt}sex_salesm~2 {c |}{res}        349    1.988539    .1065951          1          2
{txt}rltn_sales~2 {c |}{res}        353    2.011331    .3452382          1          6
{txt}age_salesm~2 {c |}{res}        353    36.73088     13.4656         16         74
{txt}educ_years~2 {c |}{res}        353    4.756374    3.813496          0         16
{txt}{hline 13}{c +}{hline 57}
female_dec~e {c |}{res}      2,563    .0682794    .2522739          0          1
{txt}male_decsale {c |}{res}      2,563    .2497074    .4329281          0          1
{txt}joint_decs~e {c |}{res}      2,561    .1358844    .3427327          0          1
{txt}
{com}. 
. * close the log
.         log     close   
      {txt}name:  {res}<unnamed>
       {txt}log:  {res}C:\Users\aljosephson\git\dissertation\e1_gender\logs/building_joint_variables-data.smcl
  {txt}log type:  {res}smcl
 {txt}closed on:  {res}16 Oct 2020, 11:11:46
{txt}{.-}
{smcl}
{txt}{sf}{ul off}