{smcl}
{txt}{sf}{ul off}{.-}
      name:  {res}<unnamed>
       {txt}log:  {res}C:\Users\aljosephson\git\dissertation\e1_gender\logs/building_joint_variables.smcl
  {txt}log type:  {res}smcl
 {txt}opened on:  {res}12 Oct 2020, 15:23:33
{txt}
{com}. 
. * **********************************************************************
. * 1 - identify decision makers (Y1)
. * **********************************************************************
. 
. * for each plot:
. * identify manager (decision maker), owner [can identify joint ownership]
. 
. * primary wet season 
. 
.         use                             "$fil\Year 1\AG_MOD_D.dta", clear
{txt}
{com}. 
. * determine plot id and relevant decision maker variables       
.         
.         keep                    case_id ea_id ag_d00 ag_d01 ag_d02 ag_d04a ag_d04b
{txt}
{com}.         rename                  ag_d00 plotid
{res}{txt}
{com}.         
.         save                    "$fil\decision-making\decision_wet_y1.dta"
{err}{p 0 4 2}
file C:\Users\aljosephson\Dropbox\Out for Review\Dissertation\Data - LSMS Malawi\decision-making\decision_wet_y1.dta
could not be opened
{p_end}
{txt}{search r(603), local:r(603);}

end of do-file

{search r(603), local:r(603);}

{com}. do "C:\Users\ALJOSE~1\AppData\Local\Temp\STD7868_000000.tmp"
{txt}
{com}. * Project: Joint Household Resources - Malawi 
. * Created: October 2020
. * Created by: alj
. * Last edit: 12 October 2020
. * Stata v.16.1
. 
. * does
.         * builds respondent decision maker variable 
. 
. * assumes
.         * access to data file(s) "..."
. 
. * to do 
.         * all of it
.         * clean up data files 
.         * code and data can be made available on github and googledrive 
. 
. * **********************************************************************
. * 0 - setup
. * **********************************************************************
. 
. * define
.         global  fil             =       "C:\Users\aljosephson\Dropbox\Out for Review\Dissertation\Data - LSMS Malawi" 
{txt}
{com}.         global  code    =       "C:\Users\aljosephson\git\dissertation\e1_gender\code"
{txt}
{com}.         global  logs    =       "C:\Users\aljosephson\git\dissertation\e1_gender\logs" 
{txt}
{com}. 
. * open log
.         cap log                 close
{smcl}
{com}{sf}{ul off}{smcl}
{com}{sf}{ul off}{txt}{.-}
      name:  {res}<unnamed>
       {txt}log:  {res}C:\Users\aljosephson\git\dissertation\e1_gender\logs/building_joint_variables.smcl
  {txt}log type:  {res}smcl
 {txt}opened on:  {res}12 Oct 2020, 15:24:13
{txt}
{com}. 
. * **********************************************************************
. * 1 - identify decision makers (Y1)
. * **********************************************************************
. 
. * for each plot:
. * identify manager (decision maker), owner [can identify joint ownership]
. 
. * primary wet season 
. 
.         use                             "$fil\Year 1\AG_MOD_D.dta", clear
{txt}
{com}. 
{txt}end of do-file

{com}. tab ag_d01

  {txt}Who in HH {c |}
      makes {c |}
  decisions {c |}
 concerning {c |}
crops to be {c |}
planted,inp {c |}
         ut {c |}
 use,timing {c |}
     of cro {c |}      Freq.     Percent        Cum.
{hline 12}{c +}{hline 35}
          1 {c |}{res}     17,745       93.73       93.73
{txt}          2 {c |}{res}      1,117        5.90       99.63
{txt}          3 {c |}{res}         41        0.22       99.85
{txt}          4 {c |}{res}         14        0.07       99.92
{txt}          5 {c |}{res}          8        0.04       99.96
{txt}          6 {c |}{res}          2        0.01       99.97
{txt}          8 {c |}{res}          1        0.01       99.98
{txt}         11 {c |}{res}          1        0.01       99.98
{txt}         12 {c |}{res}          2        0.01       99.99
{txt}         13 {c |}{res}          1        0.01      100.00
{txt}{hline 12}{c +}{hline 35}
      Total {c |}{res}     18,932      100.00

{com}. use "G:\My Drive\weather_project\regression_data\malawi\mwi_lp.dta"
{txt}(This data set was created with .do file mwi_append_built  | Last modified on 19 )

{com}. tab year

       {txt}Year {c |}      Freq.     Percent        Cum.
{hline 12}{c +}{hline 35}
       2009 {c |}{res}      1,619       38.89       38.89
{txt}       2012 {c |}{res}      1,246       29.93       68.82
{txt}       2015 {c |}{res}      1,298       31.18      100.00
{txt}{hline 12}{c +}{hline 35}
      Total {c |}{res}      4,163      100.00

{com}. tab data

{txt}Data Source {c |}      Freq.     Percent        Cum.
{hline 12}{c +}{hline 35}
        lp1 {c |}{res}      1,619       38.89       38.89
{txt}        lp2 {c |}{res}      1,246       29.93       68.82
{txt}        lp3 {c |}{res}      1,298       31.18      100.00
{txt}{hline 12}{c +}{hline 35}
      Total {c |}{res}      4,163      100.00

{com}. do "C:\Users\ALJOSE~1\AppData\Local\Temp\STD7868_000000.tmp"
{txt}
{com}. * Project: Joint Household Resources - Malawi 
. * Created: October 2020
. * Created by: alj
. * Last edit: 12 October 2020
. * Stata v.16.1
. 
. * does
.         * builds introduction of overall agriculture data (rs maize, rs production)
.         * combines with previously built - stuff sold information 
.         * overall agriculture data derived from world bank lsms kitchen sink 
. 
. * assumes
.         * access to data file(s) "..."
. 
. * to do 
.         * all of it
.         * clean up data files 
.         * code and data can be made available on github and googledrive 
.         
.         * leave this for now - possible issue with using owner instead of decision maker ... 
. 
. * **********************************************************************
. * 0 - setup
. * **********************************************************************
. 
. * define
.         global  fil             =       "C:\Users\aljosephson\Dropbox\Out for Review\Dissertation\Data - LSMS Malawi\_replication2020" 
{txt}
{com}.         global  code    =       "C:\Users\aljosephson\git\dissertation\e1_gender\code"
{txt}
{com}.         global  logs    =       "C:\Users\aljosephson\git\dissertation\e1_gender\logs" 
{txt}
{com}. 
. * open log
.         cap log                 close
{smcl}
{com}{sf}{ul off}{smcl}
{com}{sf}{ul off}{txt}{.-}
      name:  {res}<unnamed>
       {txt}log:  {res}C:\Users\aljosephson\git\dissertation\e1_gender\logs/building_joint_variables.smcl
  {txt}log type:  {res}smcl
 {txt}opened on:  {res}14 Oct 2020, 09:33:16
{txt}
{com}. 
. * **********************************************************************
. * 1 - identify decision makers (Y1)
. * **********************************************************************
. 
. * for each plot:
. * identify manager (decision maker), owner [can identify joint ownership]
. 
. * primary wet season 
. 
.         use                             "$fil\Year 1\AG_MOD_D.dta", clear
{txt}
{com}. 
{txt}end of do-file

{com}. sum ag_d01

{txt}    Variable {c |}        Obs        Mean    Std. Dev.       Min        Max
{hline 13}{c +}{hline 57}
{space 6}ag_d01 {c |}{res}     18,932    1.070463    .3271397          1         13

{com}. sum ag_d02

{txt}    Variable {c |}        Obs        Mean    Std. Dev.       Min        Max
{hline 13}{c +}{hline 57}
{space 6}ag_d02 {c |}{res}     18,835     1.33151    .5328763          1         12

{com}. tab ag_d01

  {txt}Who in HH {c |}
      makes {c |}
  decisions {c |}
 concerning {c |}
crops to be {c |}
planted,inp {c |}
         ut {c |}
 use,timing {c |}
     of cro {c |}      Freq.     Percent        Cum.
{hline 12}{c +}{hline 35}
          1 {c |}{res}     17,745       93.73       93.73
{txt}          2 {c |}{res}      1,117        5.90       99.63
{txt}          3 {c |}{res}         41        0.22       99.85
{txt}          4 {c |}{res}         14        0.07       99.92
{txt}          5 {c |}{res}          8        0.04       99.96
{txt}          6 {c |}{res}          2        0.01       99.97
{txt}          8 {c |}{res}          1        0.01       99.98
{txt}         11 {c |}{res}          1        0.01       99.98
{txt}         12 {c |}{res}          2        0.01       99.99
{txt}         13 {c |}{res}          1        0.01      100.00
{txt}{hline 12}{c +}{hline 35}
      Total {c |}{res}     18,932      100.00

{com}. tab ag_d03

  {txt}How did your household {c |}
    acquire this [PLOT]? {c |}      Freq.     Percent        Cum.
{hline 25}{c +}{hline 35}
Granted by local leaders {c |}{res}      2,193       11.58       11.58
{txt}               Inherited {c |}{res}     13,929       73.57       85.15
{txt}             Bride Price {c |}{res}        330        1.74       86.89
{txt}    Purchased with title {c |}{res}        208        1.10       87.99
{txt} Purchased with no title {c |}{res}        331        1.75       89.74
{txt}               Leasehold {c |}{res}         42        0.22       89.96
{txt}         Rent short-term {c |}{res}      1,318        6.96       96.92
{txt}     Farming as a tenant {c |}{res}         40        0.21       97.13
{txt}       Borrowed for free {c |}{res}        376        1.99       99.12
{txt} Moved in w/o permission {c |}{res}         87        0.46       99.58
{txt}         Other (Specify) {c |}{res}         80        0.42      100.00
{txt}{hline 25}{c +}{hline 35}
                   Total {c |}{res}     18,934      100.00

{com}. tab ag_d0`
{bf}{err}ag_d0{sf} ambiguous abbreviation
{txt}{search r(111), local:r(111);}

{com}. tab ag_d01

  {txt}Who in HH {c |}
      makes {c |}
  decisions {c |}
 concerning {c |}
crops to be {c |}
planted,inp {c |}
         ut {c |}
 use,timing {c |}
     of cro {c |}      Freq.     Percent        Cum.
{hline 12}{c +}{hline 35}
          1 {c |}{res}     17,745       93.73       93.73
{txt}          2 {c |}{res}      1,117        5.90       99.63
{txt}          3 {c |}{res}         41        0.22       99.85
{txt}          4 {c |}{res}         14        0.07       99.92
{txt}          5 {c |}{res}          8        0.04       99.96
{txt}          6 {c |}{res}          2        0.01       99.97
{txt}          8 {c |}{res}          1        0.01       99.98
{txt}         11 {c |}{res}          1        0.01       99.98
{txt}         12 {c |}{res}          2        0.01       99.99
{txt}         13 {c |}{res}          1        0.01      100.00
{txt}{hline 12}{c +}{hline 35}
      Total {c |}{res}     18,932      100.00

{com}. tab ag_d02

{txt}ENUMERATOR: {c |}
 Record the {c |}
  ID of the {c |}
respondent. {c |}      Freq.     Percent        Cum.
{hline 12}{c +}{hline 35}
          1 {c |}{res}     12,925       68.62       68.62
{txt}          2 {c |}{res}      5,709       30.31       98.93
{txt}          3 {c |}{res}        133        0.71       99.64
{txt}          4 {c |}{res}         31        0.16       99.80
{txt}          5 {c |}{res}         21        0.11       99.92
{txt}          6 {c |}{res}          9        0.05       99.96
{txt}          7 {c |}{res}          6        0.03       99.99
{txt}         12 {c |}{res}          1        0.01      100.00
{txt}{hline 12}{c +}{hline 35}
      Total {c |}{res}     18,835      100.00

{com}. do "C:\Users\ALJOSE~1\AppData\Local\Temp\STD2ea0_000000.tmp"
{txt}
{com}.         keep                    case_id ea_id ag_d00 ag_d01 ag_d02 ag_d04a ag_d04b
{txt}
{com}.         rename                  ag_d00 plotid
{res}{txt}
{com}.         rename                  ag_d01 id_code
{res}{txt}
{com}.         
.         save                    "$fil\decision-making\decision_wet_y1.dta"
{err}{p 0 4 2}
file C:\Users\aljosephson\Dropbox\Out for Review\Dissertation\Data - LSMS Malawi\decision-making\decision_wet_y1.dta
could not be opened
{p_end}
{txt}{search r(603), local:r(603);}

end of do-file

{search r(603), local:r(603);}

{com}. do "C:\Users\ALJOSE~1\AppData\Local\Temp\STD2ea0_000000.tmp"
{txt}
{com}. * Project: Joint Household Resources - Malawi 
. * Created: October 2020
. * Created by: alj
. * Last edit: 14 October 2020
. * Stata v.16.1
. 
. * does
.         * builds respondent decision maker variable 
. 
. * assumes
.         * access to data file(s) "..."
. 
. * to do 
.         * all of it
.         * clean up data files 
.         * code and data can be made available on github and googledrive 
.         
.         * leave this for now - possible issue with using owner instead of decision maker ... 
.         * probably for now going to go with this 
. 
. * **********************************************************************
. * 0 - setup
. * **********************************************************************
. 
. * define
.         global  fil             =       "C:\Users\aljosephson\Dropbox\Out for Review\Dissertation\Data - LSMS Malawi\_replication2020" 
{txt}
{com}.         global  code    =       "C:\Users\aljosephson\git\dissertation\e1_gender\code"
{txt}
{com}.         global  logs    =       "C:\Users\aljosephson\git\dissertation\e1_gender\logs" 
{txt}
{com}. 
. * open log
.         cap log                 close
{smcl}
{com}{sf}{ul off}{smcl}
{com}{sf}{ul off}{txt}{.-}
      name:  {res}<unnamed>
       {txt}log:  {res}C:\Users\aljosephson\git\dissertation\e1_gender\logs/building_joint_variables.smcl
  {txt}log type:  {res}smcl
 {txt}opened on:  {res}14 Oct 2020, 09:43:24
{txt}
{com}. 
. * **********************************************************************
. * 1 - identify decision makers (Y1)
. * **********************************************************************
. 
. * for each plot:
. * identify managers (decision maker), owner [can identify joint ownership]
. 
. * primary wet season 
. 
.         use                             "$fil\LSMS\AG_MOD_D.dta", clear
{txt}
{com}. 
{txt}end of do-file

{com}. do "C:\Users\ALJOSE~1\AppData\Local\Temp\STD2ea0_000000.tmp"
{txt}
{com}.         
.         keep                    case_id ea_id ag_d00 ag_d01 ag_d02 ag_d04a ag_d04b
{txt}
{com}.         rename                  ag_d00 plotid
{res}{txt}
{com}. 
{txt}end of do-file

{com}. do "C:\Users\ALJOSE~1\AppData\Local\Temp\STD2ea0_000000.tmp"
{txt}
{com}.         
.         save                    "$fil\decision-making\decision_wet_y1.dta"
{err}{p 0 4 2}
file C:\Users\aljosephson\Dropbox\Out for Review\Dissertation\Data - LSMS Malawi\_replication2020\decision-making\decision_wet_y1.dta
could not be opened
{p_end}
{txt}{search r(603), local:r(603);}

end of do-file

{search r(603), local:r(603);}

{com}. do "C:\Users\ALJOSE~1\AppData\Local\Temp\STD2ea0_000000.tmp"
{txt}
{com}.         
.         save                    "$fil\decision-making\decision_wet_y1.dta", replace
{txt}(note: file C:\Users\aljosephson\Dropbox\Out for Review\Dissertation\Data - LSMS Malawi\_replication2020\decision-making\decision_wet_y1.dta not found)
file C:\Users\aljosephson\Dropbox\Out for Review\Dissertation\Data - LSMS Malawi\_replication2020\decision-making\decision_wet_y1.dta saved

{com}. 
{txt}end of do-file

{com}. do "C:\Users\ALJOSE~1\AppData\Local\Temp\STD2ea0_000000.tmp"
{txt}
{com}. 
. * primary manager 
.         rename                  ag_d01 id_code 
{res}{txt}
{com}. 
{txt}end of do-file

{com}. do "C:\Users\ALJOSE~1\AppData\Local\Temp\STD2ea0_000000.tmp"
{txt}
{com}.         rename                  ag_d01 id_code 
{res}{err}variable {bf}ag_d01{sf} not found
{txt}{search r(111), local:r(111);}

end of do-file

{search r(111), local:r(111);}

{com}. do "C:\Users\ALJOSE~1\AppData\Local\Temp\STD2ea0_000000.tmp"
{txt}
{com}.         merge                   1:m case_id ea_id id_code using "$fil\household\hhbase_y1.dta"
{res}{err}{p 0 4 2}
variable{err}s{err} case_id
ea_id
id_code
do not uniquely identify observations in the
master data
{p_end}
{txt}{search r(459), local:r(459);}

end of do-file

{search r(459), local:r(459);}

{com}. do "C:\Users\ALJOSE~1\AppData\Local\Temp\STD2ea0_000000.tmp"
{txt}
{com}.         rename                  ag_d01 id_code 
{res}{err}variable {bf}ag_d01{sf} not found
{txt}{search r(111), local:r(111);}

end of do-file

{search r(111), local:r(111);}

{com}. do "C:\Users\ALJOSE~1\AppData\Local\Temp\STD2ea0_000000.tmp"
{txt}
{com}.         merge                   m:1 case_id ea_id id_code using "$fil\household\hhbase_y1.dta"
{res}
{txt}{col 5}Result{col 38}# of obs.
{col 5}{hline 41}
{col 5}not matched{col 30}{res}          22,998
{txt}{col 9}from master{col 30}{res}          16,721{txt}  (_merge==1)
{col 9}from using{col 30}{res}           6,277{txt}  (_merge==2)

{col 5}matched{col 30}{res}           2,544{txt}  (_merge==3)
{col 5}{hline 41}

{com}. 
{txt}end of do-file

{com}. tab id_code

  {txt}Who in HH {c |}
      makes {c |}
  decisions {c |}
 concerning {c |}
crops to be {c |}
planted,inp {c |}
         ut {c |}
 use,timing {c |}
     of cro {c |}      Freq.     Percent        Cum.
{hline 12}{c +}{hline 35}
          1 {c |}{res}     18,202       72.20       72.20
{txt}          2 {c |}{res}      2,482        9.85       82.05
{txt}          3 {c |}{res}      1,409        5.59       87.64
{txt}          4 {c |}{res}      1,094        4.34       91.98
{txt}          5 {c |}{res}        814        3.23       95.21
{txt}          6 {c |}{res}        533        2.11       97.32
{txt}          7 {c |}{res}        320        1.27       98.59
{txt}          8 {c |}{res}        171        0.68       99.27
{txt}          9 {c |}{res}         83        0.33       99.60
{txt}         10 {c |}{res}         41        0.16       99.76
{txt}         11 {c |}{res}         26        0.10       99.87
{txt}         12 {c |}{res}         16        0.06       99.93
{txt}         13 {c |}{res}          6        0.02       99.95
{txt}         14 {c |}{res}          4        0.02       99.97
{txt}         15 {c |}{res}          3        0.01       99.98
{txt}         16 {c |}{res}          2        0.01       99.99
{txt}         17 {c |}{res}          1        0.00       99.99
{txt}         18 {c |}{res}          1        0.00      100.00
{txt}         19 {c |}{res}          1        0.00      100.00
{txt}{hline 12}{c +}{hline 35}
      Total {c |}{res}     25,209      100.00

{com}. do "C:\Users\ALJOSE~1\AppData\Local\Temp\STD2ea0_000000.tmp"
{txt}
{com}. * Project: Joint Household Resources - Malawi 
. * Created: October 2020
. * Created by: alj
. * Last edit: 14 October 2020
. * Stata v.16.1
. 
. * does
.         * builds respondent decision maker variable 
. 
. * assumes
.         * access to data file(s) "..."
. 
. * to do 
.         * all of it
.         * clean up data files 
.         * code and data can be made available on github and googledrive 
.         
.         * leave this for now - possible issue with using owner instead of decision maker ... 
.         * probably for now going to go with this 
. 
. * **********************************************************************
. * 0 - setup
. * **********************************************************************
. 
. * define
.         global  fil             =       "C:\Users\aljosephson\Dropbox\Out for Review\Dissertation\Data - LSMS Malawi\_replication2020" 
{txt}
{com}.         global  code    =       "C:\Users\aljosephson\git\dissertation\e1_gender\code"
{txt}
{com}.         global  logs    =       "C:\Users\aljosephson\git\dissertation\e1_gender\logs" 
{txt}
{com}. 
. * open log
.         cap log                 close
{smcl}
{com}{sf}{ul off}{smcl}
{com}{sf}{ul off}{txt}{.-}
      name:  {res}<unnamed>
       {txt}log:  {res}C:\Users\aljosephson\git\dissertation\e1_gender\logs/building_joint_variables.smcl
  {txt}log type:  {res}smcl
 {txt}opened on:  {res}14 Oct 2020, 09:49:34
{txt}
{com}. 
. * **********************************************************************
. * 1 - identify decision makers (Y1)
. * **********************************************************************
. 
. * for each plot:
. * identify managers (decision maker), owner [can identify joint ownership]
. 
. * primary wet season 
. 
.         use                             "$fil\LSMS\AG_MOD_D.dta", clear
{txt}
{com}. 
. * determine plot id and relevant decision maker variables       
. 
. * save decision maker 1 and 2 - need to merge with household base file 
.         
.         keep                    case_id ea_id ag_d00 ag_d01 ag_d02 ag_d04a ag_d04b
{txt}
{com}.         rename                  ag_d00 plotid
{res}{txt}
{com}.         
.         save                    "$fil\decision-making\decision_wet_y1.dta", replace
{txt}file C:\Users\aljosephson\Dropbox\Out for Review\Dissertation\Data - LSMS Malawi\_replication2020\decision-making\decision_wet_y1.dta saved

{com}.         
. * combined with household file to learn about gender, etc.  
. 
. * primary manager 
.         rename                  ag_d01 id_code 
{res}{txt}
{com}.         merge                   m:m case_id id_code using "$fil\household\hhbase_y1.dta"
{res}
{txt}{col 5}Result{col 38}# of obs.
{col 5}{hline 41}
{col 5}not matched{col 30}{res}          22,998
{txt}{col 9}from master{col 30}{res}          16,721{txt}  (_merge==1)
{col 9}from using{col 30}{res}           6,277{txt}  (_merge==2)

{col 5}matched{col 30}{res}           2,544{txt}  (_merge==3)
{col 5}{hline 41}

{com}.         
. 
{txt}end of do-file

{com}. do "C:\Users\ALJOSE~1\AppData\Local\Temp\STD2ea0_000000.tmp"
{txt}
{com}. * Project: Joint Household Resources - Malawi 
. * Created: October 2020
. * Created by: alj
. * Last edit: 14 October 2020
. * Stata v.16.1
. 
. * does
.         * builds respondent decision maker variable 
.         * just clean up for now - will merge with production data before determining genders (since only need if ACTUALLY produce something)
. 
. * assumes
.         * access to data file(s) "..."
. 
. * to do 
.         * all of it
.         * clean up data files 
.         * code and data can be made available on github and googledrive 
. 
. * **********************************************************************
. * 0 - setup
. * **********************************************************************
. 
. * define
.         global  fil             =       "C:\Users\aljosephson\Dropbox\Out for Review\Dissertation\Data - LSMS Malawi\_replication2020" 
{txt}
{com}.         global  code    =       "C:\Users\aljosephson\git\dissertation\e1_gender\code"
{txt}
{com}.         global  logs    =       "C:\Users\aljosephson\git\dissertation\e1_gender\logs" 
{txt}
{com}. 
. * open log
.         cap log                 close
{smcl}
{com}{sf}{ul off}{smcl}
{com}{sf}{ul off}{txt}{.-}
      name:  {res}<unnamed>
       {txt}log:  {res}C:\Users\aljosephson\git\dissertation\e1_gender\logs/building_joint_variables.smcl
  {txt}log type:  {res}smcl
 {txt}opened on:  {res}14 Oct 2020, 09:56:56
{txt}
{com}. 
. * **********************************************************************
. * 1 - identify decision makers (Y1)
. * **********************************************************************
. 
. * for each plot:
. * identify managers (decision maker), owner [can identify joint ownership]
. 
. * primary wet season 
. 
.         use                             "$fil\LSMS\AG_MOD_D.dta", clear
{txt}
{com}. 
. * determine plot id and relevant decision maker variables       
. 
. * save decision maker 1 and 2 - need to merge with household base file 
.         
.         keep                    case_id ea_id ag_d00 ag_d01 ag_d02 ag_d04a ag_d04b
{txt}
{com}.         rename                  ag_d00 plotid
{res}{txt}
{com}.         
.         save                    "$fil\decision-making\decision_wet_y1.dta", replace
{txt}file C:\Users\aljosephson\Dropbox\Out for Review\Dissertation\Data - LSMS Malawi\_replication2020\decision-making\decision_wet_y1.dta saved

{com}. 
{txt}end of do-file

{com}. do "C:\Users\ALJOSE~1\AppData\Local\Temp\STD2ea0_000000.tmp"
{txt}
{com}.         use                             "$fil\LSMS\AG_MOD_D_y2.dta", clear
{txt}
{com}. 
{txt}end of do-file

{com}. do "C:\Users\ALJOSE~1\AppData\Local\Temp\STD2ea0_000000.tmp"
{txt}
{com}. * determine plot id and relevant decision maker variables       
.         
.         keep                    occ y2_hhid interview_status ag_d00 ag_d01 ag_d01_1 ag_d01_2a ag_d01_2b ag_d04a ag_d04b
{txt}
{com}.         rename                  ag_d00 plotid
{res}{txt}
{com}.         
. * primary and secondary manager 
.         rename                  ag_d01 manager1
{res}{txt}
{com}.         rename                  ag_d01_1 manager2
{res}{txt}
{com}.         rename                  ag_d01_2a mangagero_1
{res}{txt}
{com}.         rename                  ag_d01_2b managero_2
{res}{txt}
{com}.         rename                  ag_d04a owner1
{res}{txt}
{com}.         rename                  ag_d04b owner2 
{res}{txt}
{com}.         
.         save                    "$fil\decision-making\decision_wet_y2.dta", replace
{txt}(note: file C:\Users\aljosephson\Dropbox\Out for Review\Dissertation\Data - LSMS Malawi\_replication2020\decision-making\decision_wet_y2.dta not found)
file C:\Users\aljosephson\Dropbox\Out for Review\Dissertation\Data - LSMS Malawi\_replication2020\decision-making\decision_wet_y2.dta saved

{com}. 
{txt}end of do-file

{com}. do "C:\Users\ALJOSE~1\AppData\Local\Temp\STD2ea0_000000.tmp"
{txt}
{com}. 
.         use                             "$fil\LSMS\AG_MOD_D_y3.dta", clear
{txt}
{com}. 
{txt}end of do-file

{com}. do "C:\Users\aljosephson\git\dissertation\e1_gender\code\gender_decision-maker_build-code.do"
{txt}
{com}. * Project: Joint Household Resources - Malawi 
. * Created: October 2020
. * Created by: alj
. * Last edit: 14 October 2020
. * Stata v.16.1
. 
. * does
.         * builds respondent decision maker variable 
.         * just clean up for now - will merge with production data before determining genders (since only need if ACTUALLY produce something)
. 
. * assumes
.         * access to data file(s) "..."
. 
. * to do 
.         * all of it
.         * clean up data files 
.         * code and data can be made available on github and googledrive 
. 
. * **********************************************************************
. * 0 - setup
. * **********************************************************************
. 
. * define
.         global  fil             =       "C:\Users\aljosephson\Dropbox\Out for Review\Dissertation\Data - LSMS Malawi\_replication2020" 
{txt}
{com}.         global  code    =       "C:\Users\aljosephson\git\dissertation\e1_gender\code"
{txt}
{com}.         global  logs    =       "C:\Users\aljosephson\git\dissertation\e1_gender\logs" 
{txt}
{com}. 
. * open log
.         cap log                 close
{smcl}
{com}{sf}{ul off}{smcl}
{com}{sf}{ul off}{txt}{.-}
      name:  {res}<unnamed>
       {txt}log:  {res}C:\Users\aljosephson\git\dissertation\e1_gender\logs/building_joint_variables.smcl
  {txt}log type:  {res}smcl
 {txt}opened on:  {res}14 Oct 2020, 10:29:22
{txt}
{com}. 
. * **********************************************************************
. * 1 - identify decision makers and owners (Y1)
. * **********************************************************************
. 
. * for each plot:
. * identify managers (decision maker), owner [can identify joint ownership]
. 
. * primary wet season 
. 
.         use                             "$fil\LSMS\AG_MOD_D_y1.dta", clear
{txt}
{com}. 
. * determine plot id and relevant decision maker variables       
.         
.         keep                    case_id ea_id ag_d00 ag_d01 ag_d02 ag_d04a ag_d04b
{txt}
{com}.         rename                  ag_d00 plotid
{res}{txt}
{com}.         
. * primary and secondary manager 
.         rename                  ag_d01 manager1
{res}{txt}
{com}.         rename                  ag_d02 manager2
{res}{txt}
{com}.         rename                  ag_d04a owner1
{res}{txt}
{com}.         rename                  ag_d04b owner2 
{res}{txt}
{com}. 
.         
. * save new file 
. 
. compress
{txt}  (0 bytes saved)

{com}. describe

{txt}Contains data from {res}C:\Users\aljosephson\Dropbox\Out for Review\Dissertation\Data - LSMS Malawi\_replication2020\LSMS\AG_MOD_D_y1.dta
{txt}  obs:{res}        19,265                          
{txt} vars:{res}             7                          28 Mar 2012 10:59
{txt}{hline}
              storage   display    value
variable name   type    format     label      variable label
{hline}
{p 0 48}{res}{bind:case_id        }{txt}{bind: str12   }{bind:{txt}%12s      }{space 1}{bind:         }{bind:  }{res}{res}Unique HH Identifier{p_end}
{p 0 48}{bind:ea_id          }{txt}{bind: str8    }{bind:{txt}%9s       }{space 1}{bind:         }{bind:  }{res}{res}Unique EA Identifier{p_end}
{p 0 48}{bind:plotid         }{txt}{bind: str2    }{bind:{txt}%9s       }{space 1}{bind:         }{bind:  }{res}{res}Plot Id{p_end}
{p 0 48}{bind:manager1       }{txt}{bind: byte    }{bind:{txt}%8.0g     }{space 1}{bind:         }{bind:  }{res}{res}Who in HH makes decisions concerning crops to be planted,input use,timing of cro{p_end}
{p 0 48}{bind:manager2       }{txt}{bind: byte    }{bind:{txt}%8.0g     }{space 1}{bind:         }{bind:  }{res}{res}ENUMERATOR: Record the ID of the respondent.{p_end}
{p 0 48}{bind:owner1         }{txt}{bind: byte    }{bind:{txt}%8.0g     }{space 1}{bind:         }{bind:  }{res}{res}Who in this household owns this [PLOT]?(ID CODE #1){p_end}
{p 0 48}{bind:owner2         }{txt}{bind: byte    }{bind:{txt}%8.0g     }{space 1}{bind:         }{bind:  }{res}{res}Who in this household owns this [PLOT]?(ID CODE #2){p_end}
{txt}{hline}
Sorted by: 
{res}     Note: Dataset has changed since last saved.
{txt}
{com}. summarize 

{txt}    Variable {c |}        Obs        Mean    Std. Dev.       Min        Max
{hline 13}{c +}{hline 57}
{space 5}case_id {c |}{res}          0
{txt}{space 7}ea_id {c |}{res}          0
{txt}{space 6}plotid {c |}{res}          0
{txt}{space 4}manager1 {c |}{res}     18,932    1.070463    .3271397          1         13
{txt}{space 4}manager2 {c |}{res}     18,835     1.33151    .5328763          1         12
{txt}{hline 13}{c +}{hline 57}
{space 6}owner1 {c |}{res}     14,822    1.258332    .4871914          1         10
{txt}{space 6}owner2 {c |}{res}      2,843     1.95357    .3741616          1          8
{txt}
{com}. 
.         save                    "$fil\decision-making\decision_wet_y1.dta", replace
{txt}file C:\Users\aljosephson\Dropbox\Out for Review\Dissertation\Data - LSMS Malawi\_replication2020\decision-making\decision_wet_y1.dta saved

{com}.         
. * **********************************************************************
. * 2 - identify decision makers and owners (Y2)
. * **********************************************************************
. 
. * for each plot:
. * identify managers (decision maker), owner [can identify joint ownership]
. 
. * primary wet season 
. 
.         use                             "$fil\LSMS\AG_MOD_D_y2.dta", clear
{txt}
{com}. 
. * determine plot id and relevant decision maker variables       
.         
.         keep                    occ y2_hhid interview_status ag_d00 ag_d01 ag_d01_1 ag_d01_2a ag_d01_2b ag_d04a ag_d04b
{txt}
{com}.         rename                  ag_d00 plotid
{res}{txt}
{com}.         
. * primary and secondary manager 
.         rename                  ag_d01 manager1
{res}{txt}
{com}.         rename                  ag_d01_1 manager2
{res}{txt}
{com}.         rename                  ag_d01_2a mangagero_1
{res}{txt}
{com}.         rename                  ag_d01_2b managero_2
{res}{txt}
{com}.         rename                  ag_d04a owner1
{res}{txt}
{com}.         rename                  ag_d04b owner2 
{res}{txt}
{com}.         
. * save new file 
. 
. compress
{txt}  (0 bytes saved)

{com}. describe

{txt}Contains data from {res}C:\Users\aljosephson\Dropbox\Out for Review\Dissertation\Data - LSMS Malawi\_replication2020\LSMS\AG_MOD_D_y2.dta
{txt}  obs:{res}         6,490                          
{txt} vars:{res}            10                          10 Sep 2014 11:34
{txt}{hline}
              storage   display    value
variable name   type    format     label      variable label
{hline}
{p 0 48}{res}{bind:occ            }{txt}{bind: byte    }{bind:{txt}%9.0g     }{space 1}{bind:         }{bind:  }{res}{res}Case Section Roster / Line Occurrence Sequence for O/S Merge{p_end}
{p 0 48}{bind:y2_hhid        }{txt}{bind: str8    }{bind:{txt}%9s       }{space 1}{bind:         }{bind:  }{res}{res}Unique Household Identification IHPS{p_end}
{p 0 48}{bind:interview_sta~s}{txt}{bind: byte    }{bind:{txt}%24.0g    }{space 1}{bind:stat     }{bind:  }{res}{res}Household Interview Status{p_end}
{p 0 48}{bind:plotid         }{txt}{bind: str3    }{bind:{txt}%9s       }{space 1}{bind:         }{bind:  }{res}{res}Plot ID{p_end}
{p 0 48}{bind:manager1       }{txt}{bind: byte    }{bind:{txt}%8.0g     }{space 1}{bind:         }{bind:  }{res}{res}Who in the household makes the decisions concerning crops to be planted, input u{p_end}
{p 0 48}{bind:manager2       }{txt}{bind: byte    }{bind:{txt}%8.0g     }{space 1}{bind:AG_D01_1 }{bind:  }{res}{res}Are there other household members that the primary decision maker consults regar{p_end}
{p 0 48}{bind:mangagero_1    }{txt}{bind: byte    }{bind:{txt}%8.0g     }{space 1}{bind:         }{bind:  }{res}{res}Who are the other decision makers on the [PLOT]? (1ST){p_end}
{p 0 48}{bind:managero_2     }{txt}{bind: byte    }{bind:{txt}%8.0g     }{space 1}{bind:         }{bind:  }{res}{res}Who are the other decision makers on the [PLOT]? (2ND){p_end}
{p 0 48}{bind:owner1         }{txt}{bind: byte    }{bind:{txt}%8.0g     }{space 1}{bind:         }{bind:  }{res}{res}Who in this household owns this [PLOT]? (1ST){p_end}
{p 0 48}{bind:owner2         }{txt}{bind: byte    }{bind:{txt}%8.0g     }{space 1}{bind:         }{bind:  }{res}{res}Who in this household owns this [PLOT]? (2ND){p_end}
{txt}{hline}
Sorted by: {res}y2_hhid  occ
     Note: Dataset has changed since last saved.
{txt}
{com}. summarize 

{txt}    Variable {c |}        Obs        Mean    Std. Dev.       Min        Max
{hline 13}{c +}{hline 57}
{space 9}occ {c |}{res}      6,490    1.800308    1.009219          1          8
{txt}{space 5}y2_hhid {c |}{res}          0
{txt}interview_~s {c |}{res}      6,490    1.615871    .7006332          1          5
{txt}{space 6}plotid {c |}{res}          0
{txt}{space 4}manager1 {c |}{res}      6,332    1.106601    .4373648          1          9
{txt}{hline 13}{c +}{hline 57}
{space 4}manager2 {c |}{res}      6,332    1.404611    .4908555          1          2
{txt}{space 1}mangagero_1 {c |}{res}      3,772    1.932131    .4843413          1          9
{txt}{space 2}managero_2 {c |}{res}        263    2.973384    1.340522          1          8
{txt}{space 6}owner1 {c |}{res}      5,263    1.309709    1.459524          1         99
{txt}{space 6}owner2 {c |}{res}        966    1.944099     .415978          1          5
{txt}
{com}.         
.         save                    "$fil\decision-making\decision_wet_y2.dta", replace
{txt}file C:\Users\aljosephson\Dropbox\Out for Review\Dissertation\Data - LSMS Malawi\_replication2020\decision-making\decision_wet_y2.dta saved

{com}.         
. * **********************************************************************
. * 3 - identify decision makers  (Y3)
. * **********************************************************************
. 
. * for each plot:
. * identify managers (decision maker)
. * owner not identified in this module - will need to go back and find if decide to use these 
. 
. * primary wet season 
. 
.         use                             "$fil\LSMS\AG_MOD_D_y3.dta", clear
{txt}
{com}. 
. * determine plot id and relevant decision maker variables       
.         
.         keep                    y3_hhid gardenid plotid ag_d01 ag_d01_1 ag_d01_2a ag_d01_2b ag_d02
{txt}
{com}.         
. * primary and secondary manager 
.         rename                  ag_d01 manager1
{res}{txt}
{com}.         rename                  ag_d01_1 manager2
{res}{txt}
{com}.         rename                  ag_d01_2a mangagero_1
{res}{txt}
{com}.         rename                  ag_d01_2b managero_2
{res}{txt}
{com}.         rename                  ag_d02 respond_id 
{res}{txt}
{com}.         
. * save new file 
. 
. compress
{txt}  (0 bytes saved)

{com}. describe

{txt}Contains data from {res}C:\Users\aljosephson\Dropbox\Out for Review\Dissertation\Data - LSMS Malawi\_replication2020\LSMS\AG_MOD_D_y3.dta
{txt}  obs:{res}         4,042                          
{txt} vars:{res}             8                          4 Dec 2017 09:00
                                              (_dta has notes)
{txt}{hline}
              storage   display    value
variable name   type    format     label      variable label
{hline}
{p 0 48}{res}{bind:y3_hhid        }{txt}{bind: str8    }{bind:{txt}%9s       }{space 1}{bind:         }{bind:  }{res}{res}Unique Household Identification IHS4{p_end}
{p 0 48}{bind:gardenid       }{txt}{bind: str4    }{bind:{txt}%9s       }{space 1}{bind:         }{bind:  }{res}{res}Garden ID{p_end}
{p 0 48}{bind:plotid         }{txt}{bind: str4    }{bind:{txt}%9s       }{space 1}{bind:         }{bind:  }{res}{res}Plot ID{p_end}
{p 0 48}{bind:manager1       }{txt}{bind: byte    }{bind:{txt}%6.0f     }{space 1}{bind:         }{bind:  }{res}{res}Decision Maker in Household Concerning Crops{p_end}
{p 0 48}{bind:manager2       }{txt}{bind: byte    }{bind:{txt}%6.0f     }{space 1}{bind:ag_d01_1 }{bind:  }{res}{res}Another Household Member who makes decisions?{p_end}
{p 0 48}{bind:mangagero_1    }{txt}{bind: byte    }{bind:{txt}%6.0f     }{space 1}{bind:         }{bind:  }{res}{res}Second Household Member who makes decisions{p_end}
{p 0 48}{bind:managero_2     }{txt}{bind: byte    }{bind:{txt}%10.0g    }{space 1}{bind:         }{bind:  }{res}{res}Third Household Member who makes decisions{p_end}
{p 0 48}{bind:respond_id     }{txt}{bind: byte    }{bind:{txt}%6.0f     }{space 1}{bind:         }{bind:  }{res}{res}ID of Respondent{p_end}
{txt}{hline}
Sorted by: {res}y3_hhid  gardenid  plotid
     Note: Dataset has changed since last saved.
{txt}
{com}. summarize 

{txt}    Variable {c |}        Obs        Mean    Std. Dev.       Min        Max
{hline 13}{c +}{hline 57}
{space 5}y3_hhid {c |}{res}          0
{txt}{space 4}gardenid {c |}{res}          0
{txt}{space 6}plotid {c |}{res}          0
{txt}{space 4}manager1 {c |}{res}      4,027    1.235411    .6492057          1          9
{txt}{space 4}manager2 {c |}{res}      4,030    1.294045    .4556687          1          2
{txt}{hline 13}{c +}{hline 57}
{space 1}mangagero_1 {c |}{res}      2,774    1.820836    .8517934          1         11
{txt}{space 2}managero_2 {c |}{res}        457    2.514223    1.194062          1         10
{txt}{space 2}respond_id {c |}{res}      4,027    1.442016    .7158712          1          7
{txt}
{com}.         
.         save                    "$fil\decision-making\decision_wet_y3.dta", replace
{txt}(note: file C:\Users\aljosephson\Dropbox\Out for Review\Dissertation\Data - LSMS Malawi\_replication2020\decision-making\decision_wet_y3.dta not found)
file C:\Users\aljosephson\Dropbox\Out for Review\Dissertation\Data - LSMS Malawi\_replication2020\decision-making\decision_wet_y3.dta saved

{com}. 
. * *********************************************************************
. * 4 - end matter
. * **********************************************************************
. 
. * close the log
.         log     close   
      {txt}name:  {res}<unnamed>
       {txt}log:  {res}C:\Users\aljosephson\git\dissertation\e1_gender\logs/building_joint_variables.smcl
  {txt}log type:  {res}smcl
 {txt}closed on:  {res}14 Oct 2020, 10:29:23
{txt}{.-}
{smcl}
{txt}{sf}{ul off}{smcl}
{com}{sf}{ul off}{txt}{.-}
      name:  {res}<unnamed>
       {txt}log:  {res}C:\Users\aljosephson\git\dissertation\e1_gender\logs/building_joint_variables.smcl
  {txt}log type:  {res}smcl
 {txt}opened on:  {res}14 Oct 2020, 10:31:04
{txt}
{com}. 
. * **********************************************************************
. * 1 - identify decision makers and owners (Y1)
. * **********************************************************************
. 
. * for each plot:
. * identify managers (decision maker), owner [can identify joint ownership]
. 
. * primary wet season 
. 
.         use                             "$fil\LSMS\AG_MOD_D_y1.dta", clear
{txt}
{com}. 
. * determine plot id and relevant decision maker variables       
.         
.         keep                    case_id ea_id ag_d00 ag_d01 ag_d02 ag_d04a ag_d04b
{txt}
{com}.         rename                  ag_d00 plotid
{res}{txt}
{com}.         
. * primary and secondary manager 
.         rename                  ag_d01 manager1
{res}{txt}
{com}.         rename                  ag_d02 manager2
{res}{txt}
{com}.         rename                  ag_d04a owner1
{res}{txt}
{com}.         rename                  ag_d04b owner2 
{res}{txt}
{com}. 
.         
. * save new file 
. 
. compress
{txt}  (0 bytes saved)

{com}. describe

{txt}Contains data from {res}C:\Users\aljosephson\Dropbox\Out for Review\Dissertation\Data - LSMS Malawi\_replication2020\LSMS\AG_MOD_D_y1.dta
{txt}  obs:{res}        19,265                          
{txt} vars:{res}             7                          28 Mar 2012 10:59
{txt}{hline}
              storage   display    value
variable name   type    format     label      variable label
{hline}
{p 0 48}{res}{bind:case_id        }{txt}{bind: str12   }{bind:{txt}%12s      }{space 1}{bind:         }{bind:  }{res}{res}Unique HH Identifier{p_end}
{p 0 48}{bind:ea_id          }{txt}{bind: str8    }{bind:{txt}%9s       }{space 1}{bind:         }{bind:  }{res}{res}Unique EA Identifier{p_end}
{p 0 48}{bind:plotid         }{txt}{bind: str2    }{bind:{txt}%9s       }{space 1}{bind:         }{bind:  }{res}{res}Plot Id{p_end}
{p 0 48}{bind:manager1       }{txt}{bind: byte    }{bind:{txt}%8.0g     }{space 1}{bind:         }{bind:  }{res}{res}Who in HH makes decisions concerning crops to be planted,input use,timing of cro{p_end}
{p 0 48}{bind:manager2       }{txt}{bind: byte    }{bind:{txt}%8.0g     }{space 1}{bind:         }{bind:  }{res}{res}ENUMERATOR: Record the ID of the respondent.{p_end}
{p 0 48}{bind:owner1         }{txt}{bind: byte    }{bind:{txt}%8.0g     }{space 1}{bind:         }{bind:  }{res}{res}Who in this household owns this [PLOT]?(ID CODE #1){p_end}
{p 0 48}{bind:owner2         }{txt}{bind: byte    }{bind:{txt}%8.0g     }{space 1}{bind:         }{bind:  }{res}{res}Who in this household owns this [PLOT]?(ID CODE #2){p_end}
{txt}{hline}
Sorted by: 
{res}     Note: Dataset has changed since last saved.
{txt}
{com}. summarize 

{txt}    Variable {c |}        Obs        Mean    Std. Dev.       Min        Max
{hline 13}{c +}{hline 57}
{space 5}case_id {c |}{res}          0
{txt}{space 7}ea_id {c |}{res}          0
{txt}{space 6}plotid {c |}{res}          0
{txt}{space 4}manager1 {c |}{res}     18,932    1.070463    .3271397          1         13
{txt}{space 4}manager2 {c |}{res}     18,835     1.33151    .5328763          1         12
{txt}{hline 13}{c +}{hline 57}
{space 6}owner1 {c |}{res}     14,822    1.258332    .4871914          1         10
{txt}{space 6}owner2 {c |}{res}      2,843     1.95357    .3741616          1          8
{txt}
{com}. 
.         save                    "$fil\decision-making\decision_wet_y1.dta", replace
{txt}file C:\Users\aljosephson\Dropbox\Out for Review\Dissertation\Data - LSMS Malawi\_replication2020\decision-making\decision_wet_y1.dta saved

{com}.         
. * **********************************************************************
. * 2 - identify decision makers and owners (Y2)
. * **********************************************************************
. 
. * for each plot:
. * identify managers (decision maker), owner [can identify joint ownership]
. 
. * primary wet season 
. 
.         use                             "$fil\LSMS\AG_MOD_D_y2.dta", clear
{txt}
{com}. 
. * determine plot id and relevant decision maker variables       
.         
.         keep                    occ y2_hhid interview_status ag_d00 ag_d01 ag_d01_1 ag_d01_2a ag_d01_2b ag_d04a ag_d04b
{txt}
{com}.         rename                  ag_d00 plotid
{res}{txt}
{com}.         
. * primary and secondary manager 
.         rename                  ag_d01 manager1
{res}{txt}
{com}.         rename                  ag_d01_1 manager2
{res}{txt}
{com}.         rename                  ag_d01_2a mangagero_1
{res}{txt}
{com}.         rename                  ag_d01_2b managero_2
{res}{txt}
{com}.         rename                  ag_d04a owner1
{res}{txt}
{com}.         rename                  ag_d04b owner2 
{res}{txt}
{com}.         
. * save new file 
. 
. compress
{txt}  (0 bytes saved)

{com}. describe

{txt}Contains data from {res}C:\Users\aljosephson\Dropbox\Out for Review\Dissertation\Data - LSMS Malawi\_replication2020\LSMS\AG_MOD_D_y2.dta
{txt}  obs:{res}         6,490                          
{txt} vars:{res}            10                          10 Sep 2014 11:34
{txt}{hline}
              storage   display    value
variable name   type    format     label      variable label
{hline}
{p 0 48}{res}{bind:occ            }{txt}{bind: byte    }{bind:{txt}%9.0g     }{space 1}{bind:         }{bind:  }{res}{res}Case Section Roster / Line Occurrence Sequence for O/S Merge{p_end}
{p 0 48}{bind:y2_hhid        }{txt}{bind: str8    }{bind:{txt}%9s       }{space 1}{bind:         }{bind:  }{res}{res}Unique Household Identification IHPS{p_end}
{p 0 48}{bind:interview_sta~s}{txt}{bind: byte    }{bind:{txt}%24.0g    }{space 1}{bind:stat     }{bind:  }{res}{res}Household Interview Status{p_end}
{p 0 48}{bind:plotid         }{txt}{bind: str3    }{bind:{txt}%9s       }{space 1}{bind:         }{bind:  }{res}{res}Plot ID{p_end}
{p 0 48}{bind:manager1       }{txt}{bind: byte    }{bind:{txt}%8.0g     }{space 1}{bind:         }{bind:  }{res}{res}Who in the household makes the decisions concerning crops to be planted, input u{p_end}
{p 0 48}{bind:manager2       }{txt}{bind: byte    }{bind:{txt}%8.0g     }{space 1}{bind:AG_D01_1 }{bind:  }{res}{res}Are there other household members that the primary decision maker consults regar{p_end}
{p 0 48}{bind:mangagero_1    }{txt}{bind: byte    }{bind:{txt}%8.0g     }{space 1}{bind:         }{bind:  }{res}{res}Who are the other decision makers on the [PLOT]? (1ST){p_end}
{p 0 48}{bind:managero_2     }{txt}{bind: byte    }{bind:{txt}%8.0g     }{space 1}{bind:         }{bind:  }{res}{res}Who are the other decision makers on the [PLOT]? (2ND){p_end}
{p 0 48}{bind:owner1         }{txt}{bind: byte    }{bind:{txt}%8.0g     }{space 1}{bind:         }{bind:  }{res}{res}Who in this household owns this [PLOT]? (1ST){p_end}
{p 0 48}{bind:owner2         }{txt}{bind: byte    }{bind:{txt}%8.0g     }{space 1}{bind:         }{bind:  }{res}{res}Who in this household owns this [PLOT]? (2ND){p_end}
{txt}{hline}
Sorted by: {res}y2_hhid  occ
     Note: Dataset has changed since last saved.
{txt}
{com}. summarize 

{txt}    Variable {c |}        Obs        Mean    Std. Dev.       Min        Max
{hline 13}{c +}{hline 57}
{space 9}occ {c |}{res}      6,490    1.800308    1.009219          1          8
{txt}{space 5}y2_hhid {c |}{res}          0
{txt}interview_~s {c |}{res}      6,490    1.615871    .7006332          1          5
{txt}{space 6}plotid {c |}{res}          0
{txt}{space 4}manager1 {c |}{res}      6,332    1.106601    .4373648          1          9
{txt}{hline 13}{c +}{hline 57}
{space 4}manager2 {c |}{res}      6,332    1.404611    .4908555          1          2
{txt}{space 1}mangagero_1 {c |}{res}      3,772    1.932131    .4843413          1          9
{txt}{space 2}managero_2 {c |}{res}        263    2.973384    1.340522          1          8
{txt}{space 6}owner1 {c |}{res}      5,263    1.309709    1.459524          1         99
{txt}{space 6}owner2 {c |}{res}        966    1.944099     .415978          1          5
{txt}
{com}.         
.         save                    "$fil\decision-making\decision_wet_y2.dta", replace
{txt}file C:\Users\aljosephson\Dropbox\Out for Review\Dissertation\Data - LSMS Malawi\_replication2020\decision-making\decision_wet_y2.dta saved

{com}.         
. * **********************************************************************
. * 3 - identify decision makers  (Y3)
. * **********************************************************************
. 
. * for each plot:
. * identify managers (decision maker)
. * owner not identified in this module - will need to go back and find if decide to use these 
. 
. * primary wet season 
. 
.         use                             "$fil\LSMS\AG_MOD_D_y3.dta", clear
{txt}
{com}. 
. * determine plot id and relevant decision maker variables       
.         
.         keep                    y3_hhid gardenid plotid ag_d01 ag_d01_1 ag_d01_2a ag_d01_2b ag_d02
{txt}
{com}.         
. * primary and secondary manager 
.         rename                  ag_d01 manager1
{res}{txt}
{com}.         rename                  ag_d01_1 manager2
{res}{txt}
{com}.         rename                  ag_d01_2a mangagero_1
{res}{txt}
{com}.         rename                  ag_d01_2b managero_2
{res}{txt}
{com}.         rename                  ag_d02 respond_id 
{res}{txt}
{com}.         
. * save new file 
. 
. compress
{txt}  (0 bytes saved)

{com}. describe

{txt}Contains data from {res}C:\Users\aljosephson\Dropbox\Out for Review\Dissertation\Data - LSMS Malawi\_replication2020\LSMS\AG_MOD_D_y3.dta
{txt}  obs:{res}         4,042                          
{txt} vars:{res}             8                          4 Dec 2017 09:00
                                              (_dta has notes)
{txt}{hline}
              storage   display    value
variable name   type    format     label      variable label
{hline}
{p 0 48}{res}{bind:y3_hhid        }{txt}{bind: str8    }{bind:{txt}%9s       }{space 1}{bind:         }{bind:  }{res}{res}Unique Household Identification IHS4{p_end}
{p 0 48}{bind:gardenid       }{txt}{bind: str4    }{bind:{txt}%9s       }{space 1}{bind:         }{bind:  }{res}{res}Garden ID{p_end}
{p 0 48}{bind:plotid         }{txt}{bind: str4    }{bind:{txt}%9s       }{space 1}{bind:         }{bind:  }{res}{res}Plot ID{p_end}
{p 0 48}{bind:manager1       }{txt}{bind: byte    }{bind:{txt}%6.0f     }{space 1}{bind:         }{bind:  }{res}{res}Decision Maker in Household Concerning Crops{p_end}
{p 0 48}{bind:manager2       }{txt}{bind: byte    }{bind:{txt}%6.0f     }{space 1}{bind:ag_d01_1 }{bind:  }{res}{res}Another Household Member who makes decisions?{p_end}
{p 0 48}{bind:mangagero_1    }{txt}{bind: byte    }{bind:{txt}%6.0f     }{space 1}{bind:         }{bind:  }{res}{res}Second Household Member who makes decisions{p_end}
{p 0 48}{bind:managero_2     }{txt}{bind: byte    }{bind:{txt}%10.0g    }{space 1}{bind:         }{bind:  }{res}{res}Third Household Member who makes decisions{p_end}
{p 0 48}{bind:respond_id     }{txt}{bind: byte    }{bind:{txt}%6.0f     }{space 1}{bind:         }{bind:  }{res}{res}ID of Respondent{p_end}
{txt}{hline}
Sorted by: {res}y3_hhid  gardenid  plotid
     Note: Dataset has changed since last saved.
{txt}
{com}. summarize 

{txt}    Variable {c |}        Obs        Mean    Std. Dev.       Min        Max
{hline 13}{c +}{hline 57}
{space 5}y3_hhid {c |}{res}          0
{txt}{space 4}gardenid {c |}{res}          0
{txt}{space 6}plotid {c |}{res}          0
{txt}{space 4}manager1 {c |}{res}      4,027    1.235411    .6492057          1          9
{txt}{space 4}manager2 {c |}{res}      4,030    1.294045    .4556687          1          2
{txt}{hline 13}{c +}{hline 57}
{space 1}mangagero_1 {c |}{res}      2,774    1.820836    .8517934          1         11
{txt}{space 2}managero_2 {c |}{res}        457    2.514223    1.194062          1         10
{txt}{space 2}respond_id {c |}{res}      4,027    1.442016    .7158712          1          7
{txt}
{com}.         
.         save                    "$fil\decision-making\decision_wet_y3.dta", replace
{txt}file C:\Users\aljosephson\Dropbox\Out for Review\Dissertation\Data - LSMS Malawi\_replication2020\decision-making\decision_wet_y3.dta saved

{com}.         
. * *********************************************************************
. * 4 - append files together 
. * **********************************************************************        
. 
. * append all 
.         use                     "$fil\decision_making\decision_wet_y1.dta", clear 
{err}{p 0 4 2}
file C:\Users\aljosephson\Dropbox\Out for Review\Dissertation\Data - LSMS Malawi\_replication2020\decision_making\decision_wet_y1.dta
not found
{p_end}
{txt}{search r(601), local:r(601);}

end of do-file

{search r(601), local:r(601);}

{com}. do "C:\Users\ALJOSE~1\AppData\Local\Temp\STD2ea0_000000.tmp"
{txt}
{com}. * Project: Joint Household Resources - Malawi 
. * Created: October 2020
. * Created by: alj
. * Last edit: 14 October 2020
. * Stata v.16.1
. 
. * does
.         * builds respondent decision maker variable 
.         * just clean up for now - will merge with production data before determining genders (since only need if ACTUALLY produce something)
. 
. * assumes
.         * access to data file(s) "..."
. 
. * to do 
.         * all of it
.         * clean up data files 
.         * code and data can be made available on github and googledrive 
. 
. * **********************************************************************
. * 0 - setup
. * **********************************************************************
. 
. * define
.         global  fil             =       "C:\Users\aljosephson\Dropbox\Out for Review\Dissertation\Data - LSMS Malawi\_replication2020" 
{txt}
{com}.         global  code    =       "C:\Users\aljosephson\git\dissertation\e1_gender\code"
{txt}
{com}.         global  logs    =       "C:\Users\aljosephson\git\dissertation\e1_gender\logs" 
{txt}
{com}. 
. * open log
.         cap log                 close
{smcl}
{com}{sf}{ul off}{smcl}
{com}{sf}{ul off}{txt}{.-}
      name:  {res}<unnamed>
       {txt}log:  {res}C:\Users\aljosephson\git\dissertation\e1_gender\logs/building_joint_variables.smcl
  {txt}log type:  {res}smcl
 {txt}opened on:  {res}14 Oct 2020, 10:31:33
{txt}
{com}. 
. * **********************************************************************
. * 1 - identify decision makers and owners (Y1)
. * **********************************************************************
. 
. * for each plot:
. * identify managers (decision maker), owner [can identify joint ownership]
. 
. * primary wet season 
. 
.         use                             "$fil\LSMS\AG_MOD_D_y1.dta", clear
{txt}
{com}. 
. * determine plot id and relevant decision maker variables       
.         
.         keep                    case_id ea_id ag_d00 ag_d01 ag_d02 ag_d04a ag_d04b
{txt}
{com}.         rename                  ag_d00 plotid
{res}{txt}
{com}.         
. * primary and secondary manager 
.         rename                  ag_d01 manager1
{res}{txt}
{com}.         rename                  ag_d02 manager2
{res}{txt}
{com}.         rename                  ag_d04a owner1
{res}{txt}
{com}.         rename                  ag_d04b owner2 
{res}{txt}
{com}. 
.         
. * save new file 
. 
. compress
{txt}  (0 bytes saved)

{com}. describe

{txt}Contains data from {res}C:\Users\aljosephson\Dropbox\Out for Review\Dissertation\Data - LSMS Malawi\_replication2020\LSMS\AG_MOD_D_y1.dta
{txt}  obs:{res}        19,265                          
{txt} vars:{res}             7                          28 Mar 2012 10:59
{txt}{hline}
              storage   display    value
variable name   type    format     label      variable label
{hline}
{p 0 48}{res}{bind:case_id        }{txt}{bind: str12   }{bind:{txt}%12s      }{space 1}{bind:         }{bind:  }{res}{res}Unique HH Identifier{p_end}
{p 0 48}{bind:ea_id          }{txt}{bind: str8    }{bind:{txt}%9s       }{space 1}{bind:         }{bind:  }{res}{res}Unique EA Identifier{p_end}
{p 0 48}{bind:plotid         }{txt}{bind: str2    }{bind:{txt}%9s       }{space 1}{bind:         }{bind:  }{res}{res}Plot Id{p_end}
{p 0 48}{bind:manager1       }{txt}{bind: byte    }{bind:{txt}%8.0g     }{space 1}{bind:         }{bind:  }{res}{res}Who in HH makes decisions concerning crops to be planted,input use,timing of cro{p_end}
{p 0 48}{bind:manager2       }{txt}{bind: byte    }{bind:{txt}%8.0g     }{space 1}{bind:         }{bind:  }{res}{res}ENUMERATOR: Record the ID of the respondent.{p_end}
{p 0 48}{bind:owner1         }{txt}{bind: byte    }{bind:{txt}%8.0g     }{space 1}{bind:         }{bind:  }{res}{res}Who in this household owns this [PLOT]?(ID CODE #1){p_end}
{p 0 48}{bind:owner2         }{txt}{bind: byte    }{bind:{txt}%8.0g     }{space 1}{bind:         }{bind:  }{res}{res}Who in this household owns this [PLOT]?(ID CODE #2){p_end}
{txt}{hline}
Sorted by: 
{res}     Note: Dataset has changed since last saved.
{txt}
{com}. summarize 

{txt}    Variable {c |}        Obs        Mean    Std. Dev.       Min        Max
{hline 13}{c +}{hline 57}
{space 5}case_id {c |}{res}          0
{txt}{space 7}ea_id {c |}{res}          0
{txt}{space 6}plotid {c |}{res}          0
{txt}{space 4}manager1 {c |}{res}     18,932    1.070463    .3271397          1         13
{txt}{space 4}manager2 {c |}{res}     18,835     1.33151    .5328763          1         12
{txt}{hline 13}{c +}{hline 57}
{space 6}owner1 {c |}{res}     14,822    1.258332    .4871914          1         10
{txt}{space 6}owner2 {c |}{res}      2,843     1.95357    .3741616          1          8
{txt}
{com}. 
.         save                    "$fil\decision-making\decision_wet_y1.dta", replace
{txt}file C:\Users\aljosephson\Dropbox\Out for Review\Dissertation\Data - LSMS Malawi\_replication2020\decision-making\decision_wet_y1.dta saved

{com}.         
. * **********************************************************************
. * 2 - identify decision makers and owners (Y2)
. * **********************************************************************
. 
. * for each plot:
. * identify managers (decision maker), owner [can identify joint ownership]
. 
. * primary wet season 
. 
.         use                             "$fil\LSMS\AG_MOD_D_y2.dta", clear
{txt}
{com}. 
. * determine plot id and relevant decision maker variables       
.         
.         keep                    occ y2_hhid interview_status ag_d00 ag_d01 ag_d01_1 ag_d01_2a ag_d01_2b ag_d04a ag_d04b
{txt}
{com}.         rename                  ag_d00 plotid
{res}{txt}
{com}.         
. * primary and secondary manager 
.         rename                  ag_d01 manager1
{res}{txt}
{com}.         rename                  ag_d01_1 manager2
{res}{txt}
{com}.         rename                  ag_d01_2a mangagero_1
{res}{txt}
{com}.         rename                  ag_d01_2b managero_2
{res}{txt}
{com}.         rename                  ag_d04a owner1
{res}{txt}
{com}.         rename                  ag_d04b owner2 
{res}{txt}
{com}.         
. * save new file 
. 
. compress
{txt}  (0 bytes saved)

{com}. describe

{txt}Contains data from {res}C:\Users\aljosephson\Dropbox\Out for Review\Dissertation\Data - LSMS Malawi\_replication2020\LSMS\AG_MOD_D_y2.dta
{txt}  obs:{res}         6,490                          
{txt} vars:{res}            10                          10 Sep 2014 11:34
{txt}{hline}
              storage   display    value
variable name   type    format     label      variable label
{hline}
{p 0 48}{res}{bind:occ            }{txt}{bind: byte    }{bind:{txt}%9.0g     }{space 1}{bind:         }{bind:  }{res}{res}Case Section Roster / Line Occurrence Sequence for O/S Merge{p_end}
{p 0 48}{bind:y2_hhid        }{txt}{bind: str8    }{bind:{txt}%9s       }{space 1}{bind:         }{bind:  }{res}{res}Unique Household Identification IHPS{p_end}
{p 0 48}{bind:interview_sta~s}{txt}{bind: byte    }{bind:{txt}%24.0g    }{space 1}{bind:stat     }{bind:  }{res}{res}Household Interview Status{p_end}
{p 0 48}{bind:plotid         }{txt}{bind: str3    }{bind:{txt}%9s       }{space 1}{bind:         }{bind:  }{res}{res}Plot ID{p_end}
{p 0 48}{bind:manager1       }{txt}{bind: byte    }{bind:{txt}%8.0g     }{space 1}{bind:         }{bind:  }{res}{res}Who in the household makes the decisions concerning crops to be planted, input u{p_end}
{p 0 48}{bind:manager2       }{txt}{bind: byte    }{bind:{txt}%8.0g     }{space 1}{bind:AG_D01_1 }{bind:  }{res}{res}Are there other household members that the primary decision maker consults regar{p_end}
{p 0 48}{bind:mangagero_1    }{txt}{bind: byte    }{bind:{txt}%8.0g     }{space 1}{bind:         }{bind:  }{res}{res}Who are the other decision makers on the [PLOT]? (1ST){p_end}
{p 0 48}{bind:managero_2     }{txt}{bind: byte    }{bind:{txt}%8.0g     }{space 1}{bind:         }{bind:  }{res}{res}Who are the other decision makers on the [PLOT]? (2ND){p_end}
{p 0 48}{bind:owner1         }{txt}{bind: byte    }{bind:{txt}%8.0g     }{space 1}{bind:         }{bind:  }{res}{res}Who in this household owns this [PLOT]? (1ST){p_end}
{p 0 48}{bind:owner2         }{txt}{bind: byte    }{bind:{txt}%8.0g     }{space 1}{bind:         }{bind:  }{res}{res}Who in this household owns this [PLOT]? (2ND){p_end}
{txt}{hline}
Sorted by: {res}y2_hhid  occ
     Note: Dataset has changed since last saved.
{txt}
{com}. summarize 

{txt}    Variable {c |}        Obs        Mean    Std. Dev.       Min        Max
{hline 13}{c +}{hline 57}
{space 9}occ {c |}{res}      6,490    1.800308    1.009219          1          8
{txt}{space 5}y2_hhid {c |}{res}          0
{txt}interview_~s {c |}{res}      6,490    1.615871    .7006332          1          5
{txt}{space 6}plotid {c |}{res}          0
{txt}{space 4}manager1 {c |}{res}      6,332    1.106601    .4373648          1          9
{txt}{hline 13}{c +}{hline 57}
{space 4}manager2 {c |}{res}      6,332    1.404611    .4908555          1          2
{txt}{space 1}mangagero_1 {c |}{res}      3,772    1.932131    .4843413          1          9
{txt}{space 2}managero_2 {c |}{res}        263    2.973384    1.340522          1          8
{txt}{space 6}owner1 {c |}{res}      5,263    1.309709    1.459524          1         99
{txt}{space 6}owner2 {c |}{res}        966    1.944099     .415978          1          5
{txt}
{com}.         
.         save                    "$fil\decision-making\decision_wet_y2.dta", replace
{txt}file C:\Users\aljosephson\Dropbox\Out for Review\Dissertation\Data - LSMS Malawi\_replication2020\decision-making\decision_wet_y2.dta saved

{com}.         
. * **********************************************************************
. * 3 - identify decision makers  (Y3)
. * **********************************************************************
. 
. * for each plot:
. * identify managers (decision maker)
. * owner not identified in this module - will need to go back and find if decide to use these 
. 
. * primary wet season 
. 
.         use                             "$fil\LSMS\AG_MOD_D_y3.dta", clear
{txt}
{com}. 
. * determine plot id and relevant decision maker variables       
.         
.         keep                    y3_hhid gardenid plotid ag_d01 ag_d01_1 ag_d01_2a ag_d01_2b ag_d02
{txt}
{com}.         
. * primary and secondary manager 
.         rename                  ag_d01 manager1
{res}{txt}
{com}.         rename                  ag_d01_1 manager2
{res}{txt}
{com}.         rename                  ag_d01_2a mangagero_1
{res}{txt}
{com}.         rename                  ag_d01_2b managero_2
{res}{txt}
{com}.         rename                  ag_d02 respond_id 
{res}{txt}
{com}.         
. * save new file 
. 
. compress
{txt}  (0 bytes saved)

{com}. describe

{txt}Contains data from {res}C:\Users\aljosephson\Dropbox\Out for Review\Dissertation\Data - LSMS Malawi\_replication2020\LSMS\AG_MOD_D_y3.dta
{txt}  obs:{res}         4,042                          
{txt} vars:{res}             8                          4 Dec 2017 09:00
                                              (_dta has notes)
{txt}{hline}
              storage   display    value
variable name   type    format     label      variable label
{hline}
{p 0 48}{res}{bind:y3_hhid        }{txt}{bind: str8    }{bind:{txt}%9s       }{space 1}{bind:         }{bind:  }{res}{res}Unique Household Identification IHS4{p_end}
{p 0 48}{bind:gardenid       }{txt}{bind: str4    }{bind:{txt}%9s       }{space 1}{bind:         }{bind:  }{res}{res}Garden ID{p_end}
{p 0 48}{bind:plotid         }{txt}{bind: str4    }{bind:{txt}%9s       }{space 1}{bind:         }{bind:  }{res}{res}Plot ID{p_end}
{p 0 48}{bind:manager1       }{txt}{bind: byte    }{bind:{txt}%6.0f     }{space 1}{bind:         }{bind:  }{res}{res}Decision Maker in Household Concerning Crops{p_end}
{p 0 48}{bind:manager2       }{txt}{bind: byte    }{bind:{txt}%6.0f     }{space 1}{bind:ag_d01_1 }{bind:  }{res}{res}Another Household Member who makes decisions?{p_end}
{p 0 48}{bind:mangagero_1    }{txt}{bind: byte    }{bind:{txt}%6.0f     }{space 1}{bind:         }{bind:  }{res}{res}Second Household Member who makes decisions{p_end}
{p 0 48}{bind:managero_2     }{txt}{bind: byte    }{bind:{txt}%10.0g    }{space 1}{bind:         }{bind:  }{res}{res}Third Household Member who makes decisions{p_end}
{p 0 48}{bind:respond_id     }{txt}{bind: byte    }{bind:{txt}%6.0f     }{space 1}{bind:         }{bind:  }{res}{res}ID of Respondent{p_end}
{txt}{hline}
Sorted by: {res}y3_hhid  gardenid  plotid
     Note: Dataset has changed since last saved.
{txt}
{com}. summarize 

{txt}    Variable {c |}        Obs        Mean    Std. Dev.       Min        Max
{hline 13}{c +}{hline 57}
{space 5}y3_hhid {c |}{res}          0
{txt}{space 4}gardenid {c |}{res}          0
{txt}{space 6}plotid {c |}{res}          0
{txt}{space 4}manager1 {c |}{res}      4,027    1.235411    .6492057          1          9
{txt}{space 4}manager2 {c |}{res}      4,030    1.294045    .4556687          1          2
{txt}{hline 13}{c +}{hline 57}
{space 1}mangagero_1 {c |}{res}      2,774    1.820836    .8517934          1         11
{txt}{space 2}managero_2 {c |}{res}        457    2.514223    1.194062          1         10
{txt}{space 2}respond_id {c |}{res}      4,027    1.442016    .7158712          1          7
{txt}
{com}.         
.         save                    "$fil\decision-making\decision_wet_y3.dta", replace
{txt}file C:\Users\aljosephson\Dropbox\Out for Review\Dissertation\Data - LSMS Malawi\_replication2020\decision-making\decision_wet_y3.dta saved

{com}.         
. * *********************************************************************
. * 4 - append files together 
. * **********************************************************************        
. 
. * append all 
.         use                     "$fil\decision-making\decision_wet_y1.dta", clear 
{txt}
{com}.         append                  using "$fil\decision-making\decision_wet_y2.dta"
{txt}{p 0 7 2}
(note: variable
plotid was 
str2, now str3 to accommodate using data's values)
{p_end}

{com}.         append                  using "$fil\decision-making\decision_wet_y3.dta"
{txt}{p 0 7 2}
(note: variable
plotid was 
str3, now str4 to accommodate using data's values)
{p_end}

{com}.         
. * save new full file    
. 
. compress
{txt}  (0 bytes saved)

{com}. describe

{txt}Contains data from {res}C:\Users\aljosephson\Dropbox\Out for Review\Dissertation\Data - LSMS Malawi\_replication2020\decision-making\decision_wet_y1.dta
{txt}  obs:{res}        29,797                          
{txt} vars:{res}            15                          14 Oct 2020 10:31
                                              (_dta has notes)
{txt}{hline}
              storage   display    value
variable name   type    format     label      variable label
{hline}
{p 0 48}{res}{bind:case_id        }{txt}{bind: str12   }{bind:{txt}%12s      }{space 1}{bind:         }{bind:  }{res}{res}Unique HH Identifier{p_end}
{p 0 48}{bind:ea_id          }{txt}{bind: str8    }{bind:{txt}%9s       }{space 1}{bind:         }{bind:  }{res}{res}Unique EA Identifier{p_end}
{p 0 48}{bind:plotid         }{txt}{bind: str4    }{bind:{txt}%9s       }{space 1}{bind:         }{bind:  }{res}{res}Plot Id{p_end}
{p 0 48}{bind:manager1       }{txt}{bind: byte    }{bind:{txt}%8.0g     }{space 1}{bind:         }{bind:  }{res}{res}Who in HH makes decisions concerning crops to be planted,input use,timing of cro{p_end}
{p 0 48}{bind:manager2       }{txt}{bind: byte    }{bind:{txt}%8.0g     }{space 1}{bind:         }{bind:  }{res}{res}ENUMERATOR: Record the ID of the respondent.{p_end}
{p 0 48}{bind:owner1         }{txt}{bind: byte    }{bind:{txt}%8.0g     }{space 1}{bind:         }{bind:  }{res}{res}Who in this household owns this [PLOT]?(ID CODE #1){p_end}
{p 0 48}{bind:owner2         }{txt}{bind: byte    }{bind:{txt}%8.0g     }{space 1}{bind:         }{bind:  }{res}{res}Who in this household owns this [PLOT]?(ID CODE #2){p_end}
{p 0 48}{bind:occ            }{txt}{bind: byte    }{bind:{txt}%9.0g     }{space 1}{bind:         }{bind:  }{res}{res}Case Section Roster / Line Occurrence Sequence for O/S Merge{p_end}
{p 0 48}{bind:y2_hhid        }{txt}{bind: str8    }{bind:{txt}%9s       }{space 1}{bind:         }{bind:  }{res}{res}Unique Household Identification IHPS{p_end}
{p 0 48}{bind:interview_sta~s}{txt}{bind: byte    }{bind:{txt}%24.0g    }{space 1}{bind:stat     }{bind:  }{res}{res}Household Interview Status{p_end}
{p 0 48}{bind:mangagero_1    }{txt}{bind: byte    }{bind:{txt}%8.0g     }{space 1}{bind:         }{bind:  }{res}{res}Who are the other decision makers on the [PLOT]? (1ST){p_end}
{p 0 48}{bind:managero_2     }{txt}{bind: byte    }{bind:{txt}%8.0g     }{space 1}{bind:         }{bind:  }{res}{res}Who are the other decision makers on the [PLOT]? (2ND){p_end}
{p 0 48}{bind:y3_hhid        }{txt}{bind: str8    }{bind:{txt}%9s       }{space 1}{bind:         }{bind:  }{res}{res}Unique Household Identification IHS4{p_end}
{p 0 48}{bind:gardenid       }{txt}{bind: str4    }{bind:{txt}%9s       }{space 1}{bind:         }{bind:  }{res}{res}Garden ID{p_end}
{p 0 48}{bind:respond_id     }{txt}{bind: byte    }{bind:{txt}%6.0f     }{space 1}{bind:         }{bind:  }{res}{res}ID of Respondent{p_end}
{txt}{hline}
Sorted by: 
{res}     Note: Dataset has changed since last saved.
{txt}
{com}. summarize 

{txt}    Variable {c |}        Obs        Mean    Std. Dev.       Min        Max
{hline 13}{c +}{hline 57}
{space 5}case_id {c |}{res}          0
{txt}{space 7}ea_id {c |}{res}          0
{txt}{space 6}plotid {c |}{res}          0
{txt}{space 4}manager1 {c |}{res}     29,291    1.100953     .414177          1         13
{txt}{space 4}manager2 {c |}{res}     29,197    1.342193    .5150879          1         12
{txt}{hline 13}{c +}{hline 57}
{space 6}owner1 {c |}{res}     20,085    1.271795    .8566106          1         99
{txt}{space 6}owner2 {c |}{res}      3,809    1.951168    .3851625          1          8
{txt}{space 9}occ {c |}{res}      6,490    1.800308    1.009219          1          8
{txt}{space 5}y2_hhid {c |}{res}          0
{txt}interview_~s {c |}{res}      6,490    1.615871    .7006332          1          5
{txt}{hline 13}{c +}{hline 57}
{space 1}mangagero_1 {c |}{res}      6,546    1.884968    .6675246          1         11
{txt}{space 2}managero_2 {c |}{res}        720    2.681944    1.268077          1         10
{txt}{space 5}y3_hhid {c |}{res}          0
{txt}{space 4}gardenid {c |}{res}          0
{txt}{space 2}respond_id {c |}{res}      4,027    1.442016    .7158712          1          7
{txt}
{com}. 
.         save                    "$fil\decision-making\decision_wet_all.dta", replace
{txt}(note: file C:\Users\aljosephson\Dropbox\Out for Review\Dissertation\Data - LSMS Malawi\_replication2020\decision-making\decision_wet_all.dta not found)
file C:\Users\aljosephson\Dropbox\Out for Review\Dissertation\Data - LSMS Malawi\_replication2020\decision-making\decision_wet_all.dta saved

{com}. 
. * *********************************************************************
. * 5 - end matter
. * **********************************************************************
. 
. * close the log
.         log     close   
      {txt}name:  {res}<unnamed>
       {txt}log:  {res}C:\Users\aljosephson\git\dissertation\e1_gender\logs/building_joint_variables.smcl
  {txt}log type:  {res}smcl
 {txt}closed on:  {res}14 Oct 2020, 10:31:34
{txt}{.-}
{smcl}
{txt}{sf}{ul off}{smcl}
{com}{sf}{ul off}{txt}{.-}
      name:  {res}<unnamed>
       {txt}log:  {res}C:\Users\aljosephson\git\dissertation\e1_gender\logs/building_joint_variables.smcl
  {txt}log type:  {res}smcl
 {txt}opened on:  {res}15 Oct 2020, 13:37:22
{txt}
{com}. 
. * **********************************************************************
. * 1 - identify decision makers and owners (Y1)
. * **********************************************************************
. 
. * for each plot:
. * identify managers (decision maker), owner [can identify joint ownership]
. 
. * primary wet season 
. 
.         use                             "$fil\LSMS\AG_MOD_D_y1.dta", clear
{txt}
{com}. 
. * determine plot id and relevant decision maker variables       
.         
.         keep                    case_id ea_id ag_d00 ag_d01 ag_d02 ag_d04a ag_d04b
{txt}
{com}.         rename                  ag_d00 plotid
{res}{txt}
{com}.         
. * primary and secondary manager 
.         rename                  ag_d01 manager1
{res}{txt}
{com}.         rename                  ag_d02 manager2
{res}{txt}
{com}.         rename                  ag_d04a owner1
{res}{txt}
{com}.         rename                  ag_d04b owner2 
{res}{txt}
{com}.         
.         gen                     year = 2009
{txt}
{com}. 
.         
. * save new file 
. 
. compress
  {txt}variable {bf}year{sf} was {bf}{res}float{sf}{txt} now {bf}{res}int{sf}
{txt}  (38,530 bytes saved)

{com}. describe

{txt}Contains data from {res}C:\Users\aljosephson\Dropbox\Out for Review\Dissertation\Data - LSMS Malawi\_replication2020\LSMS\AG_MOD_D_y1.dta
{txt}  obs:{res}        19,265                          
{txt} vars:{res}             8                          28 Mar 2012 10:59
{txt}{hline}
              storage   display    value
variable name   type    format     label      variable label
{hline}
{p 0 48}{res}{bind:case_id        }{txt}{bind: str12   }{bind:{txt}%12s      }{space 1}{bind:         }{bind:  }{res}{res}Unique HH Identifier{p_end}
{p 0 48}{bind:ea_id          }{txt}{bind: str8    }{bind:{txt}%9s       }{space 1}{bind:         }{bind:  }{res}{res}Unique EA Identifier{p_end}
{p 0 48}{bind:plotid         }{txt}{bind: str2    }{bind:{txt}%9s       }{space 1}{bind:         }{bind:  }{res}{res}Plot Id{p_end}
{p 0 48}{bind:manager1       }{txt}{bind: byte    }{bind:{txt}%8.0g     }{space 1}{bind:         }{bind:  }{res}{res}Who in HH makes decisions concerning crops to be planted,input use,timing of cro{p_end}
{p 0 48}{bind:manager2       }{txt}{bind: byte    }{bind:{txt}%8.0g     }{space 1}{bind:         }{bind:  }{res}{res}ENUMERATOR: Record the ID of the respondent.{p_end}
{p 0 48}{bind:owner1         }{txt}{bind: byte    }{bind:{txt}%8.0g     }{space 1}{bind:         }{bind:  }{res}{res}Who in this household owns this [PLOT]?(ID CODE #1){p_end}
{p 0 48}{bind:owner2         }{txt}{bind: byte    }{bind:{txt}%8.0g     }{space 1}{bind:         }{bind:  }{res}{res}Who in this household owns this [PLOT]?(ID CODE #2){p_end}
{p 0 48}{bind:year           }{txt}{bind: int     }{bind:{txt}%9.0g     }{space 1}{bind:         }{bind:  }{res}{res}{p_end}
{txt}{hline}
Sorted by: 
{res}     Note: Dataset has changed since last saved.
{txt}
{com}. summarize 

{txt}    Variable {c |}        Obs        Mean    Std. Dev.       Min        Max
{hline 13}{c +}{hline 57}
{space 5}case_id {c |}{res}          0
{txt}{space 7}ea_id {c |}{res}          0
{txt}{space 6}plotid {c |}{res}          0
{txt}{space 4}manager1 {c |}{res}     18,932    1.070463    .3271397          1         13
{txt}{space 4}manager2 {c |}{res}     18,835     1.33151    .5328763          1         12
{txt}{hline 13}{c +}{hline 57}
{space 6}owner1 {c |}{res}     14,822    1.258332    .4871914          1         10
{txt}{space 6}owner2 {c |}{res}      2,843     1.95357    .3741616          1          8
{txt}{space 8}year {c |}{res}     19,265        2009           0       2009       2009
{txt}
{com}. 
.         save                    "$fil\decision-making\decision_wet_y1.dta", replace
{txt}file C:\Users\aljosephson\Dropbox\Out for Review\Dissertation\Data - LSMS Malawi\_replication2020\decision-making\decision_wet_y1.dta saved

{com}.         
. * **********************************************************************
. * 2 - identify decision makers and owners (Y2)
. * **********************************************************************
. 
. * for each plot:
. * identify managers (decision maker), owner [can identify joint ownership]
. 
. * primary wet season 
. 
.         use                             "$fil\LSMS\AG_MOD_D_y2.dta", clear
{txt}
{com}. 
. * determine plot id and relevant decision maker variables       
.         
.         keep                    occ y2_hhid interview_status ag_d00 ag_d01 ag_d01_1 ag_d01_2a ag_d01_2b ag_d04a ag_d04b
{txt}
{com}.         rename                  ag_d00 plotid
{res}{txt}
{com}.         
. * primary and secondary manager 
.         rename                  ag_d01 manager1
{res}{txt}
{com}.         rename                  ag_d01_1 manager2
{res}{txt}
{com}.         rename                  ag_d01_2a mangagero_1
{res}{txt}
{com}.         rename                  ag_d01_2b managero_2
{res}{txt}
{com}.         rename                  ag_d04a owner1
{res}{txt}
{com}.         rename                  ag_d04b owner2 
{res}{txt}
{com}.         
.         gen                     year = 2012
{txt}
{com}.         
. * save new file 
. 
. compress
  {txt}variable {bf}year{sf} was {bf}{res}float{sf}{txt} now {bf}{res}int{sf}
{txt}  (12,980 bytes saved)

{com}. describe

{txt}Contains data from {res}C:\Users\aljosephson\Dropbox\Out for Review\Dissertation\Data - LSMS Malawi\_replication2020\LSMS\AG_MOD_D_y2.dta
{txt}  obs:{res}         6,490                          
{txt} vars:{res}            11                          10 Sep 2014 11:34
{txt}{hline}
              storage   display    value
variable name   type    format     label      variable label
{hline}
{p 0 48}{res}{bind:occ            }{txt}{bind: byte    }{bind:{txt}%9.0g     }{space 1}{bind:         }{bind:  }{res}{res}Case Section Roster / Line Occurrence Sequence for O/S Merge{p_end}
{p 0 48}{bind:y2_hhid        }{txt}{bind: str8    }{bind:{txt}%9s       }{space 1}{bind:         }{bind:  }{res}{res}Unique Household Identification IHPS{p_end}
{p 0 48}{bind:interview_sta~s}{txt}{bind: byte    }{bind:{txt}%24.0g    }{space 1}{bind:stat     }{bind:  }{res}{res}Household Interview Status{p_end}
{p 0 48}{bind:plotid         }{txt}{bind: str3    }{bind:{txt}%9s       }{space 1}{bind:         }{bind:  }{res}{res}Plot ID{p_end}
{p 0 48}{bind:manager1       }{txt}{bind: byte    }{bind:{txt}%8.0g     }{space 1}{bind:         }{bind:  }{res}{res}Who in the household makes the decisions concerning crops to be planted, input u{p_end}
{p 0 48}{bind:manager2       }{txt}{bind: byte    }{bind:{txt}%8.0g     }{space 1}{bind:AG_D01_1 }{bind:  }{res}{res}Are there other household members that the primary decision maker consults regar{p_end}
{p 0 48}{bind:mangagero_1    }{txt}{bind: byte    }{bind:{txt}%8.0g     }{space 1}{bind:         }{bind:  }{res}{res}Who are the other decision makers on the [PLOT]? (1ST){p_end}
{p 0 48}{bind:managero_2     }{txt}{bind: byte    }{bind:{txt}%8.0g     }{space 1}{bind:         }{bind:  }{res}{res}Who are the other decision makers on the [PLOT]? (2ND){p_end}
{p 0 48}{bind:owner1         }{txt}{bind: byte    }{bind:{txt}%8.0g     }{space 1}{bind:         }{bind:  }{res}{res}Who in this household owns this [PLOT]? (1ST){p_end}
{p 0 48}{bind:owner2         }{txt}{bind: byte    }{bind:{txt}%8.0g     }{space 1}{bind:         }{bind:  }{res}{res}Who in this household owns this [PLOT]? (2ND){p_end}
{p 0 48}{bind:year           }{txt}{bind: int     }{bind:{txt}%9.0g     }{space 1}{bind:         }{bind:  }{res}{res}{p_end}
{txt}{hline}
Sorted by: {res}y2_hhid  occ
     Note: Dataset has changed since last saved.
{txt}
{com}. summarize 

{txt}    Variable {c |}        Obs        Mean    Std. Dev.       Min        Max
{hline 13}{c +}{hline 57}
{space 9}occ {c |}{res}      6,490    1.800308    1.009219          1          8
{txt}{space 5}y2_hhid {c |}{res}          0
{txt}interview_~s {c |}{res}      6,490    1.615871    .7006332          1          5
{txt}{space 6}plotid {c |}{res}          0
{txt}{space 4}manager1 {c |}{res}      6,332    1.106601    .4373648          1          9
{txt}{hline 13}{c +}{hline 57}
{space 4}manager2 {c |}{res}      6,332    1.404611    .4908555          1          2
{txt}{space 1}mangagero_1 {c |}{res}      3,772    1.932131    .4843413          1          9
{txt}{space 2}managero_2 {c |}{res}        263    2.973384    1.340522          1          8
{txt}{space 6}owner1 {c |}{res}      5,263    1.309709    1.459524          1         99
{txt}{space 6}owner2 {c |}{res}        966    1.944099     .415978          1          5
{txt}{hline 13}{c +}{hline 57}
{space 8}year {c |}{res}      6,490        2012           0       2012       2012
{txt}
{com}.         
.         save                    "$fil\decision-making\decision_wet_y2.dta", replace
{txt}file C:\Users\aljosephson\Dropbox\Out for Review\Dissertation\Data - LSMS Malawi\_replication2020\decision-making\decision_wet_y2.dta saved

{com}.         
. * **********************************************************************
. * 3 - identify decision makers  (Y3)
. * **********************************************************************
. 
. * for each plot:
. * identify managers (decision maker)
. * owner not identified in this module - will need to go back and find if decide to use these 
. 
. * primary wet season 
. 
.         use                             "$fil\LSMS\AG_MOD_D_y3.dta", clear
{txt}
{com}. 
. * determine plot id and relevant decision maker variables       
.         
.         keep                    y3_hhid gardenid plotid ag_d01 ag_d01_1 ag_d01_2a ag_d01_2b ag_d02
{txt}
{com}.         
. * primary and secondary manager 
.         rename                  ag_d01 manager1
{res}{txt}
{com}.         rename                  ag_d01_1 manager2
{res}{txt}
{com}.         rename                  ag_d01_2a mangagero_1
{res}{txt}
{com}.         rename                  ag_d01_2b managero_2
{res}{txt}
{com}.         rename                  ag_d02 respond_id 
{res}{txt}
{com}.         
.         gen                     year = 2015
{txt}
{com}.         
. * save new file 
. 
. compress
  {txt}variable {bf}year{sf} was {bf}{res}float{sf}{txt} now {bf}{res}int{sf}
{txt}  (8,084 bytes saved)

{com}. describe

{txt}Contains data from {res}C:\Users\aljosephson\Dropbox\Out for Review\Dissertation\Data - LSMS Malawi\_replication2020\LSMS\AG_MOD_D_y3.dta
{txt}  obs:{res}         4,042                          
{txt} vars:{res}             9                          4 Dec 2017 09:00
                                              (_dta has notes)
{txt}{hline}
              storage   display    value
variable name   type    format     label      variable label
{hline}
{p 0 48}{res}{bind:y3_hhid        }{txt}{bind: str8    }{bind:{txt}%9s       }{space 1}{bind:         }{bind:  }{res}{res}Unique Household Identification IHS4{p_end}
{p 0 48}{bind:gardenid       }{txt}{bind: str4    }{bind:{txt}%9s       }{space 1}{bind:         }{bind:  }{res}{res}Garden ID{p_end}
{p 0 48}{bind:plotid         }{txt}{bind: str4    }{bind:{txt}%9s       }{space 1}{bind:         }{bind:  }{res}{res}Plot ID{p_end}
{p 0 48}{bind:manager1       }{txt}{bind: byte    }{bind:{txt}%6.0f     }{space 1}{bind:         }{bind:  }{res}{res}Decision Maker in Household Concerning Crops{p_end}
{p 0 48}{bind:manager2       }{txt}{bind: byte    }{bind:{txt}%6.0f     }{space 1}{bind:ag_d01_1 }{bind:  }{res}{res}Another Household Member who makes decisions?{p_end}
{p 0 48}{bind:mangagero_1    }{txt}{bind: byte    }{bind:{txt}%6.0f     }{space 1}{bind:         }{bind:  }{res}{res}Second Household Member who makes decisions{p_end}
{p 0 48}{bind:managero_2     }{txt}{bind: byte    }{bind:{txt}%10.0g    }{space 1}{bind:         }{bind:  }{res}{res}Third Household Member who makes decisions{p_end}
{p 0 48}{bind:respond_id     }{txt}{bind: byte    }{bind:{txt}%6.0f     }{space 1}{bind:         }{bind:  }{res}{res}ID of Respondent{p_end}
{p 0 48}{bind:year           }{txt}{bind: int     }{bind:{txt}%9.0g     }{space 1}{bind:         }{bind:  }{res}{res}{p_end}
{txt}{hline}
Sorted by: {res}y3_hhid  gardenid  plotid
     Note: Dataset has changed since last saved.
{txt}
{com}. summarize 

{txt}    Variable {c |}        Obs        Mean    Std. Dev.       Min        Max
{hline 13}{c +}{hline 57}
{space 5}y3_hhid {c |}{res}          0
{txt}{space 4}gardenid {c |}{res}          0
{txt}{space 6}plotid {c |}{res}          0
{txt}{space 4}manager1 {c |}{res}      4,027    1.235411    .6492057          1          9
{txt}{space 4}manager2 {c |}{res}      4,030    1.294045    .4556687          1          2
{txt}{hline 13}{c +}{hline 57}
{space 1}mangagero_1 {c |}{res}      2,774    1.820836    .8517934          1         11
{txt}{space 2}managero_2 {c |}{res}        457    2.514223    1.194062          1         10
{txt}{space 2}respond_id {c |}{res}      4,027    1.442016    .7158712          1          7
{txt}{space 8}year {c |}{res}      4,042        2015           0       2015       2015
{txt}
{com}.         
.         save                    "$fil\decision-making\decision_wet_y3.dta", replace
{txt}file C:\Users\aljosephson\Dropbox\Out for Review\Dissertation\Data - LSMS Malawi\_replication2020\decision-making\decision_wet_y3.dta saved

{com}.         
. * *********************************************************************
. * 4 - append files together 
. * **********************************************************************        
. 
. * append all 
.         use                     "$fil\decision-making\decision_wet_y1.dta", clear 
{txt}
{com}.         append                  using "$fil\decision-making\decision_wet_y2.dta"
{txt}{p 0 7 2}
(note: variable
plotid was 
str2, now str3 to accommodate using data's values)
{p_end}

{com}.         append                  using "$fil\decision-making\decision_wet_y3.dta"
{txt}{p 0 7 2}
(note: variable
plotid was 
str3, now str4 to accommodate using data's values)
{p_end}

{com}.         
. * save new full file    
. 
. compress
{txt}  (0 bytes saved)

{com}. describe

{txt}Contains data from {res}C:\Users\aljosephson\Dropbox\Out for Review\Dissertation\Data - LSMS Malawi\_replication2020\decision-making\decision_wet_y1.dta
{txt}  obs:{res}        29,797                          
{txt} vars:{res}            16                          15 Oct 2020 13:37
                                              (_dta has notes)
{txt}{hline}
              storage   display    value
variable name   type    format     label      variable label
{hline}
{p 0 48}{res}{bind:case_id        }{txt}{bind: str12   }{bind:{txt}%12s      }{space 1}{bind:         }{bind:  }{res}{res}Unique HH Identifier{p_end}
{p 0 48}{bind:ea_id          }{txt}{bind: str8    }{bind:{txt}%9s       }{space 1}{bind:         }{bind:  }{res}{res}Unique EA Identifier{p_end}
{p 0 48}{bind:plotid         }{txt}{bind: str4    }{bind:{txt}%9s       }{space 1}{bind:         }{bind:  }{res}{res}Plot Id{p_end}
{p 0 48}{bind:manager1       }{txt}{bind: byte    }{bind:{txt}%8.0g     }{space 1}{bind:         }{bind:  }{res}{res}Who in HH makes decisions concerning crops to be planted,input use,timing of cro{p_end}
{p 0 48}{bind:manager2       }{txt}{bind: byte    }{bind:{txt}%8.0g     }{space 1}{bind:         }{bind:  }{res}{res}ENUMERATOR: Record the ID of the respondent.{p_end}
{p 0 48}{bind:owner1         }{txt}{bind: byte    }{bind:{txt}%8.0g     }{space 1}{bind:         }{bind:  }{res}{res}Who in this household owns this [PLOT]?(ID CODE #1){p_end}
{p 0 48}{bind:owner2         }{txt}{bind: byte    }{bind:{txt}%8.0g     }{space 1}{bind:         }{bind:  }{res}{res}Who in this household owns this [PLOT]?(ID CODE #2){p_end}
{p 0 48}{bind:year           }{txt}{bind: int     }{bind:{txt}%9.0g     }{space 1}{bind:         }{bind:  }{res}{res}{p_end}
{p 0 48}{bind:occ            }{txt}{bind: byte    }{bind:{txt}%9.0g     }{space 1}{bind:         }{bind:  }{res}{res}Case Section Roster / Line Occurrence Sequence for O/S Merge{p_end}
{p 0 48}{bind:y2_hhid        }{txt}{bind: str8    }{bind:{txt}%9s       }{space 1}{bind:         }{bind:  }{res}{res}Unique Household Identification IHPS{p_end}
{p 0 48}{bind:interview_sta~s}{txt}{bind: byte    }{bind:{txt}%24.0g    }{space 1}{bind:stat     }{bind:  }{res}{res}Household Interview Status{p_end}
{p 0 48}{bind:mangagero_1    }{txt}{bind: byte    }{bind:{txt}%8.0g     }{space 1}{bind:         }{bind:  }{res}{res}Who are the other decision makers on the [PLOT]? (1ST){p_end}
{p 0 48}{bind:managero_2     }{txt}{bind: byte    }{bind:{txt}%8.0g     }{space 1}{bind:         }{bind:  }{res}{res}Who are the other decision makers on the [PLOT]? (2ND){p_end}
{p 0 48}{bind:y3_hhid        }{txt}{bind: str8    }{bind:{txt}%9s       }{space 1}{bind:         }{bind:  }{res}{res}Unique Household Identification IHS4{p_end}
{p 0 48}{bind:gardenid       }{txt}{bind: str4    }{bind:{txt}%9s       }{space 1}{bind:         }{bind:  }{res}{res}Garden ID{p_end}
{p 0 48}{bind:respond_id     }{txt}{bind: byte    }{bind:{txt}%6.0f     }{space 1}{bind:         }{bind:  }{res}{res}ID of Respondent{p_end}
{txt}{hline}
Sorted by: 
{res}     Note: Dataset has changed since last saved.
{txt}
{com}. summarize 

{txt}    Variable {c |}        Obs        Mean    Std. Dev.       Min        Max
{hline 13}{c +}{hline 57}
{space 5}case_id {c |}{res}          0
{txt}{space 7}ea_id {c |}{res}          0
{txt}{space 6}plotid {c |}{res}          0
{txt}{space 4}manager1 {c |}{res}     29,291    1.100953     .414177          1         13
{txt}{space 4}manager2 {c |}{res}     29,197    1.342193    .5150879          1         12
{txt}{hline 13}{c +}{hline 57}
{space 6}owner1 {c |}{res}     20,085    1.271795    .8566106          1         99
{txt}{space 6}owner2 {c |}{res}      3,809    1.951168    .3851625          1          8
{txt}{space 8}year {c |}{res}     29,797    2010.467    2.165828       2009       2015
{txt}{space 9}occ {c |}{res}      6,490    1.800308    1.009219          1          8
{txt}{space 5}y2_hhid {c |}{res}          0
{txt}{hline 13}{c +}{hline 57}
interview_~s {c |}{res}      6,490    1.615871    .7006332          1          5
{txt}{space 1}mangagero_1 {c |}{res}      6,546    1.884968    .6675246          1         11
{txt}{space 2}managero_2 {c |}{res}        720    2.681944    1.268077          1         10
{txt}{space 5}y3_hhid {c |}{res}          0
{txt}{space 4}gardenid {c |}{res}          0
{txt}{hline 13}{c +}{hline 57}
{space 2}respond_id {c |}{res}      4,027    1.442016    .7158712          1          7
{txt}
{com}. 
.         save                    "$fil\decision-making\decision_wet_all.dta", replace
{txt}file C:\Users\aljosephson\Dropbox\Out for Review\Dissertation\Data - LSMS Malawi\_replication2020\decision-making\decision_wet_all.dta saved

{com}. 
. * *********************************************************************
. * 5 - end matter
. * **********************************************************************
. 
. * close the log
.         log     close   
      {txt}name:  {res}<unnamed>
       {txt}log:  {res}C:\Users\aljosephson\git\dissertation\e1_gender\logs/building_joint_variables.smcl
  {txt}log type:  {res}smcl
 {txt}closed on:  {res}15 Oct 2020, 13:37:22
{txt}{.-}
{smcl}
{txt}{sf}{ul off}{smcl}
{com}{sf}{ul off}{txt}{.-}
      name:  {res}<unnamed>
       {txt}log:  {res}C:\Users\aljosephson\git\dissertation\e1_gender\logs/building_joint_variables.smcl
  {txt}log type:  {res}smcl
 {txt}opened on:  {res}15 Oct 2020, 13:38:29
{txt}
{com}. 
. * **********************************************************************
. * 1 - identify decision makers and owners (Y1)
. * **********************************************************************
. 
. * for each plot:
. * identify managers (decision maker), owner [can identify joint ownership]
. 
. * primary wet season 
. 
.         use                             "$fil\LSMS\AG_MOD_D_y1.dta", clear
{txt}
{com}. 
. * determine plot id and relevant decision maker variables       
.         
.         keep                    case_id ea_id ag_d00 ag_d01 ag_d02 ag_d04a ag_d04b
{txt}
{com}.         rename                  ag_d00 plotid
{res}{txt}
{com}.         
. * primary and secondary manager 
.         rename                  ag_d01 manager1
{res}{txt}
{com}.         rename                  ag_d02 manager2
{res}{txt}
{com}.         rename                  ag_d04a owner1
{res}{txt}
{com}.         rename                  ag_d04b owner2 
{res}{txt}
{com}.         
.         gen                     year = 2009
{txt}
{com}.         destring                case_id, replace 
{txt}case_id: all characters numeric; {res}replaced {txt}as {res}double
{txt}
{com}.         
. * save new file 
. 
. compress
  {txt}variable {bf}year{sf} was {bf}{res}float{sf}{txt} now {bf}{res}int{sf}
{txt}  (38,530 bytes saved)

{com}. describe

{txt}Contains data from {res}C:\Users\aljosephson\Dropbox\Out for Review\Dissertation\Data - LSMS Malawi\_replication2020\LSMS\AG_MOD_D_y1.dta
{txt}  obs:{res}        19,265                          
{txt} vars:{res}             8                          28 Mar 2012 10:59
{txt}{hline}
              storage   display    value
variable name   type    format     label      variable label
{hline}
{p 0 48}{res}{bind:case_id        }{txt}{bind: double  }{bind:{txt}%10.0g    }{space 1}{bind:         }{bind:  }{res}{res}Unique HH Identifier{p_end}
{p 0 48}{bind:ea_id          }{txt}{bind: str8    }{bind:{txt}%9s       }{space 1}{bind:         }{bind:  }{res}{res}Unique EA Identifier{p_end}
{p 0 48}{bind:plotid         }{txt}{bind: str2    }{bind:{txt}%9s       }{space 1}{bind:         }{bind:  }{res}{res}Plot Id{p_end}
{p 0 48}{bind:manager1       }{txt}{bind: byte    }{bind:{txt}%8.0g     }{space 1}{bind:         }{bind:  }{res}{res}Who in HH makes decisions concerning crops to be planted,input use,timing of cro{p_end}
{p 0 48}{bind:manager2       }{txt}{bind: byte    }{bind:{txt}%8.0g     }{space 1}{bind:         }{bind:  }{res}{res}ENUMERATOR: Record the ID of the respondent.{p_end}
{p 0 48}{bind:owner1         }{txt}{bind: byte    }{bind:{txt}%8.0g     }{space 1}{bind:         }{bind:  }{res}{res}Who in this household owns this [PLOT]?(ID CODE #1){p_end}
{p 0 48}{bind:owner2         }{txt}{bind: byte    }{bind:{txt}%8.0g     }{space 1}{bind:         }{bind:  }{res}{res}Who in this household owns this [PLOT]?(ID CODE #2){p_end}
{p 0 48}{bind:year           }{txt}{bind: int     }{bind:{txt}%9.0g     }{space 1}{bind:         }{bind:  }{res}{res}{p_end}
{txt}{hline}
Sorted by: 
{res}     Note: Dataset has changed since last saved.
{txt}
{com}. summarize 

{txt}    Variable {c |}        Obs        Mean    Std. Dev.       Min        Max
{hline 13}{c +}{hline 57}
{space 5}case_id {c |}{res}     19,265    2.30e+11    7.61e+10   1.01e+11   3.16e+11
{txt}{space 7}ea_id {c |}{res}          0
{txt}{space 6}plotid {c |}{res}          0
{txt}{space 4}manager1 {c |}{res}     18,932    1.070463    .3271397          1         13
{txt}{space 4}manager2 {c |}{res}     18,835     1.33151    .5328763          1         12
{txt}{hline 13}{c +}{hline 57}
{space 6}owner1 {c |}{res}     14,822    1.258332    .4871914          1         10
{txt}{space 6}owner2 {c |}{res}      2,843     1.95357    .3741616          1          8
{txt}{space 8}year {c |}{res}     19,265        2009           0       2009       2009
{txt}
{com}. 
.         save                    "$fil\decision-making\decision_wet_y1.dta", replace
{txt}file C:\Users\aljosephson\Dropbox\Out for Review\Dissertation\Data - LSMS Malawi\_replication2020\decision-making\decision_wet_y1.dta saved

{com}.         
. * **********************************************************************
. * 2 - identify decision makers and owners (Y2)
. * **********************************************************************
. 
. * for each plot:
. * identify managers (decision maker), owner [can identify joint ownership]
. 
. * primary wet season 
. 
.         use                             "$fil\LSMS\AG_MOD_D_y2.dta", clear
{txt}
{com}. 
. * determine plot id and relevant decision maker variables       
.         
.         keep                    occ y2_hhid interview_status ag_d00 ag_d01 ag_d01_1 ag_d01_2a ag_d01_2b ag_d04a ag_d04b
{txt}
{com}.         rename                  ag_d00 plotid
{res}{txt}
{com}.         
. * primary and secondary manager 
.         rename                  ag_d01 manager1
{res}{txt}
{com}.         rename                  ag_d01_1 manager2
{res}{txt}
{com}.         rename                  ag_d01_2a mangagero_1
{res}{txt}
{com}.         rename                  ag_d01_2b managero_2
{res}{txt}
{com}.         rename                  ag_d04a owner1
{res}{txt}
{com}.         rename                  ag_d04b owner2 
{res}{txt}
{com}.         
.         gen                     year = 2012
{txt}
{com}.         
. * save new file 
. 
. compress
  {txt}variable {bf}year{sf} was {bf}{res}float{sf}{txt} now {bf}{res}int{sf}
{txt}  (12,980 bytes saved)

{com}. describe

{txt}Contains data from {res}C:\Users\aljosephson\Dropbox\Out for Review\Dissertation\Data - LSMS Malawi\_replication2020\LSMS\AG_MOD_D_y2.dta
{txt}  obs:{res}         6,490                          
{txt} vars:{res}            11                          10 Sep 2014 11:34
{txt}{hline}
              storage   display    value
variable name   type    format     label      variable label
{hline}
{p 0 48}{res}{bind:occ            }{txt}{bind: byte    }{bind:{txt}%9.0g     }{space 1}{bind:         }{bind:  }{res}{res}Case Section Roster / Line Occurrence Sequence for O/S Merge{p_end}
{p 0 48}{bind:y2_hhid        }{txt}{bind: str8    }{bind:{txt}%9s       }{space 1}{bind:         }{bind:  }{res}{res}Unique Household Identification IHPS{p_end}
{p 0 48}{bind:interview_sta~s}{txt}{bind: byte    }{bind:{txt}%24.0g    }{space 1}{bind:stat     }{bind:  }{res}{res}Household Interview Status{p_end}
{p 0 48}{bind:plotid         }{txt}{bind: str3    }{bind:{txt}%9s       }{space 1}{bind:         }{bind:  }{res}{res}Plot ID{p_end}
{p 0 48}{bind:manager1       }{txt}{bind: byte    }{bind:{txt}%8.0g     }{space 1}{bind:         }{bind:  }{res}{res}Who in the household makes the decisions concerning crops to be planted, input u{p_end}
{p 0 48}{bind:manager2       }{txt}{bind: byte    }{bind:{txt}%8.0g     }{space 1}{bind:AG_D01_1 }{bind:  }{res}{res}Are there other household members that the primary decision maker consults regar{p_end}
{p 0 48}{bind:mangagero_1    }{txt}{bind: byte    }{bind:{txt}%8.0g     }{space 1}{bind:         }{bind:  }{res}{res}Who are the other decision makers on the [PLOT]? (1ST){p_end}
{p 0 48}{bind:managero_2     }{txt}{bind: byte    }{bind:{txt}%8.0g     }{space 1}{bind:         }{bind:  }{res}{res}Who are the other decision makers on the [PLOT]? (2ND){p_end}
{p 0 48}{bind:owner1         }{txt}{bind: byte    }{bind:{txt}%8.0g     }{space 1}{bind:         }{bind:  }{res}{res}Who in this household owns this [PLOT]? (1ST){p_end}
{p 0 48}{bind:owner2         }{txt}{bind: byte    }{bind:{txt}%8.0g     }{space 1}{bind:         }{bind:  }{res}{res}Who in this household owns this [PLOT]? (2ND){p_end}
{p 0 48}{bind:year           }{txt}{bind: int     }{bind:{txt}%9.0g     }{space 1}{bind:         }{bind:  }{res}{res}{p_end}
{txt}{hline}
Sorted by: {res}y2_hhid  occ
     Note: Dataset has changed since last saved.
{txt}
{com}. summarize 

{txt}    Variable {c |}        Obs        Mean    Std. Dev.       Min        Max
{hline 13}{c +}{hline 57}
{space 9}occ {c |}{res}      6,490    1.800308    1.009219          1          8
{txt}{space 5}y2_hhid {c |}{res}          0
{txt}interview_~s {c |}{res}      6,490    1.615871    .7006332          1          5
{txt}{space 6}plotid {c |}{res}          0
{txt}{space 4}manager1 {c |}{res}      6,332    1.106601    .4373648          1          9
{txt}{hline 13}{c +}{hline 57}
{space 4}manager2 {c |}{res}      6,332    1.404611    .4908555          1          2
{txt}{space 1}mangagero_1 {c |}{res}      3,772    1.932131    .4843413          1          9
{txt}{space 2}managero_2 {c |}{res}        263    2.973384    1.340522          1          8
{txt}{space 6}owner1 {c |}{res}      5,263    1.309709    1.459524          1         99
{txt}{space 6}owner2 {c |}{res}        966    1.944099     .415978          1          5
{txt}{hline 13}{c +}{hline 57}
{space 8}year {c |}{res}      6,490        2012           0       2012       2012
{txt}
{com}.         
.         save                    "$fil\decision-making\decision_wet_y2.dta", replace
{txt}file C:\Users\aljosephson\Dropbox\Out for Review\Dissertation\Data - LSMS Malawi\_replication2020\decision-making\decision_wet_y2.dta saved

{com}.         
. * **********************************************************************
. * 3 - identify decision makers  (Y3)
. * **********************************************************************
. 
. * for each plot:
. * identify managers (decision maker)
. * owner not identified in this module - will need to go back and find if decide to use these 
. 
. * primary wet season 
. 
.         use                             "$fil\LSMS\AG_MOD_D_y3.dta", clear
{txt}
{com}. 
. * determine plot id and relevant decision maker variables       
.         
.         keep                    y3_hhid gardenid plotid ag_d01 ag_d01_1 ag_d01_2a ag_d01_2b ag_d02
{txt}
{com}.         
. * primary and secondary manager 
.         rename                  ag_d01 manager1
{res}{txt}
{com}.         rename                  ag_d01_1 manager2
{res}{txt}
{com}.         rename                  ag_d01_2a mangagero_1
{res}{txt}
{com}.         rename                  ag_d01_2b managero_2
{res}{txt}
{com}.         rename                  ag_d02 respond_id 
{res}{txt}
{com}.         
.         gen                     year = 2015
{txt}
{com}.         
. * save new file 
. 
. compress
  {txt}variable {bf}year{sf} was {bf}{res}float{sf}{txt} now {bf}{res}int{sf}
{txt}  (8,084 bytes saved)

{com}. describe

{txt}Contains data from {res}C:\Users\aljosephson\Dropbox\Out for Review\Dissertation\Data - LSMS Malawi\_replication2020\LSMS\AG_MOD_D_y3.dta
{txt}  obs:{res}         4,042                          
{txt} vars:{res}             9                          4 Dec 2017 09:00
                                              (_dta has notes)
{txt}{hline}
              storage   display    value
variable name   type    format     label      variable label
{hline}
{p 0 48}{res}{bind:y3_hhid        }{txt}{bind: str8    }{bind:{txt}%9s       }{space 1}{bind:         }{bind:  }{res}{res}Unique Household Identification IHS4{p_end}
{p 0 48}{bind:gardenid       }{txt}{bind: str4    }{bind:{txt}%9s       }{space 1}{bind:         }{bind:  }{res}{res}Garden ID{p_end}
{p 0 48}{bind:plotid         }{txt}{bind: str4    }{bind:{txt}%9s       }{space 1}{bind:         }{bind:  }{res}{res}Plot ID{p_end}
{p 0 48}{bind:manager1       }{txt}{bind: byte    }{bind:{txt}%6.0f     }{space 1}{bind:         }{bind:  }{res}{res}Decision Maker in Household Concerning Crops{p_end}
{p 0 48}{bind:manager2       }{txt}{bind: byte    }{bind:{txt}%6.0f     }{space 1}{bind:ag_d01_1 }{bind:  }{res}{res}Another Household Member who makes decisions?{p_end}
{p 0 48}{bind:mangagero_1    }{txt}{bind: byte    }{bind:{txt}%6.0f     }{space 1}{bind:         }{bind:  }{res}{res}Second Household Member who makes decisions{p_end}
{p 0 48}{bind:managero_2     }{txt}{bind: byte    }{bind:{txt}%10.0g    }{space 1}{bind:         }{bind:  }{res}{res}Third Household Member who makes decisions{p_end}
{p 0 48}{bind:respond_id     }{txt}{bind: byte    }{bind:{txt}%6.0f     }{space 1}{bind:         }{bind:  }{res}{res}ID of Respondent{p_end}
{p 0 48}{bind:year           }{txt}{bind: int     }{bind:{txt}%9.0g     }{space 1}{bind:         }{bind:  }{res}{res}{p_end}
{txt}{hline}
Sorted by: {res}y3_hhid  gardenid  plotid
     Note: Dataset has changed since last saved.
{txt}
{com}. summarize 

{txt}    Variable {c |}        Obs        Mean    Std. Dev.       Min        Max
{hline 13}{c +}{hline 57}
{space 5}y3_hhid {c |}{res}          0
{txt}{space 4}gardenid {c |}{res}          0
{txt}{space 6}plotid {c |}{res}          0
{txt}{space 4}manager1 {c |}{res}      4,027    1.235411    .6492057          1          9
{txt}{space 4}manager2 {c |}{res}      4,030    1.294045    .4556687          1          2
{txt}{hline 13}{c +}{hline 57}
{space 1}mangagero_1 {c |}{res}      2,774    1.820836    .8517934          1         11
{txt}{space 2}managero_2 {c |}{res}        457    2.514223    1.194062          1         10
{txt}{space 2}respond_id {c |}{res}      4,027    1.442016    .7158712          1          7
{txt}{space 8}year {c |}{res}      4,042        2015           0       2015       2015
{txt}
{com}.         
.         save                    "$fil\decision-making\decision_wet_y3.dta", replace
{txt}file C:\Users\aljosephson\Dropbox\Out for Review\Dissertation\Data - LSMS Malawi\_replication2020\decision-making\decision_wet_y3.dta saved

{com}.         
. * *********************************************************************
. * 4 - append files together 
. * **********************************************************************        
. 
. * append all 
.         use                     "$fil\decision-making\decision_wet_y1.dta", clear 
{txt}
{com}.         append                  using "$fil\decision-making\decision_wet_y2.dta"
{txt}{p 0 7 2}
(note: variable
plotid was 
str2, now str3 to accommodate using data's values)
{p_end}

{com}.         append                  using "$fil\decision-making\decision_wet_y3.dta"
{txt}{p 0 7 2}
(note: variable
plotid was 
str3, now str4 to accommodate using data's values)
{p_end}

{com}.         
. * save new full file    
. 
. compress
{txt}  (0 bytes saved)

{com}. describe

{txt}Contains data from {res}C:\Users\aljosephson\Dropbox\Out for Review\Dissertation\Data - LSMS Malawi\_replication2020\decision-making\decision_wet_y1.dta
{txt}  obs:{res}        29,797                          
{txt} vars:{res}            16                          15 Oct 2020 13:38
                                              (_dta has notes)
{txt}{hline}
              storage   display    value
variable name   type    format     label      variable label
{hline}
{p 0 48}{res}{bind:case_id        }{txt}{bind: double  }{bind:{txt}%10.0g    }{space 1}{bind:         }{bind:  }{res}{res}Unique HH Identifier{p_end}
{p 0 48}{bind:ea_id          }{txt}{bind: str8    }{bind:{txt}%9s       }{space 1}{bind:         }{bind:  }{res}{res}Unique EA Identifier{p_end}
{p 0 48}{bind:plotid         }{txt}{bind: str4    }{bind:{txt}%9s       }{space 1}{bind:         }{bind:  }{res}{res}Plot Id{p_end}
{p 0 48}{bind:manager1       }{txt}{bind: byte    }{bind:{txt}%8.0g     }{space 1}{bind:         }{bind:  }{res}{res}Who in HH makes decisions concerning crops to be planted,input use,timing of cro{p_end}
{p 0 48}{bind:manager2       }{txt}{bind: byte    }{bind:{txt}%8.0g     }{space 1}{bind:         }{bind:  }{res}{res}ENUMERATOR: Record the ID of the respondent.{p_end}
{p 0 48}{bind:owner1         }{txt}{bind: byte    }{bind:{txt}%8.0g     }{space 1}{bind:         }{bind:  }{res}{res}Who in this household owns this [PLOT]?(ID CODE #1){p_end}
{p 0 48}{bind:owner2         }{txt}{bind: byte    }{bind:{txt}%8.0g     }{space 1}{bind:         }{bind:  }{res}{res}Who in this household owns this [PLOT]?(ID CODE #2){p_end}
{p 0 48}{bind:year           }{txt}{bind: int     }{bind:{txt}%9.0g     }{space 1}{bind:         }{bind:  }{res}{res}{p_end}
{p 0 48}{bind:occ            }{txt}{bind: byte    }{bind:{txt}%9.0g     }{space 1}{bind:         }{bind:  }{res}{res}Case Section Roster / Line Occurrence Sequence for O/S Merge{p_end}
{p 0 48}{bind:y2_hhid        }{txt}{bind: str8    }{bind:{txt}%9s       }{space 1}{bind:         }{bind:  }{res}{res}Unique Household Identification IHPS{p_end}
{p 0 48}{bind:interview_sta~s}{txt}{bind: byte    }{bind:{txt}%24.0g    }{space 1}{bind:stat     }{bind:  }{res}{res}Household Interview Status{p_end}
{p 0 48}{bind:mangagero_1    }{txt}{bind: byte    }{bind:{txt}%8.0g     }{space 1}{bind:         }{bind:  }{res}{res}Who are the other decision makers on the [PLOT]? (1ST){p_end}
{p 0 48}{bind:managero_2     }{txt}{bind: byte    }{bind:{txt}%8.0g     }{space 1}{bind:         }{bind:  }{res}{res}Who are the other decision makers on the [PLOT]? (2ND){p_end}
{p 0 48}{bind:y3_hhid        }{txt}{bind: str8    }{bind:{txt}%9s       }{space 1}{bind:         }{bind:  }{res}{res}Unique Household Identification IHS4{p_end}
{p 0 48}{bind:gardenid       }{txt}{bind: str4    }{bind:{txt}%9s       }{space 1}{bind:         }{bind:  }{res}{res}Garden ID{p_end}
{p 0 48}{bind:respond_id     }{txt}{bind: byte    }{bind:{txt}%6.0f     }{space 1}{bind:         }{bind:  }{res}{res}ID of Respondent{p_end}
{txt}{hline}
Sorted by: 
{res}     Note: Dataset has changed since last saved.
{txt}
{com}. summarize 

{txt}    Variable {c |}        Obs        Mean    Std. Dev.       Min        Max
{hline 13}{c +}{hline 57}
{space 5}case_id {c |}{res}     19,265    2.30e+11    7.61e+10   1.01e+11   3.16e+11
{txt}{space 7}ea_id {c |}{res}          0
{txt}{space 6}plotid {c |}{res}          0
{txt}{space 4}manager1 {c |}{res}     29,291    1.100953     .414177          1         13
{txt}{space 4}manager2 {c |}{res}     29,197    1.342193    .5150879          1         12
{txt}{hline 13}{c +}{hline 57}
{space 6}owner1 {c |}{res}     20,085    1.271795    .8566106          1         99
{txt}{space 6}owner2 {c |}{res}      3,809    1.951168    .3851625          1          8
{txt}{space 8}year {c |}{res}     29,797    2010.467    2.165828       2009       2015
{txt}{space 9}occ {c |}{res}      6,490    1.800308    1.009219          1          8
{txt}{space 5}y2_hhid {c |}{res}          0
{txt}{hline 13}{c +}{hline 57}
interview_~s {c |}{res}      6,490    1.615871    .7006332          1          5
{txt}{space 1}mangagero_1 {c |}{res}      6,546    1.884968    .6675246          1         11
{txt}{space 2}managero_2 {c |}{res}        720    2.681944    1.268077          1         10
{txt}{space 5}y3_hhid {c |}{res}          0
{txt}{space 4}gardenid {c |}{res}          0
{txt}{hline 13}{c +}{hline 57}
{space 2}respond_id {c |}{res}      4,027    1.442016    .7158712          1          7
{txt}
{com}. 
.         save                    "$fil\decision-making\decision_wet_all.dta", replace
{txt}file C:\Users\aljosephson\Dropbox\Out for Review\Dissertation\Data - LSMS Malawi\_replication2020\decision-making\decision_wet_all.dta saved

{com}. 
. * *********************************************************************
. * 5 - end matter
. * **********************************************************************
. 
. * close the log
.         log     close   
      {txt}name:  {res}<unnamed>
       {txt}log:  {res}C:\Users\aljosephson\git\dissertation\e1_gender\logs/building_joint_variables.smcl
  {txt}log type:  {res}smcl
 {txt}closed on:  {res}15 Oct 2020, 13:38:29
{txt}{.-}
{smcl}
{txt}{sf}{ul off}{smcl}
{com}{sf}{ul off}{txt}{.-}
      name:  {res}<unnamed>
       {txt}log:  {res}C:\Users\aljosephson\git\dissertation\e1_gender\logs/building_joint_variables.smcl
  {txt}log type:  {res}smcl
 {txt}opened on:  {res}15 Oct 2020, 13:38:43
{txt}
{com}. 
. * **********************************************************************
. * 1 - identify decision makers and owners (Y1)
. * **********************************************************************
. 
. * for each plot:
. * identify managers (decision maker), owner [can identify joint ownership]
. 
. * primary wet season 
. 
.         use                             "$fil\LSMS\AG_MOD_D_y1.dta", clear
{txt}
{com}. 
. * determine plot id and relevant decision maker variables       
.         
.         keep                    case_id ea_id ag_d00 ag_d01 ag_d02 ag_d04a ag_d04b
{txt}
{com}.         rename                  ag_d00 plotid
{res}{txt}
{com}.         
. * primary and secondary manager 
.         rename                  ag_d01 manager1
{res}{txt}
{com}.         rename                  ag_d02 manager2
{res}{txt}
{com}.         rename                  ag_d04a owner1
{res}{txt}
{com}.         rename                  ag_d04b owner2 
{res}{txt}
{com}.         
.         gen                     year = 2009
{txt}
{com}.         destring                case_id, replace 
{txt}case_id: all characters numeric; {res}replaced {txt}as {res}double
{txt}
{com}.         
. * save new file 
. 
. compress
  {txt}variable {bf}year{sf} was {bf}{res}float{sf}{txt} now {bf}{res}int{sf}
{txt}  (38,530 bytes saved)

{com}. describe

{txt}Contains data from {res}C:\Users\aljosephson\Dropbox\Out for Review\Dissertation\Data - LSMS Malawi\_replication2020\LSMS\AG_MOD_D_y1.dta
{txt}  obs:{res}        19,265                          
{txt} vars:{res}             8                          28 Mar 2012 10:59
{txt}{hline}
              storage   display    value
variable name   type    format     label      variable label
{hline}
{p 0 48}{res}{bind:case_id        }{txt}{bind: double  }{bind:{txt}%10.0g    }{space 1}{bind:         }{bind:  }{res}{res}Unique HH Identifier{p_end}
{p 0 48}{bind:ea_id          }{txt}{bind: str8    }{bind:{txt}%9s       }{space 1}{bind:         }{bind:  }{res}{res}Unique EA Identifier{p_end}
{p 0 48}{bind:plotid         }{txt}{bind: str2    }{bind:{txt}%9s       }{space 1}{bind:         }{bind:  }{res}{res}Plot Id{p_end}
{p 0 48}{bind:manager1       }{txt}{bind: byte    }{bind:{txt}%8.0g     }{space 1}{bind:         }{bind:  }{res}{res}Who in HH makes decisions concerning crops to be planted,input use,timing of cro{p_end}
{p 0 48}{bind:manager2       }{txt}{bind: byte    }{bind:{txt}%8.0g     }{space 1}{bind:         }{bind:  }{res}{res}ENUMERATOR: Record the ID of the respondent.{p_end}
{p 0 48}{bind:owner1         }{txt}{bind: byte    }{bind:{txt}%8.0g     }{space 1}{bind:         }{bind:  }{res}{res}Who in this household owns this [PLOT]?(ID CODE #1){p_end}
{p 0 48}{bind:owner2         }{txt}{bind: byte    }{bind:{txt}%8.0g     }{space 1}{bind:         }{bind:  }{res}{res}Who in this household owns this [PLOT]?(ID CODE #2){p_end}
{p 0 48}{bind:year           }{txt}{bind: int     }{bind:{txt}%9.0g     }{space 1}{bind:         }{bind:  }{res}{res}{p_end}
{txt}{hline}
Sorted by: 
{res}     Note: Dataset has changed since last saved.
{txt}
{com}. summarize 

{txt}    Variable {c |}        Obs        Mean    Std. Dev.       Min        Max
{hline 13}{c +}{hline 57}
{space 5}case_id {c |}{res}     19,265    2.30e+11    7.61e+10   1.01e+11   3.16e+11
{txt}{space 7}ea_id {c |}{res}          0
{txt}{space 6}plotid {c |}{res}          0
{txt}{space 4}manager1 {c |}{res}     18,932    1.070463    .3271397          1         13
{txt}{space 4}manager2 {c |}{res}     18,835     1.33151    .5328763          1         12
{txt}{hline 13}{c +}{hline 57}
{space 6}owner1 {c |}{res}     14,822    1.258332    .4871914          1         10
{txt}{space 6}owner2 {c |}{res}      2,843     1.95357    .3741616          1          8
{txt}{space 8}year {c |}{res}     19,265        2009           0       2009       2009
{txt}
{com}. 
.         save                    "$fil\decision-making\decision_wet_y1.dta", replace
{txt}file C:\Users\aljosephson\Dropbox\Out for Review\Dissertation\Data - LSMS Malawi\_replication2020\decision-making\decision_wet_y1.dta saved

{com}.         
. * **********************************************************************
. * 2 - identify decision makers and owners (Y2)
. * **********************************************************************
. 
. * for each plot:
. * identify managers (decision maker), owner [can identify joint ownership]
. 
. * primary wet season 
. 
.         use                             "$fil\LSMS\AG_MOD_D_y2.dta", clear
{txt}
{com}. 
. * determine plot id and relevant decision maker variables       
.         
.         keep                    occ y2_hhid interview_status ag_d00 ag_d01 ag_d01_1 ag_d01_2a ag_d01_2b ag_d04a ag_d04b
{txt}
{com}.         rename                  ag_d00 plotid
{res}{txt}
{com}.         
. * primary and secondary manager 
.         rename                  ag_d01 manager1
{res}{txt}
{com}.         rename                  ag_d01_1 manager2
{res}{txt}
{com}.         rename                  ag_d01_2a mangagero_1
{res}{txt}
{com}.         rename                  ag_d01_2b managero_2
{res}{txt}
{com}.         rename                  ag_d04a owner1
{res}{txt}
{com}.         rename                  ag_d04b owner2 
{res}{txt}
{com}.         
.         gen                     year = 2012
{txt}
{com}.         
. * save new file 
. 
. compress
  {txt}variable {bf}year{sf} was {bf}{res}float{sf}{txt} now {bf}{res}int{sf}
{txt}  (12,980 bytes saved)

{com}. describe

{txt}Contains data from {res}C:\Users\aljosephson\Dropbox\Out for Review\Dissertation\Data - LSMS Malawi\_replication2020\LSMS\AG_MOD_D_y2.dta
{txt}  obs:{res}         6,490                          
{txt} vars:{res}            11                          10 Sep 2014 11:34
{txt}{hline}
              storage   display    value
variable name   type    format     label      variable label
{hline}
{p 0 48}{res}{bind:occ            }{txt}{bind: byte    }{bind:{txt}%9.0g     }{space 1}{bind:         }{bind:  }{res}{res}Case Section Roster / Line Occurrence Sequence for O/S Merge{p_end}
{p 0 48}{bind:y2_hhid        }{txt}{bind: str8    }{bind:{txt}%9s       }{space 1}{bind:         }{bind:  }{res}{res}Unique Household Identification IHPS{p_end}
{p 0 48}{bind:interview_sta~s}{txt}{bind: byte    }{bind:{txt}%24.0g    }{space 1}{bind:stat     }{bind:  }{res}{res}Household Interview Status{p_end}
{p 0 48}{bind:plotid         }{txt}{bind: str3    }{bind:{txt}%9s       }{space 1}{bind:         }{bind:  }{res}{res}Plot ID{p_end}
{p 0 48}{bind:manager1       }{txt}{bind: byte    }{bind:{txt}%8.0g     }{space 1}{bind:         }{bind:  }{res}{res}Who in the household makes the decisions concerning crops to be planted, input u{p_end}
{p 0 48}{bind:manager2       }{txt}{bind: byte    }{bind:{txt}%8.0g     }{space 1}{bind:AG_D01_1 }{bind:  }{res}{res}Are there other household members that the primary decision maker consults regar{p_end}
{p 0 48}{bind:mangagero_1    }{txt}{bind: byte    }{bind:{txt}%8.0g     }{space 1}{bind:         }{bind:  }{res}{res}Who are the other decision makers on the [PLOT]? (1ST){p_end}
{p 0 48}{bind:managero_2     }{txt}{bind: byte    }{bind:{txt}%8.0g     }{space 1}{bind:         }{bind:  }{res}{res}Who are the other decision makers on the [PLOT]? (2ND){p_end}
{p 0 48}{bind:owner1         }{txt}{bind: byte    }{bind:{txt}%8.0g     }{space 1}{bind:         }{bind:  }{res}{res}Who in this household owns this [PLOT]? (1ST){p_end}
{p 0 48}{bind:owner2         }{txt}{bind: byte    }{bind:{txt}%8.0g     }{space 1}{bind:         }{bind:  }{res}{res}Who in this household owns this [PLOT]? (2ND){p_end}
{p 0 48}{bind:year           }{txt}{bind: int     }{bind:{txt}%9.0g     }{space 1}{bind:         }{bind:  }{res}{res}{p_end}
{txt}{hline}
Sorted by: {res}y2_hhid  occ
     Note: Dataset has changed since last saved.
{txt}
{com}. summarize 

{txt}    Variable {c |}        Obs        Mean    Std. Dev.       Min        Max
{hline 13}{c +}{hline 57}
{space 9}occ {c |}{res}      6,490    1.800308    1.009219          1          8
{txt}{space 5}y2_hhid {c |}{res}          0
{txt}interview_~s {c |}{res}      6,490    1.615871    .7006332          1          5
{txt}{space 6}plotid {c |}{res}          0
{txt}{space 4}manager1 {c |}{res}      6,332    1.106601    .4373648          1          9
{txt}{hline 13}{c +}{hline 57}
{space 4}manager2 {c |}{res}      6,332    1.404611    .4908555          1          2
{txt}{space 1}mangagero_1 {c |}{res}      3,772    1.932131    .4843413          1          9
{txt}{space 2}managero_2 {c |}{res}        263    2.973384    1.340522          1          8
{txt}{space 6}owner1 {c |}{res}      5,263    1.309709    1.459524          1         99
{txt}{space 6}owner2 {c |}{res}        966    1.944099     .415978          1          5
{txt}{hline 13}{c +}{hline 57}
{space 8}year {c |}{res}      6,490        2012           0       2012       2012
{txt}
{com}.         
.         save                    "$fil\decision-making\decision_wet_y2.dta", replace
{txt}file C:\Users\aljosephson\Dropbox\Out for Review\Dissertation\Data - LSMS Malawi\_replication2020\decision-making\decision_wet_y2.dta saved

{com}.         
. * **********************************************************************
. * 3 - identify decision makers  (Y3)
. * **********************************************************************
. 
. * for each plot:
. * identify managers (decision maker)
. * owner not identified in this module - will need to go back and find if decide to use these 
. 
. * primary wet season 
. 
.         use                             "$fil\LSMS\AG_MOD_D_y3.dta", clear
{txt}
{com}. 
. * determine plot id and relevant decision maker variables       
.         
.         keep                    y3_hhid gardenid plotid ag_d01 ag_d01_1 ag_d01_2a ag_d01_2b ag_d02
{txt}
{com}.         
. * primary and secondary manager 
.         rename                  ag_d01 manager1
{res}{txt}
{com}.         rename                  ag_d01_1 manager2
{res}{txt}
{com}.         rename                  ag_d01_2a mangagero_1
{res}{txt}
{com}.         rename                  ag_d01_2b managero_2
{res}{txt}
{com}.         rename                  ag_d02 respond_id 
{res}{txt}
{com}.         
.         gen                     year = 2015
{txt}
{com}.         
. * save new file 
. 
. compress
  {txt}variable {bf}year{sf} was {bf}{res}float{sf}{txt} now {bf}{res}int{sf}
{txt}  (8,084 bytes saved)

{com}. describe

{txt}Contains data from {res}C:\Users\aljosephson\Dropbox\Out for Review\Dissertation\Data - LSMS Malawi\_replication2020\LSMS\AG_MOD_D_y3.dta
{txt}  obs:{res}         4,042                          
{txt} vars:{res}             9                          4 Dec 2017 09:00
                                              (_dta has notes)
{txt}{hline}
              storage   display    value
variable name   type    format     label      variable label
{hline}
{p 0 48}{res}{bind:y3_hhid        }{txt}{bind: str8    }{bind:{txt}%9s       }{space 1}{bind:         }{bind:  }{res}{res}Unique Household Identification IHS4{p_end}
{p 0 48}{bind:gardenid       }{txt}{bind: str4    }{bind:{txt}%9s       }{space 1}{bind:         }{bind:  }{res}{res}Garden ID{p_end}
{p 0 48}{bind:plotid         }{txt}{bind: str4    }{bind:{txt}%9s       }{space 1}{bind:         }{bind:  }{res}{res}Plot ID{p_end}
{p 0 48}{bind:manager1       }{txt}{bind: byte    }{bind:{txt}%6.0f     }{space 1}{bind:         }{bind:  }{res}{res}Decision Maker in Household Concerning Crops{p_end}
{p 0 48}{bind:manager2       }{txt}{bind: byte    }{bind:{txt}%6.0f     }{space 1}{bind:ag_d01_1 }{bind:  }{res}{res}Another Household Member who makes decisions?{p_end}
{p 0 48}{bind:mangagero_1    }{txt}{bind: byte    }{bind:{txt}%6.0f     }{space 1}{bind:         }{bind:  }{res}{res}Second Household Member who makes decisions{p_end}
{p 0 48}{bind:managero_2     }{txt}{bind: byte    }{bind:{txt}%10.0g    }{space 1}{bind:         }{bind:  }{res}{res}Third Household Member who makes decisions{p_end}
{p 0 48}{bind:respond_id     }{txt}{bind: byte    }{bind:{txt}%6.0f     }{space 1}{bind:         }{bind:  }{res}{res}ID of Respondent{p_end}
{p 0 48}{bind:year           }{txt}{bind: int     }{bind:{txt}%9.0g     }{space 1}{bind:         }{bind:  }{res}{res}{p_end}
{txt}{hline}
Sorted by: {res}y3_hhid  gardenid  plotid
     Note: Dataset has changed since last saved.
{txt}
{com}. summarize 

{txt}    Variable {c |}        Obs        Mean    Std. Dev.       Min        Max
{hline 13}{c +}{hline 57}
{space 5}y3_hhid {c |}{res}          0
{txt}{space 4}gardenid {c |}{res}          0
{txt}{space 6}plotid {c |}{res}          0
{txt}{space 4}manager1 {c |}{res}      4,027    1.235411    .6492057          1          9
{txt}{space 4}manager2 {c |}{res}      4,030    1.294045    .4556687          1          2
{txt}{hline 13}{c +}{hline 57}
{space 1}mangagero_1 {c |}{res}      2,774    1.820836    .8517934          1         11
{txt}{space 2}managero_2 {c |}{res}        457    2.514223    1.194062          1         10
{txt}{space 2}respond_id {c |}{res}      4,027    1.442016    .7158712          1          7
{txt}{space 8}year {c |}{res}      4,042        2015           0       2015       2015
{txt}
{com}.         
.         save                    "$fil\decision-making\decision_wet_y3.dta", replace
{txt}file C:\Users\aljosephson\Dropbox\Out for Review\Dissertation\Data - LSMS Malawi\_replication2020\decision-making\decision_wet_y3.dta saved

{com}.         
. * *********************************************************************
. * 4 - append files together 
. * **********************************************************************        
. 
. * append all 
.         use                     "$fil\decision-making\decision_wet_y1.dta", clear 
{txt}
{com}.         append                  using "$fil\decision-making\decision_wet_y2.dta"
{txt}{p 0 7 2}
(note: variable
plotid was 
str2, now str3 to accommodate using data's values)
{p_end}

{com}.         append                  using "$fil\decision-making\decision_wet_y3.dta"
{txt}{p 0 7 2}
(note: variable
plotid was 
str3, now str4 to accommodate using data's values)
{p_end}

{com}.         
. * save new full file    
. 
. compress
{txt}  (0 bytes saved)

{com}. describe

{txt}Contains data from {res}C:\Users\aljosephson\Dropbox\Out for Review\Dissertation\Data - LSMS Malawi\_replication2020\decision-making\decision_wet_y1.dta
{txt}  obs:{res}        29,797                          
{txt} vars:{res}            16                          15 Oct 2020 13:38
                                              (_dta has notes)
{txt}{hline}
              storage   display    value
variable name   type    format     label      variable label
{hline}
{p 0 48}{res}{bind:case_id        }{txt}{bind: double  }{bind:{txt}%10.0g    }{space 1}{bind:         }{bind:  }{res}{res}Unique HH Identifier{p_end}
{p 0 48}{bind:ea_id          }{txt}{bind: str8    }{bind:{txt}%9s       }{space 1}{bind:         }{bind:  }{res}{res}Unique EA Identifier{p_end}
{p 0 48}{bind:plotid         }{txt}{bind: str4    }{bind:{txt}%9s       }{space 1}{bind:         }{bind:  }{res}{res}Plot Id{p_end}
{p 0 48}{bind:manager1       }{txt}{bind: byte    }{bind:{txt}%8.0g     }{space 1}{bind:         }{bind:  }{res}{res}Who in HH makes decisions concerning crops to be planted,input use,timing of cro{p_end}
{p 0 48}{bind:manager2       }{txt}{bind: byte    }{bind:{txt}%8.0g     }{space 1}{bind:         }{bind:  }{res}{res}ENUMERATOR: Record the ID of the respondent.{p_end}
{p 0 48}{bind:owner1         }{txt}{bind: byte    }{bind:{txt}%8.0g     }{space 1}{bind:         }{bind:  }{res}{res}Who in this household owns this [PLOT]?(ID CODE #1){p_end}
{p 0 48}{bind:owner2         }{txt}{bind: byte    }{bind:{txt}%8.0g     }{space 1}{bind:         }{bind:  }{res}{res}Who in this household owns this [PLOT]?(ID CODE #2){p_end}
{p 0 48}{bind:year           }{txt}{bind: int     }{bind:{txt}%9.0g     }{space 1}{bind:         }{bind:  }{res}{res}{p_end}
{p 0 48}{bind:occ            }{txt}{bind: byte    }{bind:{txt}%9.0g     }{space 1}{bind:         }{bind:  }{res}{res}Case Section Roster / Line Occurrence Sequence for O/S Merge{p_end}
{p 0 48}{bind:y2_hhid        }{txt}{bind: str8    }{bind:{txt}%9s       }{space 1}{bind:         }{bind:  }{res}{res}Unique Household Identification IHPS{p_end}
{p 0 48}{bind:interview_sta~s}{txt}{bind: byte    }{bind:{txt}%24.0g    }{space 1}{bind:stat     }{bind:  }{res}{res}Household Interview Status{p_end}
{p 0 48}{bind:mangagero_1    }{txt}{bind: byte    }{bind:{txt}%8.0g     }{space 1}{bind:         }{bind:  }{res}{res}Who are the other decision makers on the [PLOT]? (1ST){p_end}
{p 0 48}{bind:managero_2     }{txt}{bind: byte    }{bind:{txt}%8.0g     }{space 1}{bind:         }{bind:  }{res}{res}Who are the other decision makers on the [PLOT]? (2ND){p_end}
{p 0 48}{bind:y3_hhid        }{txt}{bind: str8    }{bind:{txt}%9s       }{space 1}{bind:         }{bind:  }{res}{res}Unique Household Identification IHS4{p_end}
{p 0 48}{bind:gardenid       }{txt}{bind: str4    }{bind:{txt}%9s       }{space 1}{bind:         }{bind:  }{res}{res}Garden ID{p_end}
{p 0 48}{bind:respond_id     }{txt}{bind: byte    }{bind:{txt}%6.0f     }{space 1}{bind:         }{bind:  }{res}{res}ID of Respondent{p_end}
{txt}{hline}
Sorted by: 
{res}     Note: Dataset has changed since last saved.
{txt}
{com}. summarize 

{txt}    Variable {c |}        Obs        Mean    Std. Dev.       Min        Max
{hline 13}{c +}{hline 57}
{space 5}case_id {c |}{res}     19,265    2.30e+11    7.61e+10   1.01e+11   3.16e+11
{txt}{space 7}ea_id {c |}{res}          0
{txt}{space 6}plotid {c |}{res}          0
{txt}{space 4}manager1 {c |}{res}     29,291    1.100953     .414177          1         13
{txt}{space 4}manager2 {c |}{res}     29,197    1.342193    .5150879          1         12
{txt}{hline 13}{c +}{hline 57}
{space 6}owner1 {c |}{res}     20,085    1.271795    .8566106          1         99
{txt}{space 6}owner2 {c |}{res}      3,809    1.951168    .3851625          1          8
{txt}{space 8}year {c |}{res}     29,797    2010.467    2.165828       2009       2015
{txt}{space 9}occ {c |}{res}      6,490    1.800308    1.009219          1          8
{txt}{space 5}y2_hhid {c |}{res}          0
{txt}{hline 13}{c +}{hline 57}
interview_~s {c |}{res}      6,490    1.615871    .7006332          1          5
{txt}{space 1}mangagero_1 {c |}{res}      6,546    1.884968    .6675246          1         11
{txt}{space 2}managero_2 {c |}{res}        720    2.681944    1.268077          1         10
{txt}{space 5}y3_hhid {c |}{res}          0
{txt}{space 4}gardenid {c |}{res}          0
{txt}{hline 13}{c +}{hline 57}
{space 2}respond_id {c |}{res}      4,027    1.442016    .7158712          1          7
{txt}
{com}. 
.         save                    "$fil\decision-making\decision_wet_all.dta", replace
{txt}file C:\Users\aljosephson\Dropbox\Out for Review\Dissertation\Data - LSMS Malawi\_replication2020\decision-making\decision_wet_all.dta saved

{com}. 
. * *********************************************************************
. * 5 - end matter
. * **********************************************************************
. 
. * close the log
.         log     close   
      {txt}name:  {res}<unnamed>
       {txt}log:  {res}C:\Users\aljosephson\git\dissertation\e1_gender\logs/building_joint_variables.smcl
  {txt}log type:  {res}smcl
 {txt}closed on:  {res}15 Oct 2020, 13:38:43
{txt}{.-}
{smcl}
{txt}{sf}{ul off}{smcl}
{com}{sf}{ul off}{txt}{.-}
      name:  {res}<unnamed>
       {txt}log:  {res}C:\Users\aljosephson\git\dissertation\e1_gender\logs/building_joint_variables.smcl
  {txt}log type:  {res}smcl
 {txt}opened on:  {res}16 Oct 2020, 13:51:34
{txt}
{com}. 
. * **********************************************************************
. * 1 - identify decision makers and owners (Y1)
. * **********************************************************************
. 
. * for each plot:
. * identify managers (decision maker), owner [can identify joint ownership]
. 
. * primary wet season 
. 
.         use                             "$fil\LSMS\AG_MOD_D_y1.dta", clear
{txt}
{com}. 
. * determine plot id and relevant decision maker variables       
.         
.         keep                    case_id ea_id ag_d00 ag_d01 ag_d02 ag_d04a ag_d04b
{txt}
{com}.         rename                  ag_d00 plotid
{res}{txt}
{com}.         
. * primary and secondary manager 
.         rename                  ag_d01 manager1
{res}{txt}
{com}.         rename                  ag_d02 manager2
{res}{txt}
{com}.         rename                  ag_d04a owner1
{res}{txt}
{com}.         rename                  ag_d04b owner2 
{res}{txt}
{com}.         
.         gen                     year = 2009
{txt}
{com}.         destring                case_id, replace 
{txt}case_id: all characters numeric; {res}replaced {txt}as {res}double
{txt}
{com}.         
. * save new file 
. 
. compress
  {txt}variable {bf}year{sf} was {bf}{res}float{sf}{txt} now {bf}{res}int{sf}
{txt}  (38,530 bytes saved)

{com}. describe

{txt}Contains data from {res}C:\Users\aljosephson\Dropbox\Out for Review\Dissertation\Data - LSMS Malawi\_replication2020\LSMS\AG_MOD_D_y1.dta
{txt}  obs:{res}        19,265                          
{txt} vars:{res}             8                          28 Mar 2012 10:59
{txt}{hline}
              storage   display    value
variable name   type    format     label      variable label
{hline}
{p 0 48}{res}{bind:case_id        }{txt}{bind: double  }{bind:{txt}%10.0g    }{space 1}{bind:         }{bind:  }{res}{res}Unique HH Identifier{p_end}
{p 0 48}{bind:ea_id          }{txt}{bind: str8    }{bind:{txt}%9s       }{space 1}{bind:         }{bind:  }{res}{res}Unique EA Identifier{p_end}
{p 0 48}{bind:plotid         }{txt}{bind: str2    }{bind:{txt}%9s       }{space 1}{bind:         }{bind:  }{res}{res}Plot Id{p_end}
{p 0 48}{bind:manager1       }{txt}{bind: byte    }{bind:{txt}%8.0g     }{space 1}{bind:         }{bind:  }{res}{res}Who in HH makes decisions concerning crops to be planted,input use,timing of cro{p_end}
{p 0 48}{bind:manager2       }{txt}{bind: byte    }{bind:{txt}%8.0g     }{space 1}{bind:         }{bind:  }{res}{res}ENUMERATOR: Record the ID of the respondent.{p_end}
{p 0 48}{bind:owner1         }{txt}{bind: byte    }{bind:{txt}%8.0g     }{space 1}{bind:         }{bind:  }{res}{res}Who in this household owns this [PLOT]?(ID CODE #1){p_end}
{p 0 48}{bind:owner2         }{txt}{bind: byte    }{bind:{txt}%8.0g     }{space 1}{bind:         }{bind:  }{res}{res}Who in this household owns this [PLOT]?(ID CODE #2){p_end}
{p 0 48}{bind:year           }{txt}{bind: int     }{bind:{txt}%9.0g     }{space 1}{bind:         }{bind:  }{res}{res}{p_end}
{txt}{hline}
Sorted by: 
{res}     Note: Dataset has changed since last saved.
{txt}
{com}. summarize 

{txt}    Variable {c |}        Obs        Mean    Std. Dev.       Min        Max
{hline 13}{c +}{hline 57}
{space 5}case_id {c |}{res}     19,265    2.30e+11    7.61e+10   1.01e+11   3.16e+11
{txt}{space 7}ea_id {c |}{res}          0
{txt}{space 6}plotid {c |}{res}          0
{txt}{space 4}manager1 {c |}{res}     18,932    1.070463    .3271397          1         13
{txt}{space 4}manager2 {c |}{res}     18,835     1.33151    .5328763          1         12
{txt}{hline 13}{c +}{hline 57}
{space 6}owner1 {c |}{res}     14,822    1.258332    .4871914          1         10
{txt}{space 6}owner2 {c |}{res}      2,843     1.95357    .3741616          1          8
{txt}{space 8}year {c |}{res}     19,265        2009           0       2009       2009
{txt}
{com}. 
.         save                    "$fil\decision-making\decision_wet_y1.dta", replace
{txt}file C:\Users\aljosephson\Dropbox\Out for Review\Dissertation\Data - LSMS Malawi\_replication2020\decision-making\decision_wet_y1.dta saved

{com}.         
. * **********************************************************************
. * 2 - identify decision makers and owners (Y2)
. * **********************************************************************
. 
. * for each plot:
. * identify managers (decision maker), owner [can identify joint ownership]
. 
. * primary wet season 
. 
.         use                             "$fil\LSMS\AG_MOD_D_y2.dta", clear
{txt}
{com}. 
. * determine plot id and relevant decision maker variables       
.         
.         keep                    occ y2_hhid interview_status ag_d00 ag_d01 ag_d01_1 ag_d01_2a ag_d01_2b ag_d04a ag_d04b
{txt}
{com}.         rename                  ag_d00 plotid
{res}{txt}
{com}.         
. * primary and secondary manager 
.         rename                  ag_d01 manager1
{res}{txt}
{com}.         rename                  ag_d01_1 manager2
{res}{txt}
{com}.         rename                  ag_d01_2a mangagero_1
{res}{txt}
{com}.         rename                  ag_d01_2b managero_2
{res}{txt}
{com}.         rename                  ag_d04a owner1
{res}{txt}
{com}.         rename                  ag_d04b owner2 
{res}{txt}
{com}.         
.         gen                     year = 2012
{txt}
{com}.         
. * save new file 
. 
. compress
  {txt}variable {bf}year{sf} was {bf}{res}float{sf}{txt} now {bf}{res}int{sf}
{txt}  (12,980 bytes saved)

{com}. describe

{txt}Contains data from {res}C:\Users\aljosephson\Dropbox\Out for Review\Dissertation\Data - LSMS Malawi\_replication2020\LSMS\AG_MOD_D_y2.dta
{txt}  obs:{res}         6,490                          
{txt} vars:{res}            11                          10 Sep 2014 11:34
{txt}{hline}
              storage   display    value
variable name   type    format     label      variable label
{hline}
{p 0 48}{res}{bind:occ            }{txt}{bind: byte    }{bind:{txt}%9.0g     }{space 1}{bind:         }{bind:  }{res}{res}Case Section Roster / Line Occurrence Sequence for O/S Merge{p_end}
{p 0 48}{bind:y2_hhid        }{txt}{bind: str8    }{bind:{txt}%9s       }{space 1}{bind:         }{bind:  }{res}{res}Unique Household Identification IHPS{p_end}
{p 0 48}{bind:interview_sta~s}{txt}{bind: byte    }{bind:{txt}%24.0g    }{space 1}{bind:stat     }{bind:  }{res}{res}Household Interview Status{p_end}
{p 0 48}{bind:plotid         }{txt}{bind: str3    }{bind:{txt}%9s       }{space 1}{bind:         }{bind:  }{res}{res}Plot ID{p_end}
{p 0 48}{bind:manager1       }{txt}{bind: byte    }{bind:{txt}%8.0g     }{space 1}{bind:         }{bind:  }{res}{res}Who in the household makes the decisions concerning crops to be planted, input u{p_end}
{p 0 48}{bind:manager2       }{txt}{bind: byte    }{bind:{txt}%8.0g     }{space 1}{bind:AG_D01_1 }{bind:  }{res}{res}Are there other household members that the primary decision maker consults regar{p_end}
{p 0 48}{bind:mangagero_1    }{txt}{bind: byte    }{bind:{txt}%8.0g     }{space 1}{bind:         }{bind:  }{res}{res}Who are the other decision makers on the [PLOT]? (1ST){p_end}
{p 0 48}{bind:managero_2     }{txt}{bind: byte    }{bind:{txt}%8.0g     }{space 1}{bind:         }{bind:  }{res}{res}Who are the other decision makers on the [PLOT]? (2ND){p_end}
{p 0 48}{bind:owner1         }{txt}{bind: byte    }{bind:{txt}%8.0g     }{space 1}{bind:         }{bind:  }{res}{res}Who in this household owns this [PLOT]? (1ST){p_end}
{p 0 48}{bind:owner2         }{txt}{bind: byte    }{bind:{txt}%8.0g     }{space 1}{bind:         }{bind:  }{res}{res}Who in this household owns this [PLOT]? (2ND){p_end}
{p 0 48}{bind:year           }{txt}{bind: int     }{bind:{txt}%9.0g     }{space 1}{bind:         }{bind:  }{res}{res}{p_end}
{txt}{hline}
Sorted by: {res}y2_hhid  occ
     Note: Dataset has changed since last saved.
{txt}
{com}. summarize 

{txt}    Variable {c |}        Obs        Mean    Std. Dev.       Min        Max
{hline 13}{c +}{hline 57}
{space 9}occ {c |}{res}      6,490    1.800308    1.009219          1          8
{txt}{space 5}y2_hhid {c |}{res}          0
{txt}interview_~s {c |}{res}      6,490    1.615871    .7006332          1          5
{txt}{space 6}plotid {c |}{res}          0
{txt}{space 4}manager1 {c |}{res}      6,332    1.106601    .4373648          1          9
{txt}{hline 13}{c +}{hline 57}
{space 4}manager2 {c |}{res}      6,332    1.404611    .4908555          1          2
{txt}{space 1}mangagero_1 {c |}{res}      3,772    1.932131    .4843413          1          9
{txt}{space 2}managero_2 {c |}{res}        263    2.973384    1.340522          1          8
{txt}{space 6}owner1 {c |}{res}      5,263    1.309709    1.459524          1         99
{txt}{space 6}owner2 {c |}{res}        966    1.944099     .415978          1          5
{txt}{hline 13}{c +}{hline 57}
{space 8}year {c |}{res}      6,490        2012           0       2012       2012
{txt}
{com}.         
.         save                    "$fil\decision-making\decision_wet_y2.dta", replace
{txt}file C:\Users\aljosephson\Dropbox\Out for Review\Dissertation\Data - LSMS Malawi\_replication2020\decision-making\decision_wet_y2.dta saved

{com}.         
. * **********************************************************************
. * 3 - identify decision makers  (Y3)
. * **********************************************************************
. 
. * for each plot:
. * identify managers (decision maker)
. * owner not identified in this module - will need to go back and find if decide to use these 
. 
. * primary wet season 
. 
.         use                             "$fil\LSMS\AG_MOD_D_y3.dta", clear
{txt}
{com}. 
. * determine plot id and relevant decision maker variables       
.         
.         keep                    y3_hhid gardenid plotid ag_d01 ag_d01_1 ag_d01_2a ag_d01_2b ag_d02
{txt}
{com}.         
. * primary and secondary manager 
.         rename                  ag_d01 manager1
{res}{txt}
{com}.         rename                  ag_d01_1 manager2
{res}{txt}
{com}.         rename                  ag_d01_2a mangagero_1
{res}{txt}
{com}.         rename                  ag_d01_2b managero_2
{res}{txt}
{com}.         rename                  ag_d02 respond_id 
{res}{txt}
{com}.         
.         gen                     year = 2015
{txt}
{com}.         
. * save new file 
. 
. compress
  {txt}variable {bf}year{sf} was {bf}{res}float{sf}{txt} now {bf}{res}int{sf}
{txt}  (8,084 bytes saved)

{com}. describe

{txt}Contains data from {res}C:\Users\aljosephson\Dropbox\Out for Review\Dissertation\Data - LSMS Malawi\_replication2020\LSMS\AG_MOD_D_y3.dta
{txt}  obs:{res}         4,042                          
{txt} vars:{res}             9                          4 Dec 2017 09:00
                                              (_dta has notes)
{txt}{hline}
              storage   display    value
variable name   type    format     label      variable label
{hline}
{p 0 48}{res}{bind:y3_hhid        }{txt}{bind: str8    }{bind:{txt}%9s       }{space 1}{bind:         }{bind:  }{res}{res}Unique Household Identification IHS4{p_end}
{p 0 48}{bind:gardenid       }{txt}{bind: str4    }{bind:{txt}%9s       }{space 1}{bind:         }{bind:  }{res}{res}Garden ID{p_end}
{p 0 48}{bind:plotid         }{txt}{bind: str4    }{bind:{txt}%9s       }{space 1}{bind:         }{bind:  }{res}{res}Plot ID{p_end}
{p 0 48}{bind:manager1       }{txt}{bind: byte    }{bind:{txt}%6.0f     }{space 1}{bind:         }{bind:  }{res}{res}Decision Maker in Household Concerning Crops{p_end}
{p 0 48}{bind:manager2       }{txt}{bind: byte    }{bind:{txt}%6.0f     }{space 1}{bind:ag_d01_1 }{bind:  }{res}{res}Another Household Member who makes decisions?{p_end}
{p 0 48}{bind:mangagero_1    }{txt}{bind: byte    }{bind:{txt}%6.0f     }{space 1}{bind:         }{bind:  }{res}{res}Second Household Member who makes decisions{p_end}
{p 0 48}{bind:managero_2     }{txt}{bind: byte    }{bind:{txt}%10.0g    }{space 1}{bind:         }{bind:  }{res}{res}Third Household Member who makes decisions{p_end}
{p 0 48}{bind:respond_id     }{txt}{bind: byte    }{bind:{txt}%6.0f     }{space 1}{bind:         }{bind:  }{res}{res}ID of Respondent{p_end}
{p 0 48}{bind:year           }{txt}{bind: int     }{bind:{txt}%9.0g     }{space 1}{bind:         }{bind:  }{res}{res}{p_end}
{txt}{hline}
Sorted by: {res}y3_hhid  gardenid  plotid
     Note: Dataset has changed since last saved.
{txt}
{com}. summarize 

{txt}    Variable {c |}        Obs        Mean    Std. Dev.       Min        Max
{hline 13}{c +}{hline 57}
{space 5}y3_hhid {c |}{res}          0
{txt}{space 4}gardenid {c |}{res}          0
{txt}{space 6}plotid {c |}{res}          0
{txt}{space 4}manager1 {c |}{res}      4,027    1.235411    .6492057          1          9
{txt}{space 4}manager2 {c |}{res}      4,030    1.294045    .4556687          1          2
{txt}{hline 13}{c +}{hline 57}
{space 1}mangagero_1 {c |}{res}      2,774    1.820836    .8517934          1         11
{txt}{space 2}managero_2 {c |}{res}        457    2.514223    1.194062          1         10
{txt}{space 2}respond_id {c |}{res}      4,027    1.442016    .7158712          1          7
{txt}{space 8}year {c |}{res}      4,042        2015           0       2015       2015
{txt}
{com}.         
.         save                    "$fil\decision-making\decision_wet_y3.dta", replace
{txt}file C:\Users\aljosephson\Dropbox\Out for Review\Dissertation\Data - LSMS Malawi\_replication2020\decision-making\decision_wet_y3.dta saved

{com}.         
. * *********************************************************************
. * 4 - append files together 
. * **********************************************************************        
. 
. * append all 
.         use                     "$fil\decision-making\decision_wet_y1.dta", clear 
{txt}
{com}.         append                  using "$fil\decision-making\decision_wet_y2.dta"
{txt}{p 0 7 2}
(note: variable
plotid was 
str2, now str3 to accommodate using data's values)
{p_end}

{com}.         append                  using "$fil\decision-making\decision_wet_y3.dta"
{txt}{p 0 7 2}
(note: variable
plotid was 
str3, now str4 to accommodate using data's values)
{p_end}

{com}.         
. * save new full file    
. 
. compress
{txt}  (0 bytes saved)

{com}. describe

{txt}Contains data from {res}C:\Users\aljosephson\Dropbox\Out for Review\Dissertation\Data - LSMS Malawi\_replication2020\decision-making\decision_wet_y1.dta
{txt}  obs:{res}        29,797                          
{txt} vars:{res}            16                          16 Oct 2020 13:51
                                              (_dta has notes)
{txt}{hline}
              storage   display    value
variable name   type    format     label      variable label
{hline}
{p 0 48}{res}{bind:case_id        }{txt}{bind: double  }{bind:{txt}%10.0g    }{space 1}{bind:         }{bind:  }{res}{res}Unique HH Identifier{p_end}
{p 0 48}{bind:ea_id          }{txt}{bind: str8    }{bind:{txt}%9s       }{space 1}{bind:         }{bind:  }{res}{res}Unique EA Identifier{p_end}
{p 0 48}{bind:plotid         }{txt}{bind: str4    }{bind:{txt}%9s       }{space 1}{bind:         }{bind:  }{res}{res}Plot Id{p_end}
{p 0 48}{bind:manager1       }{txt}{bind: byte    }{bind:{txt}%8.0g     }{space 1}{bind:         }{bind:  }{res}{res}Who in HH makes decisions concerning crops to be planted,input use,timing of cro{p_end}
{p 0 48}{bind:manager2       }{txt}{bind: byte    }{bind:{txt}%8.0g     }{space 1}{bind:         }{bind:  }{res}{res}ENUMERATOR: Record the ID of the respondent.{p_end}
{p 0 48}{bind:owner1         }{txt}{bind: byte    }{bind:{txt}%8.0g     }{space 1}{bind:         }{bind:  }{res}{res}Who in this household owns this [PLOT]?(ID CODE #1){p_end}
{p 0 48}{bind:owner2         }{txt}{bind: byte    }{bind:{txt}%8.0g     }{space 1}{bind:         }{bind:  }{res}{res}Who in this household owns this [PLOT]?(ID CODE #2){p_end}
{p 0 48}{bind:year           }{txt}{bind: int     }{bind:{txt}%9.0g     }{space 1}{bind:         }{bind:  }{res}{res}{p_end}
{p 0 48}{bind:occ            }{txt}{bind: byte    }{bind:{txt}%9.0g     }{space 1}{bind:         }{bind:  }{res}{res}Case Section Roster / Line Occurrence Sequence for O/S Merge{p_end}
{p 0 48}{bind:y2_hhid        }{txt}{bind: str8    }{bind:{txt}%9s       }{space 1}{bind:         }{bind:  }{res}{res}Unique Household Identification IHPS{p_end}
{p 0 48}{bind:interview_sta~s}{txt}{bind: byte    }{bind:{txt}%24.0g    }{space 1}{bind:stat     }{bind:  }{res}{res}Household Interview Status{p_end}
{p 0 48}{bind:mangagero_1    }{txt}{bind: byte    }{bind:{txt}%8.0g     }{space 1}{bind:         }{bind:  }{res}{res}Who are the other decision makers on the [PLOT]? (1ST){p_end}
{p 0 48}{bind:managero_2     }{txt}{bind: byte    }{bind:{txt}%8.0g     }{space 1}{bind:         }{bind:  }{res}{res}Who are the other decision makers on the [PLOT]? (2ND){p_end}
{p 0 48}{bind:y3_hhid        }{txt}{bind: str8    }{bind:{txt}%9s       }{space 1}{bind:         }{bind:  }{res}{res}Unique Household Identification IHS4{p_end}
{p 0 48}{bind:gardenid       }{txt}{bind: str4    }{bind:{txt}%9s       }{space 1}{bind:         }{bind:  }{res}{res}Garden ID{p_end}
{p 0 48}{bind:respond_id     }{txt}{bind: byte    }{bind:{txt}%6.0f     }{space 1}{bind:         }{bind:  }{res}{res}ID of Respondent{p_end}
{txt}{hline}
Sorted by: 
{res}     Note: Dataset has changed since last saved.
{txt}
{com}. summarize 

{txt}    Variable {c |}        Obs        Mean    Std. Dev.       Min        Max
{hline 13}{c +}{hline 57}
{space 5}case_id {c |}{res}     19,265    2.30e+11    7.61e+10   1.01e+11   3.16e+11
{txt}{space 7}ea_id {c |}{res}          0
{txt}{space 6}plotid {c |}{res}          0
{txt}{space 4}manager1 {c |}{res}     29,291    1.100953     .414177          1         13
{txt}{space 4}manager2 {c |}{res}     29,197    1.342193    .5150879          1         12
{txt}{hline 13}{c +}{hline 57}
{space 6}owner1 {c |}{res}     20,085    1.271795    .8566106          1         99
{txt}{space 6}owner2 {c |}{res}      3,809    1.951168    .3851625          1          8
{txt}{space 8}year {c |}{res}     29,797    2010.467    2.165828       2009       2015
{txt}{space 9}occ {c |}{res}      6,490    1.800308    1.009219          1          8
{txt}{space 5}y2_hhid {c |}{res}          0
{txt}{hline 13}{c +}{hline 57}
interview_~s {c |}{res}      6,490    1.615871    .7006332          1          5
{txt}{space 1}mangagero_1 {c |}{res}      6,546    1.884968    .6675246          1         11
{txt}{space 2}managero_2 {c |}{res}        720    2.681944    1.268077          1         10
{txt}{space 5}y3_hhid {c |}{res}          0
{txt}{space 4}gardenid {c |}{res}          0
{txt}{hline 13}{c +}{hline 57}
{space 2}respond_id {c |}{res}      4,027    1.442016    .7158712          1          7
{txt}
{com}. 
.         save                    "$fil\decision-making\decision_wet_all.dta", replace
{txt}file C:\Users\aljosephson\Dropbox\Out for Review\Dissertation\Data - LSMS Malawi\_replication2020\decision-making\decision_wet_all.dta saved

{com}. 
. * *********************************************************************
. * 5 - end matter
. * **********************************************************************
. 
. * close the log
.         log     close   
      {txt}name:  {res}<unnamed>
       {txt}log:  {res}C:\Users\aljosephson\git\dissertation\e1_gender\logs/building_joint_variables.smcl
  {txt}log type:  {res}smcl
 {txt}closed on:  {res}16 Oct 2020, 13:51:34
{txt}{.-}
{smcl}
{txt}{sf}{ul off}